Archive member included to satisfy reference by file (symbol)

C:/ProgramData/MATLAB/SupportPackages/R2024b/3P.instrset/gnuarm-armcortex.instrset/win/bin/../lib/gcc/arm-none-eabi/13.2.1/thumb/v7e-m+fp/hard\libm.a(libm_a-w_fmod.o)
                              xcp_ext_common.o (fmod)
C:/ProgramData/MATLAB/SupportPackages/R2024b/3P.instrset/gnuarm-armcortex.instrset/win/bin/../lib/gcc/arm-none-eabi/13.2.1/thumb/v7e-m+fp/hard\libm.a(libm_a-e_fmod.o)
                              C:/ProgramData/MATLAB/SupportPackages/R2024b/3P.instrset/gnuarm-armcortex.instrset/win/bin/../lib/gcc/arm-none-eabi/13.2.1/thumb/v7e-m+fp/hard\libm.a(libm_a-w_fmod.o) (__ieee754_fmod)
C:/ProgramData/MATLAB/SupportPackages/R2024b/3P.instrset/gnuarm-armcortex.instrset/win/bin/../lib/gcc/arm-none-eabi/13.2.1/thumb/v7e-m+fp/hard\libgcc.a(_arm_muldf3.o)
                              Micro_mouse.o (__aeabi_dmul)
C:/ProgramData/MATLAB/SupportPackages/R2024b/3P.instrset/gnuarm-armcortex.instrset/win/bin/../lib/gcc/arm-none-eabi/13.2.1/thumb/v7e-m+fp/hard\libgcc.a(_arm_addsubdf3.o)
                              xcp_ext_common.o (__aeabi_dsub)
C:/ProgramData/MATLAB/SupportPackages/R2024b/3P.instrset/gnuarm-armcortex.instrset/win/bin/../lib/gcc/arm-none-eabi/13.2.1/thumb/v7e-m+fp/hard\libgcc.a(_arm_muldivdf3.o)
                              xcp_ext_common.o (__aeabi_ddiv)
C:/ProgramData/MATLAB/SupportPackages/R2024b/3P.instrset/gnuarm-armcortex.instrset/win/bin/../lib/gcc/arm-none-eabi/13.2.1/thumb/v7e-m+fp/hard\libgcc.a(_arm_cmpdf2.o)
                              xcp_ext_mode.o (__aeabi_dcmpeq)
C:/ProgramData/MATLAB/SupportPackages/R2024b/3P.instrset/gnuarm-armcortex.instrset/win/bin/../lib/gcc/arm-none-eabi/13.2.1/thumb/v7e-m+fp/hard\libgcc.a(_arm_unorddf2.o)
                              C:/ProgramData/MATLAB/SupportPackages/R2024b/3P.instrset/gnuarm-armcortex.instrset/win/bin/../lib/gcc/arm-none-eabi/13.2.1/thumb/v7e-m+fp/hard\libm.a(libm_a-w_fmod.o) (__aeabi_dcmpun)
C:/ProgramData/MATLAB/SupportPackages/R2024b/3P.instrset/gnuarm-armcortex.instrset/win/bin/../lib/gcc/arm-none-eabi/13.2.1/thumb/v7e-m+fp/hard\libgcc.a(_arm_fixunsdfsi.o)
                              xcp_ext_common.o (__aeabi_d2uiz)
C:/ProgramData/MATLAB/SupportPackages/R2024b/3P.instrset/gnuarm-armcortex.instrset/win/bin/../lib/gcc/arm-none-eabi/13.2.1/thumb/v7e-m+fp/hard\libg_nano.a(libc_a-exit.o)
                              C:/ProgramData/MATLAB/SupportPackages/R2024b/3P.instrset/gnuarm-armcortex.instrset/win/bin/../lib/gcc/arm-none-eabi/13.2.1/thumb/v7e-m+fp/hard/crt0.o (exit)
C:/ProgramData/MATLAB/SupportPackages/R2024b/3P.instrset/gnuarm-armcortex.instrset/win/bin/../lib/gcc/arm-none-eabi/13.2.1/thumb/v7e-m+fp/hard\libg_nano.a(libc_a-findfp.o)
                              C:/ProgramData/MATLAB/SupportPackages/R2024b/3P.instrset/gnuarm-armcortex.instrset/win/bin/../lib/gcc/arm-none-eabi/13.2.1/thumb/v7e-m+fp/hard\libg_nano.a(libc_a-exit.o) (__stdio_exit_handler)
C:/ProgramData/MATLAB/SupportPackages/R2024b/3P.instrset/gnuarm-armcortex.instrset/win/bin/../lib/gcc/arm-none-eabi/13.2.1/thumb/v7e-m+fp/hard\libg_nano.a(libc_a-fwalk.o)
                              C:/ProgramData/MATLAB/SupportPackages/R2024b/3P.instrset/gnuarm-armcortex.instrset/win/bin/../lib/gcc/arm-none-eabi/13.2.1/thumb/v7e-m+fp/hard\libg_nano.a(libc_a-findfp.o) (_fwalk_sglue)
C:/ProgramData/MATLAB/SupportPackages/R2024b/3P.instrset/gnuarm-armcortex.instrset/win/bin/../lib/gcc/arm-none-eabi/13.2.1/thumb/v7e-m+fp/hard\libg_nano.a(libc_a-stdio.o)
                              C:/ProgramData/MATLAB/SupportPackages/R2024b/3P.instrset/gnuarm-armcortex.instrset/win/bin/../lib/gcc/arm-none-eabi/13.2.1/thumb/v7e-m+fp/hard\libg_nano.a(libc_a-findfp.o) (__sread)
C:/ProgramData/MATLAB/SupportPackages/R2024b/3P.instrset/gnuarm-armcortex.instrset/win/bin/../lib/gcc/arm-none-eabi/13.2.1/thumb/v7e-m+fp/hard\libg_nano.a(libc_a-memset.o)
                              C:/ProgramData/MATLAB/SupportPackages/R2024b/3P.instrset/gnuarm-armcortex.instrset/win/bin/../lib/gcc/arm-none-eabi/13.2.1/thumb/v7e-m+fp/hard/crt0.o (memset)
C:/ProgramData/MATLAB/SupportPackages/R2024b/3P.instrset/gnuarm-armcortex.instrset/win/bin/../lib/gcc/arm-none-eabi/13.2.1/thumb/v7e-m+fp/hard\libg_nano.a(libc_a-closer.o)
                              C:/ProgramData/MATLAB/SupportPackages/R2024b/3P.instrset/gnuarm-armcortex.instrset/win/bin/../lib/gcc/arm-none-eabi/13.2.1/thumb/v7e-m+fp/hard\libg_nano.a(libc_a-stdio.o) (_close_r)
C:/ProgramData/MATLAB/SupportPackages/R2024b/3P.instrset/gnuarm-armcortex.instrset/win/bin/../lib/gcc/arm-none-eabi/13.2.1/thumb/v7e-m+fp/hard\libg_nano.a(libc_a-reent.o)
                              C:/ProgramData/MATLAB/SupportPackages/R2024b/3P.instrset/gnuarm-armcortex.instrset/win/bin/../lib/gcc/arm-none-eabi/13.2.1/thumb/v7e-m+fp/hard\libg_nano.a(libc_a-closer.o) (errno)
[...]
Memory Configuration

Name             Origin             Length             Attributes
RAM              0x20000000         0x0000c000         xrw
RAM2             0x10000000         0x00004000         xrw
FLASH            0x08000000         0x00040000         xr
*default*        0x00000000         0xffffffff

Linker script and memory map

LOAD C:/ProgramData/MATLAB/SupportPackages/R2024b/3P.instrset/gnuarm-armcortex.instrset/win/bin/../lib/gcc/arm-none-eabi/13.2.1/thumb/v7e-m+fp/hard/crti.o
LOAD C:/ProgramData/MATLAB/SupportPackages/R2024b/3P.instrset/gnuarm-armcortex.instrset/win/bin/../lib/gcc/arm-none-eabi/13.2.1/thumb/v7e-m+fp/hard/crtbegin.o
LOAD C:/ProgramData/MATLAB/SupportPackages/R2024b/3P.instrset/gnuarm-armcortex.instrset/win/bin/../lib/gcc/arm-none-eabi/13.2.1/thumb/v7e-m+fp/hard/crt0.o
LOAD stm_adc_ll.o
LOAD stm_timer_ll.o
LOAD xcp_ext_mode.o
LOAD Micro_mouse.o
LOAD Micro_mouse_data.o
LOAD ert_main.o
LOAD xcp_ext_common.o
LOAD xcp_ext_classic_trigger.o
LOAD xcp.o
LOAD xcp_standard.o
LOAD xcp_daq.o
LOAD xcp_calibration.o
LOAD xcp_fifo.o
LOAD xcp_transport.o
LOAD xcp_mem_default.o
LOAD xcp_drv_rtiostream.o
LOAD xcp_utils.o
LOAD xcp_frame_serial.o
LOAD xcp_ext_param_default_serial.o
LOAD overrideHALDelay.o
LOAD platform_timer.o
LOAD SysTickScheduler.o
LOAD m3m4m4f_multitasking.o
LOAD rtiostream_serial.o
LOAD stm_usart.o
LOAD stm_lpuart.o
LOAD sys_arch.o
LOAD main.o
LOAD stm32l4xx_it.o
LOAD stm32l4xx_hal_msp.o
LOAD stm32l4xx_hal_timebase_tim.o
LOAD stm32l4xx_ll_utils.o
LOAD stm32l4xx_ll_exti.o
LOAD stm32l4xx_hal_tim.o
LOAD stm32l4xx_hal_tim_ex.o
LOAD stm32l4xx_ll_gpio.o
LOAD stm32l4xx_ll_adc.o
LOAD stm32l4xx_ll_dma.o
LOAD stm32l4xx_hal.o
LOAD stm32l4xx_hal_rcc.o
LOAD stm32l4xx_hal_rcc_ex.o
LOAD stm32l4xx_hal_flash.o
LOAD stm32l4xx_hal_flash_ex.o
LOAD stm32l4xx_hal_flash_ramfunc.o
LOAD stm32l4xx_hal_gpio.o
LOAD stm32l4xx_hal_i2c.o
LOAD stm32l4xx_hal_i2c_ex.o
LOAD stm32l4xx_hal_dma.o
LOAD stm32l4xx_hal_dma_ex.o
LOAD stm32l4xx_hal_pwr.o
LOAD stm32l4xx_hal_pwr_ex.o
LOAD stm32l4xx_hal_cortex.o
LOAD stm32l4xx_hal_exti.o
LOAD stm32l4xx_ll_i2c.o
LOAD stm32l4xx_ll_tim.o
LOAD stm32l4xx_ll_usart.o
LOAD stm32l4xx_ll_rcc.o
LOAD system_stm32l4xx.o
LOAD syscalls.o
LOAD sysmem.o
LOAD startup_stm32l432kcux.o
LOAD C:/ProgramData/MATLAB/SupportPackages/R2024b/3P.instrset/cmsis_dsp.instrset/Lib/GCC/arm_cortexm4ldfsp_math/libCMSISDSP.a
LOAD C:/ProgramData/MATLAB/SupportPackages/R2024b/3P.instrset/gnuarm-armcortex.instrset/win/bin/../lib/gcc/arm-none-eabi/13.2.1/thumb/v7e-m+fp/hard\libstdc++_nano.a
LOAD C:/ProgramData/MATLAB/SupportPackages/R2024b/3P.instrset/gnuarm-armcortex.instrset/win/bin/../lib/gcc/arm-none-eabi/13.2.1/thumb/v7e-m+fp/hard\libm.a
START GROUP
LOAD C:/ProgramData/MATLAB/SupportPackages/R2024b/3P.instrset/gnuarm-armcortex.instrset/win/bin/../lib/gcc/arm-none-eabi/13.2.1/thumb/v7e-m+fp/hard\libgcc.a
LOAD C:/ProgramData/MATLAB/SupportPackages/R2024b/3P.instrset/gnuarm-armcortex.instrset/win/bin/../lib/gcc/arm-none-eabi/13.2.1/thumb/v7e-m+fp/hard\libg_nano.a
LOAD C:/ProgramData/MATLAB/SupportPackages/R2024b/3P.instrset/gnuarm-armcortex.instrset/win/bin/../lib/gcc/arm-none-eabi/13.2.1/thumb/v7e-m+fp/hard\libc_nano.a
END GROUP
START GROUP
LOAD C:/ProgramData/MATLAB/SupportPackages/R2024b/3P.instrset/gnuarm-armcortex.instrset/win/bin/../lib/gcc/arm-none-eabi/13.2.1/thumb/v7e-m+fp/hard\libgcc.a
LOAD C:/ProgramData/MATLAB/SupportPackages/R2024b/3P.instrset/gnuarm-armcortex.instrset/win/bin/../lib/gcc/arm-none-eabi/13.2.1/thumb/v7e-m+fp/hard\libc_nano.a
LOAD C:/ProgramData/MATLAB/SupportPackages/R2024b/3P.instrset/gnuarm-armcortex.instrset/win/bin/../lib/gcc/arm-none-eabi/13.2.1/thumb/v7e-m+fp/hard\libnosys.a
END GROUP
START GROUP
LOAD C:/ProgramData/MATLAB/SupportPackages/R2024b/3P.instrset/gnuarm-armcortex.instrset/win/bin/../lib/gcc/arm-none-eabi/13.2.1/thumb/v7e-m+fp/hard\libgcc.a
LOAD C:/ProgramData/MATLAB/SupportPackages/R2024b/3P.instrset/gnuarm-armcortex.instrset/win/bin/../lib/gcc/arm-none-eabi/13.2.1/thumb/v7e-m+fp/hard\libc_nano.a
LOAD C:/ProgramData/MATLAB/SupportPackages/R2024b/3P.instrset/gnuarm-armcortex.instrset/win/bin/../lib/gcc/arm-none-eabi/13.2.1/thumb/v7e-m+fp/hard\libnosys.a
END GROUP
LOAD C:/ProgramData/MATLAB/SupportPackages/R2024b/3P.instrset/gnuarm-armcortex.instrset/win/bin/../lib/gcc/arm-none-eabi/13.2.1/thumb/v7e-m+fp/hard/crtend.o
LOAD C:/ProgramData/MATLAB/SupportPackages/R2024b/3P.instrset/gnuarm-armcortex.instrset/win/bin/../lib/gcc/arm-none-eabi/13.2.1/thumb/v7e-m+fp/hard/crtn.o
                0x2000c000                        _estack = (ORIGIN (RAM) + LENGTH (RAM))
                0x00000200                        _Min_Heap_Size = 0x200
                0x00000400                        _Min_Stack_Size = 0x400

.isr_vector     0x08000000      0x18c
                0x08000000                        . = ALIGN (0x4)
 *(.isr_vector)
 .isr_vector    0x08000000      0x18c startup_stm32l432kcux.o
                0x08000000                g_pfnVectors
                0x0800018c                        . = ALIGN (0x4)

.text           0x08000190     0xe2e4
                0x08000190                        . = ALIGN (0x4)
 *(.text)
 .text          0x08000190      0x378 C:/ProgramData/MATLAB/SupportPackages/R2024b/3P.instrset/gnuarm-armcortex.instrset/win/bin/../lib/gcc/arm-none-eabi/13.2.1/thumb/v7e-m+fp/hard\libgcc.a(_arm_addsubdf3.o)
                0x08000190                __aeabi_drsub
                0x08000198                __aeabi_dsub
                0x08000198                __subdf3
                0x0800019c                __aeabi_dadd
                0x0800019c                __adddf3
                0x08000414                __floatunsidf
                0x08000414                __aeabi_ui2d
                0x08000434                __floatsidf
                0x08000434                __aeabi_i2d
                0x08000458                __aeabi_f2d
                0x08000458                __extendsfdf2
                0x0800049c                __floatundidf
                0x0800049c                __aeabi_ul2d
                0x080004ac                __floatdidf
                0x080004ac                __aeabi_l2d
 .text          0x08000508      0x424 C:/ProgramData/MATLAB/SupportPackages/R2024b/3P.instrset/gnuarm-armcortex.instrset/win/bin/../lib/gcc/arm-none-eabi/13.2.1/thumb/v7e-m+fp/hard\libgcc.a(_arm_muldivdf3.o)
                0x08000508                __aeabi_dmul
                0x08000508                __muldf3
                0x0800075c                __divdf3
                0x0800075c                __aeabi_ddiv
 .text          0x0800092c      0x110 C:/ProgramData/MATLAB/SupportPackages/R2024b/3P.instrset/gnuarm-armcortex.instrset/win/bin/../lib/gcc/arm-none-eabi/13.2.1/thumb/v7e-m+fp/hard\libgcc.a(_arm_cmpdf2.o)
                0x0800092c                __gtdf2
                0x0800092c                __gedf2
                0x08000934                __ltdf2
                0x08000934                __ledf2
                0x0800093c                __nedf2
                0x0800093c                __eqdf2
                0x0800093c                __cmpdf2
                0x080009b8                __aeabi_cdrcmple
                0x080009c8                __aeabi_cdcmpeq
                0x080009c8                __aeabi_cdcmple
                0x080009d8                __aeabi_dcmpeq
                0x080009ec                __aeabi_dcmplt
                0x08000a00                __aeabi_dcmple
                0x08000a14                __aeabi_dcmpge
                0x08000a28                __aeabi_dcmpgt
 .text          0x08000a3c       0x2c C:/ProgramData/MATLAB/SupportPackages/R2024b/3P.instrset/gnuarm-armcortex.instrset/win/bin/../lib/gcc/arm-none-eabi/13.2.1/thumb/v7e-m+fp/hard\libgcc.a(_arm_unorddf2.o)
                0x08000a3c                __unorddf2
                0x08000a3c                __aeabi_dcmpun
 .text          0x08000a68       0x40 C:/ProgramData/MATLAB/SupportPackages/R2024b/3P.instrset/gnuarm-armcortex.instrset/win/bin/../lib/gcc/arm-none-eabi/13.2.1/thumb/v7e-m+fp/hard\libgcc.a(_arm_fixunsdfsi.o)
                0x08000a68                __aeabi_d2uiz
                0x08000a68                __fixunsdfsi
 *(.text*)
 .text.deregister_tm_clones
                0x08000aa8       0x1c C:/ProgramData/MATLAB/SupportPackages/R2024b/3P.instrset/gnuarm-armcortex.instrset/win/bin/../lib/gcc/arm-none-eabi/13.2.1/thumb/v7e-m+fp/hard/crtbegin.o
 .text.register_tm_clones
                0x08000ac4       0x24 C:/ProgramData/MATLAB/SupportPackages/R2024b/3P.instrset/gnuarm-armcortex.instrset/win/bin/../lib/gcc/arm-none-eabi/13.2.1/thumb/v7e-m+fp/hard/crtbegin.o
 .text.__do_global_dtors_aux
                0x08000ae8       0x28 C:/ProgramData/MATLAB/SupportPackages/R2024b/3P.instrset/gnuarm-armcortex.instrset/win/bin/../lib/gcc/arm-none-eabi/13.2.1/thumb/v7e-m+fp/hard/crtbegin.o
 .text.frame_dummy
                0x08000b10       0x24 C:/ProgramData/MATLAB/SupportPackages/R2024b/3P.instrset/gnuarm-armcortex.instrset/win/bin/../lib/gcc/arm-none-eabi/13.2.1/thumb/v7e-m+fp/hard/crtbegin.o
 .text.LL_ADC_DMA_GetRegAddr
                0x08000b34       0x1a stm_adc_ll.o
 .text.LL_ADC_REG_IsTriggerSourceSWStart
                0x08000b4e       0x26 stm_adc_ll.o
 .text.LL_ADC_REG_SetSequencerLength
                0x08000b74       0x26 stm_adc_ll.o
 .text.LL_ADC_REG_SetDMATransfer
                0x08000b9a       0x26 stm_adc_ll.o
 .text.LL_ADC_INJ_IsTriggerSourceSWStart
                0x08000bc0       0x26 stm_adc_ll.o
 .text.LL_ADC_Enable
                0x08000be6       0x28 stm_adc_ll.o
 .text.LL_ADC_Disable
                0x08000c0e       0x28 stm_adc_ll.o
 .text.LL_ADC_IsEnabled
                0x08000c36       0x26 stm_adc_ll.o
 .text.LL_ADC_REG_StartConversion
                0x08000c5c       0x28 stm_adc_ll.o
 .text.LL_ADC_INJ_StartConversion
                0x08000c84       0x28 stm_adc_ll.o
 .text.LL_ADC_IsActiveFlag_EOS
                0x08000cac       0x26 stm_adc_ll.o
 .text.LL_ADC_IsActiveFlag_OVR
                0x08000cd2       0x26 stm_adc_ll.o
 .text.LL_ADC_ClearFlag_OVR
                0x08000cf8       0x1a stm_adc_ll.o
 .text.LL_ADC_EnableIT_EOS
                0x08000d12       0x20 stm_adc_ll.o
 .text.LL_ADC_EnableIT_JEOS
                0x08000d32       0x20 stm_adc_ll.o
 .text.LL_ADC_DisableIT_EOS
                0x08000d52       0x20 stm_adc_ll.o
 .text.LL_ADC_DisableIT_OVR
                0x08000d72       0x20 stm_adc_ll.o
 .text.LL_ADC_DisableIT_JEOS
                0x08000d92       0x20 stm_adc_ll.o
 .text.LL_ADC_DisableIT_AWD1
                0x08000db2       0x20 stm_adc_ll.o
 .text.LL_ADC_IsEnabledIT_OVR
                0x08000dd2       0x26 stm_adc_ll.o
 .text.LL_ADC_IsEnabledIT_AWD1
                0x08000df8       0x26 stm_adc_ll.o
 *fill*         0x08000e1e        0x2 
 .text.LL_DMA_EnableChannel
                0x08000e20       0x44 stm_adc_ll.o
 .text.LL_DMA_DisableChannel
                0x08000e64       0x44 stm_adc_ll.o
 .text.LL_DMA_GetMode
                0x08000ea8       0x34 stm_adc_ll.o
 .text.LL_DMA_SetDataLength
                0x08000edc       0x4c stm_adc_ll.o
 .text.LL_DMA_ConfigAddresses
                0x08000f28       0x7c stm_adc_ll.o
 .text.LL_DMA_SetPeriphAddress
                0x08000fa4       0x34 stm_adc_ll.o
 .text.LL_DMA_IsActiveFlag_TC1
                0x08000fd8       0x26 stm_adc_ll.o
 .text.LL_DMA_ClearFlag_TC1
                0x08000ffe       0x1a stm_adc_ll.o
 .text.LL_DMA_EnableIT_TC
                0x08001018       0x44 stm_adc_ll.o
 .text.LL_DMA_EnableIT_TE
                0x0800105c       0x44 stm_adc_ll.o
 .text.LL_DMA_DisableIT_TC
                0x080010a0       0x44 stm_adc_ll.o
 .text.LL_DMA_DisableIT_HT
                0x080010e4       0x44 stm_adc_ll.o
 .text.LL_DMA_DisableIT_TE
                0x08001128       0x44 stm_adc_ll.o
 .text.LL_DMA_IsEnabledIT_TC
                0x0800116c       0x3c stm_adc_ll.o
 .text.regularADCTrigger
                0x080011a8       0x86 stm_adc_ll.o
 .text.configure_ADCs_DMA
                0x0800122e       0x64 stm_adc_ll.o
 .text.deconfigure_ADCs_DMA
                0x08001292       0x3e stm_adc_ll.o
 .text.copyADCChannelsFromDMABuffer
                0x080012d0       0x54 stm_adc_ll.o
 .text.ADC_IsEnabledDMAITTransferComplete
                0x08001324       0xa2 stm_adc_ll.o
                0x08001324                ADC_IsEnabledDMAITTransferComplete
 *fill*         0x080013c6        0x2 
 .text.DMA1_Channel1_IRQHandler
                0x080013c8       0x20 stm_adc_ll.o
                0x080013c8                DMA1_Channel1_IRQHandler
 .text.ADC_IsActiveFlagOVR
                0x080013e8       0x42 stm_adc_ll.o
                0x080013e8                ADC_IsActiveFlagOVR
 .text.startADCConversionForExternalTrigger
                0x0800142a       0x50 stm_adc_ll.o
                0x0800142a                startADCConversionForExternalTrigger
 *fill*         0x0800147a        0x2 
 .text.ADC_Handle_Init
                0x0800147c      0x11c stm_adc_ll.o
                0x0800147c                ADC_Handle_Init
 .text.enableADC
                0x08001598       0x2a stm_adc_ll.o
                0x08001598                enableADC
 .text.regularReadADCDMA
                0x080015c2       0xb2 stm_adc_ll.o
                0x080015c2                regularReadADCDMA
 .text.ADC_Handle_Deinit
                0x08001674       0xfa stm_adc_ll.o
                0x08001674                ADC_Handle_Deinit
 .text.LL_TIM_GetCounterMode
                0x0800176e       0x30 stm_timer_ll.o
 .text.LL_TIM_GetRepetitionCounter
                0x0800179e       0x18 stm_timer_ll.o
 .text.LL_TIM_CC_EnableChannel
                0x080017b6       0x22 stm_timer_ll.o
 .text.LL_TIM_CC_DisableChannel
                0x080017d8       0x24 stm_timer_ll.o
 .text.LL_TIM_EnableAllOutputs
                0x080017fc       0x20 stm_timer_ll.o
 .text.LL_TIM_EnableIT_UPDATE
                0x0800181c       0x20 stm_timer_ll.o
 .text.LL_TIM_DisableIT_UPDATE
                0x0800183c       0x20 stm_timer_ll.o
 .text.LL_TIM_IsEnabledIT_UPDATE
                0x0800185c       0x26 stm_timer_ll.o
 .text.LL_TIM_EnableIT_CC1
                0x08001882       0x20 stm_timer_ll.o
 .text.LL_TIM_DisableIT_CC1
                0x080018a2       0x20 stm_timer_ll.o
 .text.LL_TIM_IsEnabledIT_CC1
                0x080018c2       0x26 stm_timer_ll.o
 .text.LL_TIM_EnableIT_CC2
                0x080018e8       0x20 stm_timer_ll.o
 .text.LL_TIM_DisableIT_CC2
                0x08001908       0x20 stm_timer_ll.o
 .text.LL_TIM_IsEnabledIT_CC2
                0x08001928       0x26 stm_timer_ll.o
 .text.LL_TIM_EnableIT_CC3
                0x0800194e       0x20 stm_timer_ll.o
 .text.LL_TIM_DisableIT_CC3
                0x0800196e       0x20 stm_timer_ll.o
 .text.LL_TIM_IsEnabledIT_CC3
                0x0800198e       0x26 stm_timer_ll.o
 .text.LL_TIM_EnableIT_CC4
                0x080019b4       0x20 stm_timer_ll.o
 .text.LL_TIM_DisableIT_CC4
                0x080019d4       0x20 stm_timer_ll.o
 .text.LL_TIM_IsEnabledIT_CC4
                0x080019f4       0x26 stm_timer_ll.o
 .text.LL_TIM_EnableIT_COM
                0x08001a1a       0x20 stm_timer_ll.o
 .text.LL_TIM_DisableIT_COM
                0x08001a3a       0x20 stm_timer_ll.o
 .text.LL_TIM_IsEnabledIT_COM
                0x08001a5a       0x26 stm_timer_ll.o
 .text.LL_TIM_EnableIT_TRIG
                0x08001a80       0x20 stm_timer_ll.o
 .text.LL_TIM_DisableIT_TRIG
                0x08001aa0       0x20 stm_timer_ll.o
 .text.LL_TIM_IsEnabledIT_TRIG
                0x08001ac0       0x26 stm_timer_ll.o
 .text.LL_TIM_EnableIT_BRK
                0x08001ae6       0x20 stm_timer_ll.o
 .text.LL_TIM_DisableIT_BRK
                0x08001b06       0x20 stm_timer_ll.o
 .text.LL_TIM_IsEnabledIT_BRK
                0x08001b26       0x26 stm_timer_ll.o
 .text.enableTimerInterrupts
                0x08001b4c      0x134 stm_timer_ll.o
                0x08001b4c                enableTimerInterrupts
 .text.disableTimerInterrupts
                0x08001c80      0x134 stm_timer_ll.o
                0x08001c80                disableTimerInterrupts
 .text.enableTimerChannel1
                0x08001db4       0x84 stm_timer_ll.o
                0x08001db4                enableTimerChannel1
 .text.disableTimerChannel1
                0x08001e38       0x84 stm_timer_ll.o
                0x08001e38                disableTimerChannel1
 .text.Timer_Handle_Init
                0x08001ebc       0xd0 stm_timer_ll.o
                0x08001ebc                Timer_Handle_Init
 .text.extmodeParseArgs
                0x08001f8c       0x1e xcp_ext_mode.o
                0x08001f8c                extmodeParseArgs
 *fill*         0x08001faa        0x2 
 .text.extmodeInit
                0x08001fac      0x128 xcp_ext_mode.o
                0x08001fac                extmodeInit
 .text.extmodeWaitForHostRequest
                0x080020d4       0xcc xcp_ext_mode.o
                0x080020d4                extmodeWaitForHostRequest
 .text.extmodeEvent
                0x080021a0       0xfc xcp_ext_mode.o
                0x080021a0                extmodeEvent
 .text.extmodeBackgroundRun
                0x0800229c       0x20 xcp_ext_mode.o
                0x0800229c                extmodeBackgroundRun
 .text.extmodeReset
                0x080022bc       0x40 xcp_ext_mode.o
                0x080022bc                extmodeReset
 .text.extmodeStopRequested
                0x080022fc       0x18 xcp_ext_mode.o
                0x080022fc                extmodeStopRequested
 .text.extmodeSimulationComplete
                0x08002314       0x18 xcp_ext_mode.o
                0x08002314                extmodeSimulationComplete
 .text.LL_TIM_EnableCounter
                0x0800232c       0x20 Micro_mouse.o
 .text.LL_TIM_DisableCounter
                0x0800234c       0x20 Micro_mouse.o
 .text.LL_TIM_SetUpdateSource
                0x0800236c       0x26 Micro_mouse.o
 .text.LL_TIM_GetUpdateSource
                0x08002392       0x1c Micro_mouse.o
 .text.LL_TIM_GetAutoReload
                0x080023ae       0x18 Micro_mouse.o
 .text.LL_TIM_SetRepetitionCounter
                0x080023c6       0x1c Micro_mouse.o
 .text.LL_TIM_OC_SetCompareCH1
                0x080023e2       0x1c Micro_mouse.o
 .text.LL_TIM_OC_GetCompareCH1
                0x080023fe       0x18 Micro_mouse.o
 .text.LL_TIM_GenerateEvent_UPDATE
                0x08002416       0x20 Micro_mouse.o
 .text.LL_GPIO_SetOutputPin
                0x08002436       0x1c Micro_mouse.o
 .text.LL_GPIO_ResetOutputPin
                0x08002452       0x1c Micro_mouse.o
 *fill*         0x0800246e        0x2 
 .text.convertDutyCyclePercentageToCounts
                0x08002470       0x88 Micro_mouse.o
 .text.setDutyCycleChannel1
                0x080024f8       0x30 Micro_mouse.o
 .text.setDutyCycleInPercentageChannel1
                0x08002528       0x28 Micro_mouse.o
 .text.isSlaveTriggerModeEnabled
                0x08002550       0x30 Micro_mouse.o
 .text.enableCounter
                0x08002580       0xd0 Micro_mouse.o
 .text.disableCounter
                0x08002650       0x1a Micro_mouse.o
 *fill*         0x0800266a        0x2 
 .text.Micro_mouse_SystemCore_setup
                0x0800266c       0x84 Micro_mouse.o
 .text.Micro_mou_PWMOutput_setupImpl_c
                0x080026f0       0x6c Micro_mouse.o
 .text.Micro_mouse_PWMOutput_setupImpl
                0x0800275c       0x6c Micro_mouse.o
 .text.Micro_mouse_step
                0x080027c8       0xb8 Micro_mouse.o
                0x080027c8                Micro_mouse_step
 .text.Micro_mouse_initialize
                0x08002880      0x118 Micro_mouse.o
                0x08002880                Micro_mouse_initialize
 .text.Micro_mouse_terminate
                0x08002998       0xc4 Micro_mouse.o
                0x08002998                Micro_mouse_terminate
 .text.rt_OneStep
                0x08002a5c       0x78 ert_main.o
                0x08002a5c                rt_OneStep
 .text.main     0x08002ad4      0x194 ert_main.o
                0x08002ad4                main
 .text.xcp_void_printf
                0x08002c68       0x12 xcp_ext_common.o
                0x08002c68                xcp_void_printf
 .text.xcpCopyTimeValue
                0x08002c7a       0x26 xcp_ext_common.o
 .text.xcpExtModeUpdateTime
                0x08002ca0      0x13c xcp_ext_common.o
                0x08002ca0                xcpExtModeUpdateTime
 .text.xcpExtModeInit
                0x08002ddc       0xb0 xcp_ext_common.o
                0x08002ddc                xcpExtModeInit
 .text.xcpExtModeRunBackground
                0x08002e8c      0x13c xcp_ext_common.o
                0x08002e8c                xcpExtModeRunBackground
 .text.xcpExtModeReset
                0x08002fc8      0x128 xcp_ext_common.o
                0x08002fc8                xcpExtModeReset
 .text.sampleSignalTrigger
                0x080030f0      0x1b4 xcp_ext_classic_trigger.o
 .text.updateTriggerStatus
                0x080032a4      0x2b8 xcp_ext_classic_trigger.o
 .text.xcpExtModeClassicTriggerInit
                0x0800355c       0x68 xcp_ext_classic_trigger.o
                0x0800355c                xcpExtModeClassicTriggerInit
 .text.xcpExtModeClassicTriggerEnabled
                0x080035c4      0x100 xcp_ext_classic_trigger.o
                0x080035c4                xcpExtModeClassicTriggerEnabled
 .text.xcpExtModeClassicTriggerReset
                0x080036c4       0xf4 xcp_ext_classic_trigger.o
                0x080036c4                xcpExtModeClassicTriggerReset
 .text.xcpExtModeClassicTriggerForceEnableStatusUpdate
                0x080037b8       0x78 xcp_ext_classic_trigger.o
                0x080037b8                xcpExtModeClassicTriggerForceEnableStatusUpdate
 .text.msgBufferRealloc
                0x08003830       0x72 xcp.o
 *fill*         0x080038a2        0x2 
 .text.discardInputPacketHandler
                0x080038a4       0x3c xcp.o
 .text.unknownInputPacketHandler
                0x080038e0       0x34 xcp.o
 .text.xcpGetPacketGroupID
                0x08003914       0x74 xcp.o
 .text.xcpGetPacketHandlers
                0x08003988      0x124 xcp.o
 .text.xcpStatusSet
                0x08003aac       0x20 xcp.o
                0x08003aac                xcpStatusSet
 .text.xcpSessionStatusGet
                0x08003acc       0x18 xcp.o
                0x08003acc                xcpSessionStatusGet
 .text.xcpSessionStatusSetMask
                0x08003ae4       0x28 xcp.o
                0x08003ae4                xcpSessionStatusSetMask
 .text.xcpSessionStatusClearMask
                0x08003b0c       0x34 xcp.o
                0x08003b0c                xcpSessionStatusClearMask
 .text.xcpResourceProtectionStatusGet
                0x08003b40       0x18 xcp.o
                0x08003b40                xcpResourceProtectionStatusGet
 .text.xcpSessionConfigurationIdGet
                0x08003b58       0x18 xcp.o
                0x08003b58                xcpSessionConfigurationIdGet
 .text.genericOutputPacketHandler
                0x08003b70      0x11c xcp.o
                0x08003b70                genericOutputPacketHandler
 .text.xcpFindPacket
                0x08003c8c       0x6e xcp.o
                0x08003c8c                xcpFindPacket
 *fill*         0x08003cfa        0x2 
 .text.xcpInit  0x08003cfc       0x64 xcp.o
                0x08003cfc                xcpInit
 .text.xcpRun   0x08003d60      0x194 xcp.o
                0x08003d60                xcpRun
 .text.xcpEvent
                0x08003ef4       0x50 xcp.o
                0x08003ef4                xcpEvent
 .text.xcpGetStatus
                0x08003f44       0x18 xcp.o
                0x08003f44                xcpGetStatus
 .text.xcpReset
                0x08003f5c       0x40 xcp.o
                0x08003f5c                xcpReset
 .text.xcpPackedModeEventsFlush
                0x08003f9c       0x1e xcp.o
                0x08003f9c                xcpPackedModeEventsFlush
 .text.xcpPackedModeEventReset
                0x08003fba       0x2a xcp.o
                0x08003fba                xcpPackedModeEventReset
 .text.isValidUploadSize
                0x08003fe4       0x30 xcp_standard.o
 .text.xcpMemcpyFromMTA
                0x08004014       0x38 xcp_standard.o
 .text.connectInputPacketHandler
                0x0800404c       0xa4 xcp_standard.o
 .text.connectOutputPacketHandler
                0x080040f0       0xd4 xcp_standard.o
 .text.disconnectInputPacketHandler
                0x080041c4       0x54 xcp_standard.o
 .text.getStatusInputPacketHandler
                0x08004218       0x28 xcp_standard.o
 .text.getStatusOutputPacketHandler
                0x08004240       0x80 xcp_standard.o
 .text.synchInputPacketHandler
                0x080042c0       0x44 xcp_standard.o
 .text.setMTAInputPacketHandler
                0x08004304       0x78 xcp_standard.o
 .text.uploadInputPacketHandler
                0x0800437c       0x98 xcp_standard.o
 .text.uploadOutputPacketHandler
                0x08004414       0x9c xcp_standard.o
 .text.shortUploadInputPacketHandler
                0x080044b0       0xa4 xcp_standard.o
 .text.shortUploadOutputPacketHandler
                0x08004554       0x9c xcp_standard.o
 .text.getPacket
                0x080045f0       0x24 xcp_standard.o
 .text.xcpStandardInit
                0x08004614       0x18 xcp_standard.o
                0x08004614                xcpStandardInit
 .text.xcpStandardGetPacketLookup
                0x0800462c       0x18 xcp_standard.o
                0x0800462c                xcpStandardGetPacketLookup
 .text.xcpStandardSetPacketLookup
                0x08004644       0x20 xcp_standard.o
                0x08004644                xcpStandardSetPacketLookup
 .text.xcpStandardReset
                0x08004664       0x12 xcp_standard.o
                0x08004664                xcpStandardReset
 *fill*         0x08004676        0x2 
 .text.xcpStandardGetAddressFromMta
                0x08004678       0x18 xcp_standard.o
                0x08004678                xcpStandardGetAddressFromMta
 .text.xcpStandardSetMta
                0x08004690       0x3c xcp_standard.o
                0x08004690                xcpStandardSetMta
 .text.xcpStandardIncrementMta
                0x080046cc       0x28 xcp_standard.o
                0x080046cc                xcpStandardIncrementMta
 .text.xcpStandardExtendedInit
                0x080046f4        0xe xcp_standard.o
                0x080046f4                xcpStandardExtendedInit
 .text.xcpStandardExtendedReset
                0x08004702        0xe xcp_standard.o
                0x08004702                xcpStandardExtendedReset
 .text.xcpDaqWriteLock
                0x08004710       0x4c xcp_daq.o
 .text.xcpDaqWriteUnlock
                0x0800475c       0x20 xcp_daq.o
 .text.xcpDaqReadLock
                0x0800477c       0x38 xcp_daq.o
 .text.xcpDaqReadUnlock
                0x080047b4       0x38 xcp_daq.o
 .text.isActiveDaqList
                0x080047ec       0x50 xcp_daq.o
 .text.noActiveDaqLists
                0x0800483c       0x50 xcp_daq.o
 .text.isValidDaqPtr
                0x0800488c       0xb8 xcp_daq.o
 .text.isValidDaqEntry
                0x08004944       0x36 xcp_daq.o
 .text.isSupportedDaqListMode
                0x0800497a       0x26 xcp_daq.o
 .text.isValidStartStopMode
                0x080049a0       0x32 xcp_daq.o
 .text.isValidStartStopSynchMode
                0x080049d2       0x32 xcp_daq.o
 .text.absoluteOdtNumberIdentification
                0x08004a04       0x10 xcp_daq.o
 .text.isDaqPackedModeEnabled
                0x08004a14       0x6c xcp_daq.o
 .text.odtPacketSize
                0x08004a80       0x54 xcp_daq.o
 .text.createDaqReservedPool
                0x08004ad4       0x88 xcp_daq.o
 .text.destroyDaqReservedPool
                0x08004b5c       0x2c xcp_daq.o
 .text.setDaqPtrInputPacketHandler
                0x08004b88       0xdc xcp_daq.o
 .text.writeDaqInputPacketHandler
                0x08004c64      0x198 xcp_daq.o
 .text.setDaqListModeInputPacketHandler
                0x08004dfc      0x1c8 xcp_daq.o
 .text.startStopDaqListInputPacketHandler
                0x08004fc4      0x3f4 xcp_daq.o
 .text.startStopDaqListOutputPacketHandler
                0x080053b8       0x5c xcp_daq.o
 .text.startStopSynchInputPacketHandler
                0x08005414      0x328 xcp_daq.o
 .text.getDaqProcessorInfoInputPacketHandler
                0x0800573c       0x28 xcp_daq.o
 .text.getDaqProcessorInfoOutputPacketHandler
                0x08005764       0xac xcp_daq.o
 .text.getDaqResolutionInfoInputPacketHandler
                0x08005810       0x28 xcp_daq.o
 .text.getDaqResolutionInfoOutputPacketHandler
                0x08005838       0xb8 xcp_daq.o
 .text.freeDaqInputPacketHandler
                0x080058f0       0x5c xcp_daq.o
 .text.allocDaqInputPacketHandler
                0x0800594c      0x18c xcp_daq.o
 .text.allocOdtInputPacketHandler
                0x08005ad8      0x1c0 xcp_daq.o
 .text.allocOdtEntryInputPacketHandler
                0x08005c98      0x270 xcp_daq.o
 .text.getDaqClockInputPacketHandler
                0x08005f08       0x22 xcp_daq.o
 *fill*         0x08005f2a        0x2 
 .text.setDaqPackedModeInputPacketHandler
                0x08005f2c      0x21c xcp_daq.o
 .text.level1CommandInputPacketHandler
                0x08006148       0x64 xcp_daq.o
 .text.getPacket
                0x080061ac       0x24 xcp_daq.o
 .text.xcpDaqInit
                0x080061d0       0x38 xcp_daq.o
                0x080061d0                xcpDaqInit
 .text.xcpDaqGetPacketLookup
                0x08006208       0x18 xcp_daq.o
                0x08006208                xcpDaqGetPacketLookup
 .text.xcpDaqSetPacketLookup
                0x08006220       0x20 xcp_daq.o
                0x08006220                xcpDaqSetPacketLookup
 .text.xcpResetDaq
                0x08006240       0xa4 xcp_daq.o
 .text.daqWriteXCPDataForOdt
                0x080062e4       0x7c xcp_daq.o
 .text.odtWriteEntries
                0x08006360       0x9c xcp_daq.o
 .text.xcpProcessDaq
                0x080063fc      0x208 xcp_daq.o
 .text.xcpDaqEvent
                0x08006604      0x108 xcp_daq.o
                0x08006604                xcpDaqEvent
 .text.xcpDaqEventsFlush
                0x0800670c      0x284 xcp_daq.o
                0x0800670c                xcpDaqEventsFlush
 .text.xcpDaqLock
                0x08006990       0x1e xcp_daq.o
                0x08006990                xcpDaqLock
 .text.xcpDaqUnlock
                0x080069ae        0xe xcp_daq.o
                0x080069ae                xcpDaqUnlock
 .text.xcpResetDaqListStatus
                0x080069bc      0x19c xcp_daq.o
                0x080069bc                xcpResetDaqListStatus
 .text.xcpDaqReset
                0x08006b58       0x20 xcp_daq.o
                0x08006b58                xcpDaqReset
 .text.xcpDaqExtendedInit
                0x08006b78        0xe xcp_daq.o
                0x08006b78                xcpDaqExtendedInit
 .text.xcpDaqExtendedReset
                0x08006b86        0xe xcp_daq.o
                0x08006b86                xcpDaqExtendedReset
 .text.isValidShortDownloadSize
                0x08006b94       0x34 xcp_calibration.o
 .text.isValidDownloadSize
                0x08006bc8       0x3a xcp_calibration.o
 *fill*         0x08006c02        0x2 
 .text.xcpMemcpyToMTA
                0x08006c04       0x34 xcp_calibration.o
 .text.downloadInputPacketHandler
                0x08006c38       0xb0 xcp_calibration.o
 .text.shortDownloadInputPacketHandler
                0x08006ce8       0xb8 xcp_calibration.o
 .text.getPacket
                0x08006da0       0x24 xcp_calibration.o
 .text.xcpCalibrationInit
                0x08006dc4       0x14 xcp_calibration.o
                0x08006dc4                xcpCalibrationInit
 .text.xcpCalibrationGetPacketLookup
                0x08006dd8       0x18 xcp_calibration.o
                0x08006dd8                xcpCalibrationGetPacketLookup
 .text.xcpCalibrationSetPacketLookup
                0x08006df0       0x20 xcp_calibration.o
                0x08006df0                xcpCalibrationSetPacketLookup
 .text.xcpCalibrationReset
                0x08006e10        0xe xcp_calibration.o
                0x08006e10                xcpCalibrationReset
 .text.xcpFifoInit
                0x08006e1e       0x20 xcp_fifo.o
                0x08006e1e                xcpFifoInit
 .text.xcpFifoEnqueue
                0x08006e3e       0x2a xcp_fifo.o
                0x08006e3e                xcpFifoEnqueue
 .text.xcpFifoDequeue
                0x08006e68       0x3e xcp_fifo.o
                0x08006e68                xcpFifoDequeue
 .text.xcpFifoEnqueueHead
                0x08006ea6       0x32 xcp_fifo.o
                0x08006ea6                xcpFifoEnqueueHead
 .text.xcpFifoReset
                0x08006ed8       0x16 xcp_fifo.o
                0x08006ed8                xcpFifoReset
 *fill*         0x08006eee        0x2 
 .text.xcpTransportEmptyTxFifo
                0x08006ef0       0x6c xcp_transport.o
 .text.xcpTransportEmptyRxFifo
                0x08006f5c       0x6c xcp_transport.o
 .text.xcpTransportInit
                0x08006fc8      0x138 xcp_transport.o
                0x08006fc8                xcpTransportInit
 .text.xcpTransportTxReady
                0x08007100       0x1a xcp_transport.o
                0x08007100                xcpTransportTxReady
 .text.xcpTransportTxTrigger
                0x0800711a       0x1a xcp_transport.o
                0x0800711a                xcpTransportTxTrigger
 .text.xcpTransportTxPacketSet
                0x08007134      0x144 xcp_transport.o
                0x08007134                xcpTransportTxPacketSet
 .text.xcpTransportTx
                0x08007278       0xec xcp_transport.o
                0x08007278                xcpTransportTx
 .text.xcpTransportRx
                0x08007364       0x80 xcp_transport.o
                0x08007364                xcpTransportRx
 .text.xcpTransportRxPacketGet
                0x080073e4      0x12c xcp_transport.o
                0x080073e4                xcpTransportRxPacketGet
 .text.xcpTransportPacketOffset
                0x08007510       0x20 xcp_transport.o
                0x08007510                xcpTransportPacketOffset
 .text.xcpTransportMsgBufferSize
                0x08007530       0x70 xcp_transport.o
                0x08007530                xcpTransportMsgBufferSize
 .text.xcpTransportMaxDtoSize
                0x080075a0        0xe xcp_transport.o
                0x080075a0                xcpTransportMaxDtoSize
 .text.xcpTransportMaxCtoSize
                0x080075ae        0xe xcp_transport.o
                0x080075ae                xcpTransportMaxCtoSize
 .text.xcpTransportRestart
                0x080075bc       0x44 xcp_transport.o
                0x080075bc                xcpTransportRestart
 .text.xcpTransportResynch
                0x08007600       0x40 xcp_transport.o
                0x08007600                xcpTransportResynch
 .text.xcpTransportCtoReservedMemPoolId
                0x08007640       0x18 xcp_transport.o
                0x08007640                xcpTransportCtoReservedMemPoolId
 .text.xcpTransportReset
                0x08007658       0xe4 xcp_transport.o
                0x08007658                xcpTransportReset
 .text.xcpInitializePoolMemoryArea
                0x0800773c       0x72 xcp_mem_default.o
 *fill*         0x080077ae        0x2 
 .text.xcpMemInit
                0x080077b0      0x1d4 xcp_mem_default.o
                0x080077b0                xcpMemInit
 .text.xcpMemAlloc
                0x08007984       0xe8 xcp_mem_default.o
                0x08007984                xcpMemAlloc
 .text.xcpMemFree
                0x08007a6c      0x170 xcp_mem_default.o
                0x08007a6c                xcpMemFree
 .text.xcpMemReservedPoolCreate
                0x08007bdc      0x224 xcp_mem_default.o
                0x08007bdc                xcpMemReservedPoolCreate
 .text.xcpMemReservedPoolDestroy
                0x08007e00      0x158 xcp_mem_default.o
                0x08007e00                xcpMemReservedPoolDestroy
 .text.xcpMemCustomPoolCreate
                0x08007f58       0xbc xcp_mem_default.o
                0x08007f58                xcpMemCustomPoolCreate
 .text.xcpMemCustomPoolDestroy
                0x08008014       0x64 xcp_mem_default.o
                0x08008014                xcpMemCustomPoolDestroy
 .text.xcpMemAllocFromPool
                0x08008078      0x170 xcp_mem_default.o
                0x08008078                xcpMemAllocFromPool
 .text.xcpMemReset
                0x080081e8       0x50 xcp_mem_default.o
                0x080081e8                xcpMemReset
 .text.xcpDrvOpen
                0x08008238       0x64 xcp_drv_rtiostream.o
                0x08008238                xcpDrvOpen
 .text.xcpDrvIoctl
                0x0800829c       0x4c xcp_drv_rtiostream.o
                0x0800829c                xcpDrvIoctl
 .text.xcpDrvSend
                0x080082e8      0x14c xcp_drv_rtiostream.o
                0x080082e8                xcpDrvSend
 .text.xcpDrvRecv
                0x08008434      0x14c xcp_drv_rtiostream.o
                0x08008434                xcpDrvRecv
 .text.xcpDrvClose
                0x08008580       0x5c xcp_drv_rtiostream.o
                0x08008580                xcpDrvClose
 .text.xcpSortArray
                0x080085dc       0xcc xcp_utils.o
                0x080085dc                xcpSortArray
 .text.xcpSxiHtons
                0x080086a8       0x18 xcp_frame_serial.o
 .text.xcpSxiNtohs
                0x080086c0       0x1c xcp_frame_serial.o
 .text.xcpSxiChecksum
                0x080086dc       0x3e xcp_frame_serial.o
                0x080086dc                xcpSxiChecksum
 *fill*         0x0800871a        0x2 
 .text.xcpFrameInit
                0x0800871c       0x70 xcp_frame_serial.o
                0x0800871c                xcpFrameInit
 .text.xcpFrameMsgSend
                0x0800878c      0x188 xcp_frame_serial.o
                0x0800878c                xcpFrameMsgSend
 .text.xcpFrameMsgRecv
                0x08008914      0x180 xcp_frame_serial.o
                0x08008914                xcpFrameMsgRecv
 .text.xcpFrameCreateMsg
                0x08008a94       0x94 xcp_frame_serial.o
                0x08008a94                xcpFrameCreateMsg
 .text.xcpFrameExtractPacket
                0x08008b28      0x158 xcp_frame_serial.o
                0x08008b28                xcpFrameExtractPacket
 .text.xcpFrameHeaderSize
                0x08008c80       0x10 xcp_frame_serial.o
                0x08008c80                xcpFrameHeaderSize
 .text.xcpFrameTailSize
                0x08008c90       0x10 xcp_frame_serial.o
                0x08008c90                xcpFrameTailSize
 .text.xcpFrameMaxDtoSize
                0x08008ca0       0x12 xcp_frame_serial.o
                0x08008ca0                xcpFrameMaxDtoSize
 .text.xcpFrameMaxCtoSize
                0x08008cb2       0x10 xcp_frame_serial.o
                0x08008cb2                xcpFrameMaxCtoSize
 *fill*         0x08008cc2        0x2 
 .text.xcpFrameRestart
                0x08008cc4       0x30 xcp_frame_serial.o
                0x08008cc4                xcpFrameRestart
 .text.xcpFrameSetCtoReservedMemPoolId
                0x08008cf4       0x20 xcp_frame_serial.o
                0x08008cf4                xcpFrameSetCtoReservedMemPoolId
 .text.xcpFrameReset
                0x08008d14       0x70 xcp_frame_serial.o
                0x08008d14                xcpFrameReset
 .text.xcpTransportGetInitParameters
                0x08008d84       0x2e xcp_ext_param_default_serial.o
                0x08008d84                xcpTransportGetInitParameters
 .text.xcpGetInitParameters
                0x08008db2       0x2e xcp_ext_param_default_serial.o
                0x08008db2                xcpGetInitParameters
 .text.HAL_Delay
                0x08008de0       0x2e overrideHALDelay.o
                0x08008de0                HAL_Delay
 *fill*         0x08008e0e        0x2 
 .text.getCurrentTimestampInMicros
                0x08008e10       0x3c platform_timer.o
                0x08008e10                getCurrentTimestampInMicros
 .text.returnTimeElapsed
                0x08008e4c       0x2c platform_timer.o
                0x08008e4c                returnTimeElapsed
 .text.timestampInit
                0x08008e78       0x28 platform_timer.o
 .text.getCurrentTimestamp
                0x08008ea0       0x44 platform_timer.o
                0x08008ea0                getCurrentTimestamp
 .text.__NVIC_SetPriority
                0x08008ee4       0x54 SysTickScheduler.o
 .text.SysTick_Config
                0x08008f38       0x44 SysTickScheduler.o
 .text.SysTick_Isr
                0x08008f7c       0x48 SysTickScheduler.o
 .text.SysTick_Handler
                0x08008fc4       0x20 SysTickScheduler.o
                0x08008fc4                SysTick_Handler
 .text.ARMCM_SysTick_Config
                0x08008fe4       0xb0 SysTickScheduler.o
                0x08008fe4                ARMCM_SysTick_Config
 .text.PendSV_Handler
                0x08009094       0x44 m3m4m4f_multitasking.o
                0x08009094                PendSV_Handler
 .text.SVC_Handler
                0x080090d8       0x58 m3m4m4f_multitasking.o
                0x080090d8                SVC_Handler
 .text.rtIOStreamOpen
                0x08009130       0x58 rtiostream_serial.o
                0x08009130                rtIOStreamOpen
 .text.rtIOStreamSend
                0x08009188       0x34 rtiostream_serial.o
                0x08009188                rtIOStreamSend
 .text.rtIOStreamRecv
                0x080091bc       0x48 rtiostream_serial.o
                0x080091bc                rtIOStreamRecv
 .text.rtIOStreamClose
                0x08009204       0x20 rtiostream_serial.o
                0x08009204                rtIOStreamClose
 .text.__NVIC_GetPriorityGrouping
                0x08009224       0x1c stm_usart.o
 .text.__NVIC_EnableIRQ
                0x08009240       0x3c stm_usart.o
 .text.__NVIC_SetPriority
                0x0800927c       0x54 stm_usart.o
 .text.NVIC_EncodePriority
                0x080092d0       0x66 stm_usart.o
 *fill*         0x08009336        0x2 
 .text.LL_DMA_EnableChannel
                0x08009338       0x44 stm_usart.o
 .text.LL_DMA_DisableChannel
                0x0800937c       0x44 stm_usart.o
 .text.LL_DMA_GetMode
                0x080093c0       0x34 stm_usart.o
 .text.LL_DMA_SetDataLength
                0x080093f4       0x4c stm_usart.o
 .text.LL_DMA_GetDataLength
                0x08009440       0x30 stm_usart.o
 .text.LL_DMA_ConfigAddresses
                0x08009470       0x7c stm_usart.o
 .text.LL_DMA_SetMemoryAddress
                0x080094ec       0x34 stm_usart.o
 .text.LL_DMA_IsActiveFlag_TC6
                0x08009520       0x28 stm_usart.o
 .text.LL_DMA_IsActiveFlag_TC7
                0x08009548       0x28 stm_usart.o
 .text.LL_DMA_ClearFlag_TC6
                0x08009570       0x1c stm_usart.o
 .text.LL_DMA_ClearFlag_TC7
                0x0800958c       0x1c stm_usart.o
 .text.LL_DMA_EnableIT_TC
                0x080095a8       0x44 stm_usart.o
 .text.LL_DMA_DisableIT_TC
                0x080095ec       0x44 stm_usart.o
 .text.LL_DMA_IsEnabledIT_TC
                0x08009630       0x3c stm_usart.o
 .text.LL_USART_Enable
                0x0800966c       0x20 stm_usart.o
 .text.LL_USART_Disable
                0x0800968c       0x20 stm_usart.o
 .text.LL_USART_IsEnabledAutoBaud
                0x080096ac       0x28 stm_usart.o
 .text.LL_USART_IsActiveFlag_PE
                0x080096d4       0x26 stm_usart.o
 .text.LL_USART_IsActiveFlag_FE
                0x080096fa       0x26 stm_usart.o
 .text.LL_USART_IsActiveFlag_NE
                0x08009720       0x26 stm_usart.o
 .text.LL_USART_IsActiveFlag_ORE
                0x08009746       0x26 stm_usart.o
 .text.LL_USART_IsActiveFlag_ABRE
                0x0800976c       0x28 stm_usart.o
 .text.LL_USART_IsActiveFlag_ABR
                0x08009794       0x28 stm_usart.o
 .text.LL_USART_ClearFlag_PE
                0x080097bc       0x1a stm_usart.o
 .text.LL_USART_ClearFlag_FE
                0x080097d6       0x1a stm_usart.o
 .text.LL_USART_ClearFlag_NE
                0x080097f0       0x1a stm_usart.o
 .text.LL_USART_ClearFlag_ORE
                0x0800980a       0x1a stm_usart.o
 .text.LL_USART_EnableIT_RXNE
                0x08009824       0x42 stm_usart.o
 .text.LL_USART_EnableIT_PE
                0x08009866       0x42 stm_usart.o
 .text.LL_USART_EnableIT_ERROR
                0x080098a8       0x46 stm_usart.o
 .text.LL_USART_DisableIT_RXNE
                0x080098ee       0x42 stm_usart.o
 .text.LL_USART_DisableIT_TXE
                0x08009930       0x42 stm_usart.o
 .text.LL_USART_DisableIT_PE
                0x08009972       0x42 stm_usart.o
 .text.LL_USART_DisableIT_ERROR
                0x080099b4       0x46 stm_usart.o
 .text.LL_USART_EnableDMAReq_RX
                0x080099fa       0x46 stm_usart.o
 .text.LL_USART_DisableDMAReq_RX
                0x08009a40       0x46 stm_usart.o
 .text.LL_USART_EnableDMAReq_TX
                0x08009a86       0x46 stm_usart.o
 .text.LL_USART_DisableDMAReq_TX
                0x08009acc       0x46 stm_usart.o
 .text.LL_USART_DMA_GetRegAddr
                0x08009b12       0x2c stm_usart.o
 .text.LL_USART_ReceiveData8
                0x08009b3e       0x1c stm_usart.o
 .text.LL_USART_RequestAutoBaudRate
                0x08009b5a       0x24 stm_usart.o
 .text.checkIfTransmitBufferFull
                0x08009b7e       0x64 stm_usart.o
                0x08009b7e                checkIfTransmitBufferFull
 .text.copyToTransmitBuffer
                0x08009be2       0xf4 stm_usart.o
                0x08009be2                copyToTransmitBuffer
 .text.getAvailableDataInBuffer
                0x08009cd6       0xcc stm_usart.o
                0x08009cd6                getAvailableDataInBuffer
 .text.getBytesToBeReadFromBuffer
                0x08009da2       0x6e stm_usart.o
                0x08009da2                getBytesToBeReadFromBuffer
 .text.readDataFromBuffer
                0x08009e10       0xcc stm_usart.o
                0x08009e10                readDataFromBuffer
 .text.UART_RXDMAInterruptHandler
                0x08009edc       0xd4 stm_usart.o
                0x08009edc                UART_RXDMAInterruptHandler
 .text.UART_TXDMAInterruptHandler
                0x08009fb0      0x164 stm_usart.o
                0x08009fb0                UART_TXDMAInterruptHandler
 .text.UART_IsActiveFlagError
                0x0800a114       0xf4 stm_usart.o
                0x0800a114                UART_IsActiveFlagError
 .text.USART2_IRQHandler
                0x0800a208       0x14 stm_usart.o
                0x0800a208                USART2_IRQHandler
 .text.DMA1_Channel7_IRQHandler
                0x0800a21c       0x20 stm_usart.o
                0x0800a21c                DMA1_Channel7_IRQHandler
 .text.DMA1_Channel6_IRQHandler
                0x0800a23c       0x20 stm_usart.o
                0x0800a23c                DMA1_Channel6_IRQHandler
 .text.UART_ConfigureReceiveDMA
                0x0800a25c       0x8a stm_usart.o
                0x0800a25c                UART_ConfigureReceiveDMA
 .text.UART_ConfigureTransmitDMA
                0x0800a2e6       0x56 stm_usart.o
                0x0800a2e6                UART_ConfigureTransmitDMA
 .text.getReadErrorStatus
                0x0800a33c      0x128 stm_usart.o
                0x0800a33c                getReadErrorStatus
 .text.MW_UART_Initialize
                0x0800a464      0x198 stm_usart.o
                0x0800a464                MW_UART_Initialize
 .text.MW_UART_ReceiveUsingBuffer
                0x0800a5fc       0x5c stm_usart.o
                0x0800a5fc                MW_UART_ReceiveUsingBuffer
 .text.MW_UART_TransmitUsingDMA
                0x0800a658       0xfc stm_usart.o
                0x0800a658                MW_UART_TransmitUsingDMA
 .text.MW_UART_DeInit
                0x0800a754       0xaa stm_usart.o
                0x0800a754                MW_UART_DeInit
 .text.sys_arch_protect
                0x0800a7fe       0x22 sys_arch.o
                0x0800a7fe                sys_arch_protect
 .text.sys_arch_unprotect
                0x0800a820       0x20 sys_arch.o
                0x0800a820                sys_arch_unprotect
 .text.__NVIC_GetPriorityGrouping
                0x0800a840       0x1c main.o
 .text.__NVIC_EnableIRQ
                0x0800a85c       0x3c main.o
 .text.__NVIC_SetPriority
                0x0800a898       0x54 main.o
 .text.NVIC_EncodePriority
                0x0800a8ec       0x66 main.o
 .text.LL_ADC_SetCommonPathInternalCh
                0x0800a952       0x26 main.o
 .text.LL_ADC_REG_SetSequencerRanks
                0x0800a978       0x58 main.o
 .text.LL_ADC_SetChannelSamplingTime
                0x0800a9d0       0x56 main.o
 *fill*         0x0800aa26        0x2 
 .text.LL_ADC_SetChannelSingleDiff
                0x0800aa28       0x48 main.o
 .text.LL_ADC_SetOverSamplingScope
                0x0800aa70       0x2a main.o
 .text.LL_ADC_DisableDeepPowerDown
                0x0800aa9a       0x24 main.o
 .text.LL_ADC_EnableInternalRegulator
                0x0800aabe       0x28 main.o
 *fill*         0x0800aae6        0x2 
 .text.LL_DMA_SetDataTransferDirection
                0x0800aae8       0x50 main.o
 .text.LL_DMA_SetMode
                0x0800ab38       0x4c main.o
 .text.LL_DMA_SetPeriphIncMode
                0x0800ab84       0x4c main.o
 .text.LL_DMA_SetMemoryIncMode
                0x0800abd0       0x4c main.o
 .text.LL_DMA_SetPeriphSize
                0x0800ac1c       0x4c main.o
 .text.LL_DMA_SetMemorySize
                0x0800ac68       0x4c main.o
 .text.LL_DMA_SetChannelPriorityLevel
                0x0800acb4       0x4c main.o
 .text.LL_DMA_SetPeriphRequest
                0x0800ad00       0x64 main.o
 .text.LL_I2C_EnableClockStretching
                0x0800ad64       0x20 main.o
 .text.LL_I2C_DisableGeneralCall
                0x0800ad84       0x20 main.o
 .text.LL_I2C_SetOwnAddress2
                0x0800ada4       0x30 main.o
 .text.LL_I2C_DisableOwnAddress2
                0x0800add4       0x20 main.o
 .text.LL_I2C_EnableAutoEndMode
                0x0800adf4       0x20 main.o
 .text.LL_RCC_LSE_Enable
                0x0800ae14       0x24 main.o
 .text.LL_RCC_LSE_SetDriveCapability
                0x0800ae38       0x2c main.o
 .text.LL_RCC_LSE_IsReady
                0x0800ae64       0x28 main.o
 .text.LL_RCC_MSI_Enable
                0x0800ae8c       0x20 main.o
 .text.LL_RCC_MSI_IsReady
                0x0800aeac       0x24 main.o
 .text.LL_RCC_MSI_EnablePLLMode
                0x0800aed0       0x20 main.o
 .text.LL_RCC_MSI_EnableRangeSelection
                0x0800aef0       0x20 main.o
 .text.LL_RCC_MSI_SetRange
                0x0800af10       0x28 main.o
 .text.LL_RCC_MSI_SetCalibTrimming
                0x0800af38       0x2c main.o
 .text.LL_RCC_SetSysClkSource
                0x0800af64       0x28 main.o
 .text.LL_RCC_GetSysClkSource
                0x0800af8c       0x1c main.o
 .text.LL_RCC_SetAHBPrescaler
                0x0800afa8       0x28 main.o
 .text.LL_RCC_SetAPB1Prescaler
                0x0800afd0       0x28 main.o
 .text.LL_RCC_SetAPB2Prescaler
                0x0800aff8       0x28 main.o
 .text.LL_RCC_SetUSARTClockSource
                0x0800b020       0x34 main.o
 .text.LL_RCC_SetI2CClockSource
                0x0800b054       0x50 main.o
 .text.LL_RCC_SetADCClockSource
                0x0800b0a4       0x2c main.o
 .text.LL_RCC_PLL_Enable
                0x0800b0d0       0x20 main.o
 .text.LL_RCC_PLL_IsReady
                0x0800b0f0       0x28 main.o
 .text.LL_RCC_PLL_ConfigDomain_SYS
                0x0800b118       0x40 main.o
 .text.LL_RCC_PLL_EnableDomain_SYS
                0x0800b158       0x20 main.o
 .text.LL_RCC_PLLSAI1_Enable
                0x0800b178       0x20 main.o
 .text.LL_RCC_PLLSAI1_IsReady
                0x0800b198       0x28 main.o
 .text.LL_RCC_PLLSAI1_ConfigDomain_ADC
                0x0800b1c0       0x4c main.o
 .text.LL_RCC_PLLSAI1_EnableDomain_ADC
                0x0800b20c       0x20 main.o
 .text.LL_AHB1_GRP1_EnableClock
                0x0800b22c       0x30 main.o
 .text.LL_AHB2_GRP1_EnableClock
                0x0800b25c       0x30 main.o
 .text.LL_APB1_GRP1_EnableClock
                0x0800b28c       0x30 main.o
 .text.LL_APB2_GRP1_EnableClock
                0x0800b2bc       0x30 main.o
 .text.LL_FLASH_SetLatency
                0x0800b2ec       0x28 main.o
 .text.LL_FLASH_GetLatency
                0x0800b314       0x1c main.o
 .text.LL_PWR_SetRegulVoltageScaling
                0x0800b330       0x28 main.o
 .text.LL_PWR_EnableBkUpAccess
                0x0800b358       0x20 main.o
 .text.LL_PWR_IsActiveFlag_VOS
                0x0800b378       0x28 main.o
 .text.LL_TIM_DisableARRPreload
                0x0800b3a0       0x20 main.o
 .text.LL_TIM_OC_DisableFast
                0x0800b3c0       0xa4 main.o
 .text.LL_TIM_OC_EnablePreload
                0x0800b464       0xa0 main.o
 .text.LL_TIM_DisableExternalClock
                0x0800b504       0x20 main.o
 .text.LL_TIM_SetClockSource
                0x0800b524       0x2a main.o
 .text.LL_TIM_SetTriggerOutput
                0x0800b54e       0x26 main.o
 .text.LL_TIM_SetTriggerOutput2
                0x0800b574       0x26 main.o
 .text.LL_TIM_DisableMasterSlaveMode
                0x0800b59a       0x20 main.o
 .text.LL_TIM_ConfigETR
                0x0800b5ba       0x32 main.o
 .text.LL_TIM_SetOCRefClearInputSource
                0x0800b5ec       0x26 main.o
 .text.LL_USART_Enable
                0x0800b612       0x20 main.o
 .text.LL_USART_ConfigAsyncMode
                0x0800b632       0x2c main.o
 .text.LL_GPIO_ResetOutputPin
                0x0800b65e       0x1c main.o
 *fill*         0x0800b67a        0x2 
 .text.SystemClock_Config
                0x0800b67c       0xcc main.o
                0x0800b67c                SystemClock_Config
 .text.PeriphCommonClock_Config
                0x0800b748       0x2a main.o
                0x0800b748                PeriphCommonClock_Config
 *fill*         0x0800b772        0x2 
 .text.MX_ADC1_Init
                0x0800b774      0x220 main.o
                0x0800b774                MX_ADC1_Init
 .text.MX_I2C1_Init
                0x0800b994       0xc0 main.o
                0x0800b994                MX_I2C1_Init
 .text.MX_TIM1_Init
                0x0800ba54      0x160 main.o
                0x0800ba54                MX_TIM1_Init
 .text.MX_TIM16_Init
                0x0800bbb4      0x114 main.o
                0x0800bbb4                MX_TIM16_Init
 .text.MX_USART1_UART_Init
                0x0800bcc8       0xa8 main.o
                0x0800bcc8                MX_USART1_UART_Init
 .text.MX_USART2_UART_Init
                0x0800bd70      0x170 main.o
                0x0800bd70                MX_USART2_UART_Init
 .text.MX_DMA_Init
                0x0800bee0       0x6e main.o
                0x0800bee0                MX_DMA_Init
 *fill*         0x0800bf4e        0x2 
 .text.MX_GPIO_Init
                0x0800bf50       0xa0 main.o
                0x0800bf50                MX_GPIO_Init
 .text.HAL_TIM_PeriodElapsedCallback
                0x0800bff0       0x1e main.o
                0x0800bff0                HAL_TIM_PeriodElapsedCallback
 .text.Error_Handler
                0x0800c00e        0xc main.o
                0x0800c00e                Error_Handler
 .text.NMI_Handler
                0x0800c01a        0x8 stm32l4xx_it.o
                0x0800c01a                NMI_Handler
 .text.HardFault_Handler
                0x0800c022        0x8 stm32l4xx_it.o
                0x0800c022                HardFault_Handler
 .text.MemManage_Handler
                0x0800c02a        0x8 stm32l4xx_it.o
                0x0800c02a                MemManage_Handler
 .text.BusFault_Handler
                0x0800c032        0x8 stm32l4xx_it.o
                0x0800c032                BusFault_Handler
 .text.UsageFault_Handler
                0x0800c03a        0x8 stm32l4xx_it.o
                0x0800c03a                UsageFault_Handler
 .text.DebugMon_Handler
                0x0800c042        0xe stm32l4xx_it.o
                0x0800c042                DebugMon_Handler
 .text.TIM2_IRQHandler
                0x0800c050       0x14 stm32l4xx_it.o
                0x0800c050                TIM2_IRQHandler
 .text.HAL_MspInit
                0x0800c064       0x48 stm32l4xx_hal_msp.o
                0x0800c064                HAL_MspInit
 .text.HAL_InitTick
                0x0800c0ac       0xf0 stm32l4xx_hal_timebase_tim.o
                0x0800c0ac                HAL_InitTick
 .text.LL_SetSystemCoreClock
                0x0800c19c       0x20 stm32l4xx_ll_utils.o
                0x0800c19c                LL_SetSystemCoreClock
 .text.HAL_TIM_Base_Init
                0x0800c1bc       0xae stm32l4xx_hal_tim.o
                0x0800c1bc                HAL_TIM_Base_Init
 .text.HAL_TIM_Base_MspInit
                0x0800c26a       0x14 stm32l4xx_hal_tim.o
                0x0800c26a                HAL_TIM_Base_MspInit
 *fill*         0x0800c27e        0x2 
 .text.HAL_TIM_Base_Start_IT
                0x0800c280       0xa8 stm32l4xx_hal_tim.o
                0x0800c280                HAL_TIM_Base_Start_IT
 .text.HAL_TIM_IRQHandler
                0x0800c328      0x23e stm32l4xx_hal_tim.o
                0x0800c328                HAL_TIM_IRQHandler
 .text.HAL_TIM_OC_DelayElapsedCallback
                0x0800c566       0x14 stm32l4xx_hal_tim.o
                0x0800c566                HAL_TIM_OC_DelayElapsedCallback
 .text.HAL_TIM_IC_CaptureCallback
                0x0800c57a       0x14 stm32l4xx_hal_tim.o
                0x0800c57a                HAL_TIM_IC_CaptureCallback
 .text.HAL_TIM_PWM_PulseFinishedCallback
                0x0800c58e       0x14 stm32l4xx_hal_tim.o
                0x0800c58e                HAL_TIM_PWM_PulseFinishedCallback
 .text.HAL_TIM_TriggerCallback
                0x0800c5a2       0x14 stm32l4xx_hal_tim.o
                0x0800c5a2                HAL_TIM_TriggerCallback
 *fill*         0x0800c5b6        0x2 
 .text.TIM_Base_SetConfig
                0x0800c5b8       0xc8 stm32l4xx_hal_tim.o
                0x0800c5b8                TIM_Base_SetConfig
 .text.HAL_TIMEx_CommutCallback
                0x0800c680       0x14 stm32l4xx_hal_tim_ex.o
                0x0800c680                HAL_TIMEx_CommutCallback
 .text.HAL_TIMEx_BreakCallback
                0x0800c694       0x14 stm32l4xx_hal_tim_ex.o
                0x0800c694                HAL_TIMEx_BreakCallback
 .text.HAL_TIMEx_Break2Callback
                0x0800c6a8       0x14 stm32l4xx_hal_tim_ex.o
                0x0800c6a8                HAL_TIMEx_Break2Callback
 .text.LL_GPIO_SetPinMode
                0x0800c6bc       0x7a stm32l4xx_ll_gpio.o
 .text.LL_GPIO_SetPinOutputType
                0x0800c736       0x30 stm32l4xx_ll_gpio.o
 .text.LL_GPIO_SetPinSpeed
                0x0800c766       0x7a stm32l4xx_ll_gpio.o
 .text.LL_GPIO_SetPinPull
                0x0800c7e0       0x7a stm32l4xx_ll_gpio.o
 .text.LL_GPIO_SetAFPin_0_7
                0x0800c85a       0x7a stm32l4xx_ll_gpio.o
 .text.LL_GPIO_SetAFPin_8_15
                0x0800c8d4       0x7e stm32l4xx_ll_gpio.o
 .text.LL_GPIO_Init
                0x0800c952       0xdc stm32l4xx_ll_gpio.o
                0x0800c952                LL_GPIO_Init
 .text.LL_ADC_SetCommonClock
                0x0800ca2e       0x26 stm32l4xx_ll_adc.o
 .text.LL_ADC_REG_SetSequencerLength
                0x0800ca54       0x26 stm32l4xx_ll_adc.o
 .text.LL_ADC_IsEnabled
                0x0800ca7a       0x26 stm32l4xx_ll_adc.o
 .text.LL_ADC_CommonInit
                0x0800caa0       0x3c stm32l4xx_ll_adc.o
                0x0800caa0                LL_ADC_CommonInit
 .text.LL_ADC_Init
                0x0800cadc       0x4c stm32l4xx_ll_adc.o
                0x0800cadc                LL_ADC_Init
 .text.LL_ADC_REG_Init
                0x0800cb28       0x94 stm32l4xx_ll_adc.o
                0x0800cb28                LL_ADC_REG_Init
 .text.HAL_Init
                0x0800cbbc       0x30 stm32l4xx_hal.o
                0x0800cbbc                HAL_Init
 .text.HAL_IncTick
                0x0800cbec       0x28 stm32l4xx_hal.o
                0x0800cbec                HAL_IncTick
 .text.HAL_GetTick
                0x0800cc14       0x18 stm32l4xx_hal.o
                0x0800cc14                HAL_GetTick
 .text.HAL_RCC_GetHCLKFreq
                0x0800cc2c       0x18 stm32l4xx_hal_rcc.o
                0x0800cc2c                HAL_RCC_GetHCLKFreq
 .text.HAL_RCC_GetPCLK1Freq
                0x0800cc44       0x2c stm32l4xx_hal_rcc.o
                0x0800cc44                HAL_RCC_GetPCLK1Freq
 .text.HAL_RCC_GetClockConfig
                0x0800cc70       0x64 stm32l4xx_hal_rcc.o
                0x0800cc70                HAL_RCC_GetClockConfig
 .text.__NVIC_SetPriorityGrouping
                0x0800ccd4       0x48 stm32l4xx_hal_cortex.o
 .text.__NVIC_GetPriorityGrouping
                0x0800cd1c       0x1c stm32l4xx_hal_cortex.o
 .text.__NVIC_EnableIRQ
                0x0800cd38       0x3c stm32l4xx_hal_cortex.o
 .text.__NVIC_SetPriority
                0x0800cd74       0x54 stm32l4xx_hal_cortex.o
 .text.NVIC_EncodePriority
                0x0800cdc8       0x66 stm32l4xx_hal_cortex.o
 .text.HAL_NVIC_SetPriorityGrouping
                0x0800ce2e       0x16 stm32l4xx_hal_cortex.o
                0x0800ce2e                HAL_NVIC_SetPriorityGrouping
 .text.HAL_NVIC_SetPriority
                0x0800ce44       0x38 stm32l4xx_hal_cortex.o
                0x0800ce44                HAL_NVIC_SetPriority
 .text.HAL_NVIC_EnableIRQ
                0x0800ce7c       0x1c stm32l4xx_hal_cortex.o
                0x0800ce7c                HAL_NVIC_EnableIRQ
 .text.LL_I2C_Enable
                0x0800ce98       0x20 stm32l4xx_ll_i2c.o
 .text.LL_I2C_Disable
                0x0800ceb8       0x20 stm32l4xx_ll_i2c.o
 .text.LL_I2C_ConfigFilters
                0x0800ced8       0x2e stm32l4xx_ll_i2c.o
 .text.LL_I2C_SetOwnAddress1
                0x0800cf06       0x30 stm32l4xx_ll_i2c.o
 .text.LL_I2C_EnableOwnAddress1
                0x0800cf36       0x20 stm32l4xx_ll_i2c.o
 .text.LL_I2C_DisableOwnAddress1
                0x0800cf56       0x20 stm32l4xx_ll_i2c.o
 .text.LL_I2C_SetTiming
                0x0800cf76       0x1c stm32l4xx_ll_i2c.o
 .text.LL_I2C_SetMode
                0x0800cf92       0x26 stm32l4xx_ll_i2c.o
 .text.LL_I2C_AcknowledgeNextData
                0x0800cfb8       0x26 stm32l4xx_ll_i2c.o
 .text.LL_I2C_Init
                0x0800cfde       0x78 stm32l4xx_ll_i2c.o
                0x0800cfde                LL_I2C_Init
 .text.LL_TIM_SetPrescaler
                0x0800d056       0x1c stm32l4xx_ll_tim.o
 .text.LL_TIM_SetAutoReload
                0x0800d072       0x1c stm32l4xx_ll_tim.o
 .text.LL_TIM_SetRepetitionCounter
                0x0800d08e       0x1c stm32l4xx_ll_tim.o
 .text.LL_TIM_OC_SetCompareCH1
                0x0800d0aa       0x1c stm32l4xx_ll_tim.o
 .text.LL_TIM_OC_SetCompareCH2
                0x0800d0c6       0x1c stm32l4xx_ll_tim.o
 .text.LL_TIM_OC_SetCompareCH3
                0x0800d0e2       0x1c stm32l4xx_ll_tim.o
 .text.LL_TIM_OC_SetCompareCH4
                0x0800d0fe       0x1c stm32l4xx_ll_tim.o
 .text.LL_TIM_OC_SetCompareCH5
                0x0800d11a       0x20 stm32l4xx_ll_tim.o
 .text.LL_TIM_OC_SetCompareCH6
                0x0800d13a       0x1c stm32l4xx_ll_tim.o
 .text.LL_TIM_GenerateEvent_UPDATE
                0x0800d156       0x20 stm32l4xx_ll_tim.o
 *fill*         0x0800d176        0x2 
 .text.LL_TIM_Init
                0x0800d178       0xbc stm32l4xx_ll_tim.o
                0x0800d178                LL_TIM_Init
 .text.LL_TIM_OC_Init
                0x0800d234       0xbe stm32l4xx_ll_tim.o
                0x0800d234                LL_TIM_OC_Init
 *fill*         0x0800d2f2        0x2 
 .text.LL_TIM_BDTR_Init
                0x0800d2f4       0xe0 stm32l4xx_ll_tim.o
                0x0800d2f4                LL_TIM_BDTR_Init
 .text.OC1Config
                0x0800d3d4       0xe8 stm32l4xx_ll_tim.o
 .text.OC2Config
                0x0800d4bc       0xf0 stm32l4xx_ll_tim.o
 .text.OC3Config
                0x0800d5ac       0xf0 stm32l4xx_ll_tim.o
 .text.OC4Config
                0x0800d69c       0xc0 stm32l4xx_ll_tim.o
 .text.OC5Config
                0x0800d75c       0xb0 stm32l4xx_ll_tim.o
 .text.OC6Config
                0x0800d80c       0xb0 stm32l4xx_ll_tim.o
 .text.LL_USART_IsEnabled
                0x0800d8bc       0x26 stm32l4xx_ll_usart.o
 .text.LL_USART_SetStopBitsLength
                0x0800d8e2       0x26 stm32l4xx_ll_usart.o
 .text.LL_USART_SetHWFlowCtrl
                0x0800d908       0x26 stm32l4xx_ll_usart.o
 .text.LL_USART_SetBaudRate
                0x0800d92e       0x6e stm32l4xx_ll_usart.o
 .text.LL_USART_Init
                0x0800d99c       0xb4 stm32l4xx_ll_usart.o
                0x0800d99c                LL_USART_Init
 .text.LL_RCC_HSI_IsReady
                0x0800da50       0x28 stm32l4xx_ll_rcc.o
 .text.LL_RCC_LSE_IsReady
                0x0800da78       0x28 stm32l4xx_ll_rcc.o
 .text.LL_RCC_MSI_IsEnabledRangeSelect
                0x0800daa0       0x24 stm32l4xx_ll_rcc.o
 .text.LL_RCC_MSI_GetRange
                0x0800dac4       0x1c stm32l4xx_ll_rcc.o
 .text.LL_RCC_MSI_GetRangeAfterStandby
                0x0800dae0       0x1c stm32l4xx_ll_rcc.o
 .text.LL_RCC_GetSysClkSource
                0x0800dafc       0x1c stm32l4xx_ll_rcc.o
 .text.LL_RCC_GetAHBPrescaler
                0x0800db18       0x1c stm32l4xx_ll_rcc.o
 .text.LL_RCC_GetAPB1Prescaler
                0x0800db34       0x1c stm32l4xx_ll_rcc.o
 .text.LL_RCC_GetAPB2Prescaler
                0x0800db50       0x1c stm32l4xx_ll_rcc.o
 .text.LL_RCC_GetUSARTClockSource
                0x0800db6c       0x28 stm32l4xx_ll_rcc.o
 .text.LL_RCC_PLL_GetMainSource
                0x0800db94       0x1c stm32l4xx_ll_rcc.o
 .text.LL_RCC_PLL_GetN
                0x0800dbb0       0x1c stm32l4xx_ll_rcc.o
 .text.LL_RCC_PLL_GetR
                0x0800dbcc       0x1c stm32l4xx_ll_rcc.o
 .text.LL_RCC_PLL_GetDivider
                0x0800dbe8       0x1c stm32l4xx_ll_rcc.o
 .text.LL_RCC_GetUSARTClockFreq
                0x0800dc04      0x134 stm32l4xx_ll_rcc.o
                0x0800dc04                LL_RCC_GetUSARTClockFreq
 .text.RCC_GetSystemClockFreq
                0x0800dd38      0x120 stm32l4xx_ll_rcc.o
 .text.RCC_GetHCLKClockFreq
                0x0800de58       0x2c stm32l4xx_ll_rcc.o
 .text.RCC_GetPCLK1ClockFreq
                0x0800de84       0x28 stm32l4xx_ll_rcc.o
 .text.RCC_GetPCLK2ClockFreq
                0x0800deac       0x28 stm32l4xx_ll_rcc.o
 .text.RCC_PLL_GetFreqDomain_SYS
                0x0800ded4      0x118 stm32l4xx_ll_rcc.o
 .text.SystemInit
                0x0800dfec       0x24 system_stm32l4xx.o
                0x0800dfec                SystemInit
 .text.Reset_Handler
                0x0800e010       0x50 startup_stm32l432kcux.o
                0x0800e010                Reset_Handler
 .text.Default_Handler
                0x0800e060        0x2 startup_stm32l432kcux.o
                0x0800e060                RTC_Alarm_IRQHandler
                0x0800e060                EXTI2_IRQHandler
                0x0800e060                TIM1_CC_IRQHandler
                0x0800e060                TSC_IRQHandler
                0x0800e060                TAMP_STAMP_IRQHandler
                0x0800e060                EXTI3_IRQHandler
                0x0800e060                LPTIM2_IRQHandler
                0x0800e060                I2C3_ER_IRQHandler
                0x0800e060                EXTI0_IRQHandler
                0x0800e060                CAN1_RX0_IRQHandler
                0x0800e060                FPU_IRQHandler
                0x0800e060                TIM1_UP_TIM16_IRQHandler
                0x0800e060                SPI1_IRQHandler
                0x0800e060                TIM6_DAC_IRQHandler
                0x0800e060                DMA2_Channel2_IRQHandler
                0x0800e060                DMA1_Channel4_IRQHandler
                0x0800e060                ADC1_IRQHandler
                0x0800e060                CAN1_RX1_IRQHandler
                0x0800e060                DMA2_Channel1_IRQHandler
                0x0800e060                QUADSPI_IRQHandler
                0x0800e060                I2C1_EV_IRQHandler
                0x0800e060                DMA2_Channel4_IRQHandler
                0x0800e060                RCC_IRQHandler
                0x0800e060                TIM1_TRG_COM_IRQHandler
                0x0800e060                Default_Handler
                0x0800e060                DMA2_Channel7_IRQHandler
                0x0800e060                EXTI15_10_IRQHandler
                0x0800e060                TIM7_IRQHandler
                0x0800e060                I2C3_EV_IRQHandler
                0x0800e060                USB_IRQHandler
                0x0800e060                EXTI9_5_IRQHandler
                0x0800e060                RTC_WKUP_IRQHandler
                0x0800e060                PVD_PVM_IRQHandler
                0x0800e060                CAN1_TX_IRQHandler
                0x0800e060                DMA2_Channel5_IRQHandler
                0x0800e060                CRS_IRQHandler
                0x0800e060                DMA1_Channel5_IRQHandler
                0x0800e060                EXTI4_IRQHandler
                0x0800e060                RNG_IRQHandler
                0x0800e060                DMA1_Channel3_IRQHandler
                0x0800e060                COMP_IRQHandler
                0x0800e060                WWDG_IRQHandler
                0x0800e060                LPUART1_IRQHandler
                0x0800e060                DMA2_Channel6_IRQHandler
                0x0800e060                EXTI1_IRQHandler
                0x0800e060                DMA1_Channel2_IRQHandler
                0x0800e060                CAN1_SCE_IRQHandler
                0x0800e060                FLASH_IRQHandler
                0x0800e060                USART1_IRQHandler
                0x0800e060                SPI3_IRQHandler
                0x0800e060                I2C1_ER_IRQHandler
                0x0800e060                SWPMI1_IRQHandler
                0x0800e060                LPTIM1_IRQHandler
                0x0800e060                SAI1_IRQHandler
                0x0800e060                DMA2_Channel3_IRQHandler
                0x0800e060                TIM1_BRK_TIM15_IRQHandler
 *fill*         0x0800e062        0x2 
 .text.fmod     0x0800e064       0x6c C:/ProgramData/MATLAB/SupportPackages/R2024b/3P.instrset/gnuarm-armcortex.instrset/win/bin/../lib/gcc/arm-none-eabi/13.2.1/thumb/v7e-m+fp/hard\libm.a(libm_a-w_fmod.o)
                0x0800e064                fmod
 .text.__ieee754_fmod
                0x0800e0d0      0x30c C:/ProgramData/MATLAB/SupportPackages/R2024b/3P.instrset/gnuarm-armcortex.instrset/win/bin/../lib/gcc/arm-none-eabi/13.2.1/thumb/v7e-m+fp/hard\libm.a(libm_a-e_fmod.o)
                0x0800e0d0                __ieee754_fmod
 .text.memset   0x0800e3dc       0x10 C:/ProgramData/MATLAB/SupportPackages/R2024b/3P.instrset/gnuarm-armcortex.instrset/win/bin/../lib/gcc/arm-none-eabi/13.2.1/thumb/v7e-m+fp/hard\libg_nano.a(libc_a-memset.o)
                0x0800e3dc                memset
 .text.__errno  0x0800e3ec        0xc C:/ProgramData/MATLAB/SupportPackages/R2024b/3P.instrset/gnuarm-armcortex.instrset/win/bin/../lib/gcc/arm-none-eabi/13.2.1/thumb/v7e-m+fp/hard\libg_nano.a(libc_a-errno.o)
                0x0800e3ec                __errno
 .text.__libc_init_array
                0x0800e3f8       0x48 C:/ProgramData/MATLAB/SupportPackages/R2024b/3P.instrset/gnuarm-armcortex.instrset/win/bin/../lib/gcc/arm-none-eabi/13.2.1/thumb/v7e-m+fp/hard\libg_nano.a(libc_a-init.o)
                0x0800e3f8                __libc_init_array
 .text.memcpy   0x0800e440       0x1c C:/ProgramData/MATLAB/SupportPackages/R2024b/3P.instrset/gnuarm-armcortex.instrset/win/bin/../lib/gcc/arm-none-eabi/13.2.1/thumb/v7e-m+fp/hard\libg_nano.a(libc_a-memcpy-stub.o)
                0x0800e440                memcpy
 *(.glue_7)
 .glue_7        0x0800e45c        0x0 linker stubs
 *(.glue_7t)
 .glue_7t       0x0800e45c        0x0 linker stubs
 *(.eh_frame)
 .eh_frame      0x0800e45c        0x0 C:/ProgramData/MATLAB/SupportPackages/R2024b/3P.instrset/gnuarm-armcortex.instrset/win/bin/../lib/gcc/arm-none-eabi/13.2.1/thumb/v7e-m+fp/hard/crtbegin.o
 *(.init)
 .init          0x0800e45c        0x4 C:/ProgramData/MATLAB/SupportPackages/R2024b/3P.instrset/gnuarm-armcortex.instrset/win/bin/../lib/gcc/arm-none-eabi/13.2.1/thumb/v7e-m+fp/hard/crti.o
                0x0800e45c                _init
 .init          0x0800e460        0x8 C:/ProgramData/MATLAB/SupportPackages/R2024b/3P.instrset/gnuarm-armcortex.instrset/win/bin/../lib/gcc/arm-none-eabi/13.2.1/thumb/v7e-m+fp/hard/crtn.o
 *(.fini)
 .fini          0x0800e468        0x4 C:/ProgramData/MATLAB/SupportPackages/R2024b/3P.instrset/gnuarm-armcortex.instrset/win/bin/../lib/gcc/arm-none-eabi/13.2.1/thumb/v7e-m+fp/hard/crti.o
                0x0800e468                _fini
 .fini          0x0800e46c        0x8 C:/ProgramData/MATLAB/SupportPackages/R2024b/3P.instrset/gnuarm-armcortex.instrset/win/bin/../lib/gcc/arm-none-eabi/13.2.1/thumb/v7e-m+fp/hard/crtn.o
                0x0800e474                        . = ALIGN (0x4)
                0x0800e474                        _etext = .

.vfp11_veneer   0x0800e474        0x0
 .vfp11_veneer  0x0800e474        0x0 linker stubs

.v4_bx          0x0800e474        0x0
 .v4_bx         0x0800e474        0x0 linker stubs

.iplt           0x0800e474        0x0
 .iplt          0x0800e474        0x0 C:/ProgramData/MATLAB/SupportPackages/R2024b/3P.instrset/gnuarm-armcortex.instrset/win/bin/../lib/gcc/arm-none-eabi/13.2.1/thumb/v7e-m+fp/hard/crtbegin.o

.rodata         0x0800e478     0x2a28
                0x0800e478                        . = ALIGN (0x4)
 *(.rodata)
 .rodata        0x0800e478      0x2b9 xcp_ext_mode.o
 *fill*         0x0800e731        0x3 
 .rodata        0x0800e734      0x12e xcp_ext_common.o
 *fill*         0x0800e862        0x2 
 .rodata        0x0800e864       0x4c xcp_ext_classic_trigger.o
 .rodata        0x0800e8b0      0x278 xcp.o
 .rodata        0x0800eb28      0x3a9 xcp_standard.o
 *fill*         0x0800eed1        0x3 
 .rodata        0x0800eed4     0x1010 xcp_daq.o
 .rodata        0x0800fee4       0xdd xcp_calibration.o
 *fill*         0x0800ffc1        0x3 
 .rodata        0x0800ffc4      0x56e xcp_transport.o
 *fill*         0x08010532        0x2 
 .rodata        0x08010534       0xf5 xcp_mem_default.o
 *fill*         0x08010629        0x3 
 .rodata        0x0801062c      0x228 xcp_drv_rtiostream.o
 .rodata        0x08010854      0x4aa xcp_frame_serial.o
 *(.rodata*)
 *fill*         0x08010cfe        0x2 
 .rodata.CHANNEL_OFFSET_TAB
                0x08010d00        0x7 stm_adc_ll.o
 *fill*         0x08010d07        0x1 
 .rodata.Micro_mouse_M
                0x08010d08        0x4 Micro_mouse.o
                0x08010d08                Micro_mouse_M
 .rodata.rtAlwaysEnabled.0
                0x08010d0c        0x1 Micro_mouse.o
 *fill*         0x08010d0d        0x3 
 .rodata.Micro_mouse_ConstB
                0x08010d10        0x1 Micro_mouse_data.o
                0x08010d10                Micro_mouse_ConstB
 *fill*         0x08010d11        0x3 
 .rodata.standardSupportedRxPacket
                0x08010d14       0x54 xcp_standard.o
 .rodata.daqSupportedRxPacket
                0x08010d68       0x9c xcp_daq.o
 .rodata.calibrationSupportedRxPacket
                0x08010e04       0x18 xcp_calibration.o
 .rodata.CHANNEL_OFFSET_TAB
                0x08010e1c        0x7 stm_usart.o
 *fill*         0x08010e23        0x1 
 .rodata.CHANNEL_OFFSET_TAB
                0x08010e24        0x7 main.o
 *fill*         0x08010e2b        0x1 
 .rodata.OFFSET_TAB_CCMRx
                0x08010e2c        0x9 main.o
 *fill*         0x08010e35        0x3 
 .rodata.SHIFT_TAB_OCxx
                0x08010e38        0x9 main.o
 *fill*         0x08010e41        0x3 
 .rodata.AHBPrescTable
                0x08010e44       0x10 system_stm32l4xx.o
                0x08010e44                AHBPrescTable
 .rodata.APBPrescTable
                0x08010e54        0x8 system_stm32l4xx.o
                0x08010e54                APBPrescTable
 .rodata.MSIRangeTable
                0x08010e5c       0x30 system_stm32l4xx.o
                0x08010e5c                MSIRangeTable
 *fill*         0x08010e8c        0x4 
 .rodata.Zero   0x08010e90       0x10 C:/ProgramData/MATLAB/SupportPackages/R2024b/3P.instrset/gnuarm-armcortex.instrset/win/bin/../lib/gcc/arm-none-eabi/13.2.1/thumb/v7e-m+fp/hard\libm.a(libm_a-e_fmod.o)
                0x08010ea0                        . = ALIGN (0x4)

.ARM.extab      0x08010ea0        0x0
                0x08010ea0                        . = ALIGN (0x4)
 *(.ARM.extab* .gnu.linkonce.armextab.*)
                0x08010ea0                        . = ALIGN (0x4)

.ARM            0x08010ea0        0x0
                0x08010ea0                        . = ALIGN (0x4)
                0x08010ea0                        __exidx_start = .
 *(.ARM.exidx*)
                0x08010ea0                        __exidx_end = .
                0x08010ea0                        . = ALIGN (0x4)

.preinit_array  0x08010ea0        0x0
                0x08010ea0                        . = ALIGN (0x4)
                0x08010ea0                        PROVIDE (__preinit_array_start = .)
 *(.preinit_array*)
                0x08010ea0                        PROVIDE (__preinit_array_end = .)
                0x08010ea0                        . = ALIGN (0x4)

.init_array     0x08010ea0        0x4
                0x08010ea0                        . = ALIGN (0x4)
                0x08010ea0                        PROVIDE (__init_array_start = .)
 *(SORT_BY_NAME(.init_array.*))
 *(.init_array*)
 .init_array    0x08010ea0        0x4 C:/ProgramData/MATLAB/SupportPackages/R2024b/3P.instrset/gnuarm-armcortex.instrset/win/bin/../lib/gcc/arm-none-eabi/13.2.1/thumb/v7e-m+fp/hard/crtbegin.o
                0x08010ea4                        PROVIDE (__init_array_end = .)
                0x08010ea4                        . = ALIGN (0x4)

.fini_array     0x08010ea4        0x4
                0x08010ea4                        . = ALIGN (0x4)
                [!provide]                        PROVIDE (__fini_array_start = .)
 *(SORT_BY_NAME(.fini_array.*))
 *(.fini_array*)
 .fini_array    0x08010ea4        0x4 C:/ProgramData/MATLAB/SupportPackages/R2024b/3P.instrset/gnuarm-armcortex.instrset/win/bin/../lib/gcc/arm-none-eabi/13.2.1/thumb/v7e-m+fp/hard/crtbegin.o
                [!provide]                        PROVIDE (__fini_array_end = .)
                0x08010ea8                        . = ALIGN (0x4)
                0x08010ea8                        _sidata = LOADADDR (.data)

.rel.dyn        0x08010ea8        0x0
 .rel.iplt      0x08010ea8        0x0 C:/ProgramData/MATLAB/SupportPackages/R2024b/3P.instrset/gnuarm-armcortex.instrset/win/bin/../lib/gcc/arm-none-eabi/13.2.1/thumb/v7e-m+fp/hard/crtbegin.o

.data           0x20000000       0xe4 load address 0x08010ea8
                0x20000000                        . = ALIGN (0x4)
                0x20000000                        _sdata = .
 *(.data)
 *(.data*)
 .data.xcpExtmodeFinalSimulationTime
                0x20000000        0x8 xcp_ext_common.o
                0x20000000                xcpExtmodeFinalSimulationTime
 .data.xcpClassicTriggerDuration
                0x20000008        0x4 xcp_ext_classic_trigger.o
                0x20000008                xcpClassicTriggerDuration
 .data.xcpClassicTriggerArmRequest
                0x2000000c        0x1 xcp_ext_classic_trigger.o
                0x2000000c                xcpClassicTriggerArmRequest
 *fill*         0x2000000d        0x3 
 .data.startStopDaqListId
                0x20000010        0x4 xcp_daq.o
 .data.xcpCurrentDaq
                0x20000014        0x4 xcp_daq.o
 .data.xcpEventCustomMemoryManager
                0x20000018        0xc xcp_daq.o
 .data.xcpCtoReservedMemPoolId
                0x20000024        0x4 xcp_transport.o
 .data.xcpMemMainBlockSizes
                0x20000028        0xc xcp_mem_default.o
 .data.xcpMemMainBlocksNumber
                0x20000034        0xc xcp_mem_default.o
 .data.drvID    0x20000040        0x4 xcp_drv_rtiostream.o
 .data.xcpCtoReservedMemPoolId
                0x20000044        0x4 xcp_frame_serial.o
 .data.uartObj  0x20000048       0x40 rtiostream_serial.o
                0x20000048                uartObj
 .data.uwTickPrio
                0x20000088        0x4 stm32l4xx_hal.o
                0x20000088                uwTickPrio
 .data.uwTickFreq
                0x2000008c        0x1 stm32l4xx_hal.o
                0x2000008c                uwTickFreq
 *fill*         0x2000008d        0x3 
 .data.SystemCoreClock
                0x20000090        0x4 system_stm32l4xx.o
                0x20000090                SystemCoreClock
 .data._impure_ptr
                0x20000094        0x4 C:/ProgramData/MATLAB/SupportPackages/R2024b/3P.instrset/gnuarm-armcortex.instrset/win/bin/../lib/gcc/arm-none-eabi/13.2.1/thumb/v7e-m+fp/hard\libg_nano.a(libc_a-impure.o)
                0x20000094                _impure_ptr
 .data._impure_data
                0x20000098       0x4c C:/ProgramData/MATLAB/SupportPackages/R2024b/3P.instrset/gnuarm-armcortex.instrset/win/bin/../lib/gcc/arm-none-eabi/13.2.1/thumb/v7e-m+fp/hard\libg_nano.a(libc_a-impure.o)
                0x20000098                _impure_data
 *(.RamFunc)
 *(.RamFunc*)
                0x200000e4                        . = ALIGN (0x4)
                0x200000e4                        _edata = .

.tm_clone_table
                0x200000e4        0x0 load address 0x08010f8c
 .tm_clone_table
                0x200000e4        0x0 C:/ProgramData/MATLAB/SupportPackages/R2024b/3P.instrset/gnuarm-armcortex.instrset/win/bin/../lib/gcc/arm-none-eabi/13.2.1/thumb/v7e-m+fp/hard/crtbegin.o
 .tm_clone_table
                0x200000e4        0x0 C:/ProgramData/MATLAB/SupportPackages/R2024b/3P.instrset/gnuarm-armcortex.instrset/win/bin/../lib/gcc/arm-none-eabi/13.2.1/thumb/v7e-m+fp/hard/crtend.o

.igot.plt       0x200000e4        0x0 load address 0x08010f8c
 .igot.plt      0x200000e4        0x0 C:/ProgramData/MATLAB/SupportPackages/R2024b/3P.instrset/gnuarm-armcortex.instrset/win/bin/../lib/gcc/arm-none-eabi/13.2.1/thumb/v7e-m+fp/hard/crtbegin.o
                0x200000e4                        . = ALIGN (0x4)

.bss            0x200000e8     0x1634 load address 0x08010f8c
                0x200000e8                        _sbss = .
                0x200000e8                        __bss_start__ = _sbss
 *(.bss)
 *(.bss*)
 .bss.completed.1
                0x200000e8        0x1 C:/ProgramData/MATLAB/SupportPackages/R2024b/3P.instrset/gnuarm-armcortex.instrset/win/bin/../lib/gcc/arm-none-eabi/13.2.1/thumb/v7e-m+fp/hard/crtbegin.o
 *fill*         0x200000e9        0x3 
 .bss.object.0  0x200000ec       0x18 C:/ProgramData/MATLAB/SupportPackages/R2024b/3P.instrset/gnuarm-armcortex.instrset/win/bin/../lib/gcc/arm-none-eabi/13.2.1/thumb/v7e-m+fp/hard/crtbegin.o
 .bss.mw_adc1   0x20000104       0x1c stm_adc_ll.o
                0x20000104                mw_adc1
 .bss.mw_tim1   0x20000120       0x8c stm_timer_ll.o
                0x20000120                mw_tim1
 .bss.mw_tim16  0x200001ac       0x8c stm_timer_ll.o
                0x200001ac                mw_tim16
 .bss.xcpCustomTriggerFunction
                0x20000238        0x8 xcp_ext_mode.o
 .bss.Micro_mouse_B
                0x20000240        0xa Micro_mouse.o
                0x20000240                Micro_mouse_B
 *fill*         0x2000024a        0x2 
 .bss.Micro_mouse_DW
                0x2000024c       0x48 Micro_mouse.o
                0x2000024c                Micro_mouse_DW
 *fill*         0x20000294        0x4 
 .bss.Micro_mouse_M_
                0x20000298       0x48 Micro_mouse.o
 .bss.rt_ExtModeInfo.2
                0x200002e0       0x14 Micro_mouse.o
 .bss.systemRan.1
                0x200002f4       0x18 Micro_mouse.o
 .bss.IsrOverrun
                0x2000030c        0x4 ert_main.o
                0x2000030c                IsrOverrun
 .bss.OverrunFlag
                0x20000310        0x1 ert_main.o
 .bss.stopRequested
                0x20000311        0x1 ert_main.o
                0x20000311                stopRequested
 .bss.runModel  0x20000312        0x1 ert_main.o
                0x20000312                runModel
 .bss.xcpModelStartRequest
                0x20000313        0x1 xcp_ext_common.o
                0x20000313                xcpModelStartRequest
 .bss.xcpModelStopRequest
                0x20000314        0x1 xcp_ext_common.o
                0x20000314                xcpModelStopRequest
 .bss.xcpModelStatus
                0x20000315        0x1 xcp_ext_common.o
                0x20000315                xcpModelStatus
 *fill*         0x20000316        0x2 
 .bss.xcpModelChecksum0
                0x20000318        0x4 xcp_ext_common.o
                0x20000318                xcpModelChecksum0
 .bss.xcpModelChecksum1
                0x2000031c        0x4 xcp_ext_common.o
                0x2000031c                xcpModelChecksum1
 .bss.xcpModelChecksum2
                0x20000320        0x4 xcp_ext_common.o
                0x20000320                xcpModelChecksum2
 .bss.xcpModelChecksum3
                0x20000324        0x4 xcp_ext_common.o
                0x20000324                xcpModelChecksum3
 .bss.xcpModelIntegerCode
                0x20000328        0x4 xcp_ext_common.o
                0x20000328                xcpModelIntegerCode
 .bss.xcpExtmodeSimulationComplete
                0x2000032c        0x1 xcp_ext_common.o
                0x2000032c                xcpExtmodeSimulationComplete
 *fill*         0x2000032d        0x3 
 .bss.xcpDummyDoubleVariable
                0x20000330        0x8 xcp_ext_common.o
                0x20000330                xcpDummyDoubleVariable
 .bss.xcpDummyUint64Variable
                0x20000338        0x8 xcp_ext_common.o
                0x20000338                xcpDummyUint64Variable
 .bss.xcpCurrentSimulationTimeInMs
                0x20000340        0x8 xcp_ext_common.o
                0x20000340                xcpCurrentSimulationTimeInMs
 .bss.xcpBaseRateSimulationTime
                0x20000348        0x8 xcp_ext_common.o
 .bss.xcpClassicTriggerEventId
                0x20000350        0x2 xcp_ext_classic_trigger.o
                0x20000350                xcpClassicTriggerEventId
 *fill*         0x20000352        0x2 
 .bss.xcpClassicTriggerSignalAddress
                0x20000354        0x4 xcp_ext_classic_trigger.o
                0x20000354                xcpClassicTriggerSignalAddress
 .bss.xcpClassicTriggerSignalAddressExtension
                0x20000358        0x1 xcp_ext_classic_trigger.o
                0x20000358                xcpClassicTriggerSignalAddressExtension
 *fill*         0x20000359        0x7 
 .bss.xcpClassicTriggerLevel
                0x20000360        0x8 xcp_ext_classic_trigger.o
                0x20000360                xcpClassicTriggerLevel
 .bss.xcpClassicTriggerHoldOff
                0x20000368        0x4 xcp_ext_classic_trigger.o
                0x20000368                xcpClassicTriggerHoldOff
 .bss.xcpClassicTriggerDelay
                0x2000036c        0x4 xcp_ext_classic_trigger.o
                0x2000036c                xcpClassicTriggerDelay
 .bss.xcpClassicTriggerDirection
                0x20000370        0x1 xcp_ext_classic_trigger.o
                0x20000370                xcpClassicTriggerDirection
 .bss.xcpClassicTriggerCancelRequest
                0x20000371        0x1 xcp_ext_classic_trigger.o
                0x20000371                xcpClassicTriggerCancelRequest
 .bss.xcpClassicTriggerSource
                0x20000372        0x1 xcp_ext_classic_trigger.o
                0x20000372                xcpClassicTriggerSource
 .bss.xcpClassicTriggerMode
                0x20000373        0x1 xcp_ext_classic_trigger.o
                0x20000373                xcpClassicTriggerMode
 .bss.xcpClassicTriggerStatus
                0x20000374        0x1 xcp_ext_classic_trigger.o
                0x20000374                xcpClassicTriggerStatus
 *fill*         0x20000375        0x3 
 .bss.xcpOldSignalValue
                0x20000378        0x8 xcp_ext_classic_trigger.o
 .bss.xcpOldSignalValueAvailable
                0x20000380        0x1 xcp_ext_classic_trigger.o
 .bss.xcpOldClassicTriggerSource
                0x20000381        0x1 xcp_ext_classic_trigger.o
 .bss.xcpTriggerEnabled
                0x20000382        0x1 xcp_ext_classic_trigger.o
 .bss.xcpSignalTriggerFired
                0x20000383        0x1 xcp_ext_classic_trigger.o
 .bss.xcpTriggerCount
                0x20000384        0x4 xcp_ext_classic_trigger.o
 .bss.xcpForcedTriggerEnabled
                0x20000388        0x1 xcp_ext_classic_trigger.o
 .bss.xcpForceTriggerEnableRequest
                0x20000389        0x1 xcp_ext_classic_trigger.o
 .bss.initialized
                0x2000038a        0x1 xcp.o
 .bss.xcpStatus
                0x2000038b        0x1 xcp.o
 .bss.xcpSessionStatus
                0x2000038c        0x1 xcp.o
 .bss.xcpResourceProtectionStatus
                0x2000038d        0x1 xcp.o
 .bss.xcpSessionConfigurationId
                0x2000038e        0x2 xcp.o
 .bss.groupPacketLookup
                0x20000390       0x10 xcp.o
 .bss.xcpMta    0x200003a0        0x8 xcp_standard.o
 .bss.xcpUploadSize
                0x200003a8        0x1 xcp_standard.o
 *fill*         0x200003a9        0x3 
 .bss.packetLookup
                0x200003ac        0x4 xcp_standard.o
 .bss.xcpDynamicDaqLists
                0x200003b0        0x8 xcp_daq.o
 .bss.xcpRunningEventCounter
                0x200003b8        0x4 xcp_daq.o
 .bss.daqLock   0x200003bc        0x4 xcp_daq.o
 .bss.packetLookup
                0x200003c0        0x4 xcp_daq.o
 .bss.packetLookup
                0x200003c4        0x4 xcp_calibration.o
 .bss.txFifo    0x200003c8       0x10 xcp_transport.o
 .bss.txLock    0x200003d8        0x4 xcp_transport.o
 .bss.rxFifo    0x200003dc        0x8 xcp_transport.o
 .bss.rxLock    0x200003e4        0x4 xcp_transport.o
 .bss.initialized
                0x200003e8        0x1 xcp_transport.o
 *fill*         0x200003e9        0x3 
 .bss.xcpMemPoolDescriptors
                0x200003ec       0xc0 xcp_mem_default.o
 .bss.xcpMemCustomPoolDescriptors
                0x200004ac        0x8 xcp_mem_default.o
 .bss.xcpMemMainChunk
                0x200004b4      0x3a7 xcp_mem_default.o
 *fill*         0x2000085b        0x1 
 .bss.xcpMemReservedPoolsChunk
                0x2000085c      0x4bd xcp_mem_default.o
 *fill*         0x20000d19        0x3 
 .bss.xcpMemReservedPoolsChunkUsedBytes
                0x20000d1c        0x4 xcp_mem_default.o
 .bss.xcpMemLock
                0x20000d20        0x4 xcp_mem_default.o
 .bss.forceBlocking
                0x20000d24        0x1 xcp_drv_rtiostream.o
 *fill*         0x20000d25        0x1 
 .bss.txCounter
                0x20000d26        0x2 xcp_frame_serial.o
 .bss.rxCounter
                0x20000d28        0x2 xcp_frame_serial.o
 *fill*         0x20000d2a        0x2 
 .bss.firstRxCounterReceived
                0x20000d2c        0x4 xcp_frame_serial.o
 .bss.initialized
                0x20000d30        0x1 xcp_frame_serial.o
 *fill*         0x20000d31        0x3 
 .bss.timestampInitialized
                0x20000d34        0x4 platform_timer.o
 .bss.timestampStartTime
                0x20000d38        0x4 platform_timer.o
 .bss.schdl_counter
                0x20000d3c        0x4 SysTickScheduler.o
                0x20000d3c                schdl_counter
 .bss.schdl_counter_max
                0x20000d40        0x4 SysTickScheduler.o
                0x20000d40                schdl_counter_max
 .bss.taskToSchedule
                0x20000d44        0x4 m3m4m4f_multitasking.o
                0x20000d44                taskToSchedule
 .bss.mw_ext_h  0x20000d48        0x4 rtiostream_serial.o
                0x20000d48                mw_ext_h
 .bss.UARTTxBuffer
                0x20000d4c        0x4 rtiostream_serial.o
                0x20000d4c                UARTTxBuffer
 .bss.UARTRxBuffer
                0x20000d50        0x4 rtiostream_serial.o
                0x20000d50                UARTRxBuffer
 .bss.mw_usart2
                0x20000d54       0x40 stm_usart.o
                0x20000d54                mw_usart2
 .bss.USART2ReceiveBuffer
                0x20000d94      0x400 stm_usart.o
                0x20000d94                USART2ReceiveBuffer
 .bss.USART2TransmitBuffer
                0x20001194      0x400 stm_usart.o
                0x20001194                USART2TransmitBuffer
 .bss.htim2     0x20001594       0x4c stm32l4xx_hal_timebase_tim.o
                0x20001594                htim2
 .bss.uwTick    0x200015e0        0x4 stm32l4xx_hal.o
                0x200015e0                uwTick
 .bss.__sf      0x200015e4      0x138 C:/ProgramData/MATLAB/SupportPackages/R2024b/3P.instrset/gnuarm-armcortex.instrset/win/bin/../lib/gcc/arm-none-eabi/13.2.1/thumb/v7e-m+fp/hard\libg_nano.a(libc_a-findfp.o)
                0x200015e4                __sf
 *(COMMON)
                0x2000171c                        . = ALIGN (0x4)
                0x2000171c                        _ebss = .
                0x2000171c                        __bss_end__ = _ebss

._user_heap_stack
                0x2000171c      0x604 load address 0x08010f8c
                0x20001720                        . = ALIGN (0x8)
 *fill*         0x2000171c        0x4 
                [!provide]                        PROVIDE (end = .)
                0x20001720                        PROVIDE (_end = .)
                0x20001920                        . = (. + _Min_Heap_Size)
 *fill*         0x20001720      0x200 
                0x20001d20                        . = (. + _Min_Stack_Size)
 *fill*         0x20001920      0x400 
                0x20001d20                        . = ALIGN (0x8)

/DISCARD/
 libc.a(*)
 libm.a(*)
 libgcc.a(*)

.ARM.attributes
                0x00000000       0x30
 *(.ARM.attributes)
 .ARM.attributes