Archive member included to satisfy reference by file (symbol)

C:/ProgramData/MATLAB/SupportPackages/R2024b/3P.instrset/gnuarm-armcortex.instrset/win/bin/../lib/gcc/arm-none-eabi/13.2.1/thumb/v7e-m+fp/hard\libm.a(libm_a-w_fmod.o)
                              xcp_ext_common.o (fmod)
C:/ProgramData/MATLAB/SupportPackages/R2024b/3P.instrset/gnuarm-armcortex.instrset/win/bin/../lib/gcc/arm-none-eabi/13.2.1/thumb/v7e-m+fp/hard\libm.a(libm_a-e_fmod.o)
                              C:/ProgramData/MATLAB/SupportPackages/R2024b/3P.instrset/gnuarm-armcortex.instrset/win/bin/../lib/gcc/arm-none-eabi/13.2.1/thumb/v7e-m+fp/hard\libm.a(libm_a-w_fmod.o) (__ieee754_fmod)
C:/ProgramData/MATLAB/SupportPackages/R2024b/3P.instrset/gnuarm-armcortex.instrset/win/bin/../lib/gcc/arm-none-eabi/13.2.1/thumb/v7e-m+fp/hard\libgcc.a(_arm_muldf3.o)
                              Micro_mouse.o (__aeabi_dmul)
C:/ProgramData/MATLAB/SupportPackages/R2024b/3P.instrset/gnuarm-armcortex.instrset/win/bin/../lib/gcc/arm-none-eabi/13.2.1/thumb/v7e-m+fp/hard\libgcc.a(_arm_addsubdf3.o)
                              Micro_mouse.o (__aeabi_dsub)
C:/ProgramData/MATLAB/SupportPackages/R2024b/3P.instrset/gnuarm-armcortex.instrset/win/bin/../lib/gcc/arm-none-eabi/13.2.1/thumb/v7e-m+fp/hard\libgcc.a(_arm_muldivdf3.o)
                              xcp_ext_common.o (__aeabi_ddiv)
C:/ProgramData/MATLAB/SupportPackages/R2024b/3P.instrset/gnuarm-armcortex.instrset/win/bin/../lib/gcc/arm-none-eabi/13.2.1/thumb/v7e-m+fp/hard\libgcc.a(_arm_cmpdf2.o)
                              xcp_ext_mode.o (__aeabi_dcmpeq)
C:/ProgramData/MATLAB/SupportPackages/R2024b/3P.instrset/gnuarm-armcortex.instrset/win/bin/../lib/gcc/arm-none-eabi/13.2.1/thumb/v7e-m+fp/hard\libgcc.a(_arm_unorddf2.o)
                              C:/ProgramData/MATLAB/SupportPackages/R2024b/3P.instrset/gnuarm-armcortex.instrset/win/bin/../lib/gcc/arm-none-eabi/13.2.1/thumb/v7e-m+fp/hard\libm.a(libm_a-w_fmod.o) (__aeabi_dcmpun)
C:/ProgramData/MATLAB/SupportPackages/R2024b/3P.instrset/gnuarm-armcortex.instrset/win/bin/../lib/gcc/arm-none-eabi/13.2.1/thumb/v7e-m+fp/hard\libgcc.a(_arm_fixunsdfsi.o)
                              xcp_ext_common.o (__aeabi_d2uiz)
C:/ProgramData/MATLAB/SupportPackages/R2024b/3P.instrset/gnuarm-armcortex.instrset/win/bin/../lib/gcc/arm-none-eabi/13.2.1/thumb/v7e-m+fp/hard\libgcc.a(_arm_truncdfsf2.o)
                              Micro_mouse.o (__aeabi_d2f)
C:/ProgramData/MATLAB/SupportPackages/R2024b/3P.instrset/gnuarm-armcortex.instrset/win/bin/../lib/gcc/arm-none-eabi/13.2.1/thumb/v7e-m+fp/hard\libg_nano.a(libc_a-exit.o)
                              C:/ProgramData/MATLAB/SupportPackages/R2024b/3P.instrset/gnuarm-armcortex.instrset/win/bin/../lib/gcc/arm-none-eabi/13.2.1/thumb/v7e-m+fp/hard/crt0.o (exit)
C:/ProgramData/MATLAB/SupportPackages/R2024b/3P.instrset/gnuarm-armcortex.instrset/win/bin/../lib/gcc/arm-none-eabi/13.2.1/thumb/v7e-m+fp/hard\libg_nano.a(libc_a-findfp.o)
                              C:/ProgramData/MATLAB/SupportPackages/R2024b/3P.instrset/gnuarm-armcortex.instrset/win/bin/../lib/gcc/arm-none-eabi/13.2.1/thumb/v7e-m+fp/hard\libg_nano.a(libc_a-exit.o) (__stdio_exit_handler)
C:/ProgramData/MATLAB/SupportPackages/R2024b/3P.instrset/gnuarm-armcortex.instrset/win/bin/../lib/gcc/arm-none-eabi/13.2.1/thumb/v7e-m+fp/hard\libg_nano.a(libc_a-fwalk.o)
                              C:/ProgramData/MATLAB/SupportPackages/R2024b/3P.instrset/gnuarm-armcortex.instrset/win/bin/../lib/gcc/arm-none-eabi/13.2.1/thumb/v7e-m+fp/hard\libg_nano.a(libc_a-findfp.o) (_fwalk_sglue)
C:/ProgramData/MATLAB/SupportPackages/R2024b/3P.instrset/gnuarm-armcortex.instrset/win/bin/../lib/gcc/arm-none-eabi/13.2.1/thumb/v7e-m+fp/hard\libg_nano.a(libc_a-stdio.o)
                              C:/ProgramData/MATLAB/SupportPackages/R2024b/3P.instrset/gnuarm-armcortex.instrset/win/bin/../lib/gcc/arm-none-eabi/13.2.1/thumb/v7e-m+fp/hard\libg_nano.a(libc_a-findfp.o) (__sread)
C:/ProgramData/MATLAB/SupportPackages/R2024b/3P.instrset/gnuarm-armcortex.instrset/win/bin/../lib/gcc/arm-none-eabi/13.2.1/thumb/v7e-m+fp/hard\libg_nano.a(libc_a-memset.o)
                              C:/ProgramData/MATLAB/SupportPackages/R2024b/3P.instrset/gnuarm-armcortex.instrset/win/bin/../lib/gcc/arm-none-eabi/13.2.1/thumb/v7e-m+fp/hard/crt0.o (memset)
C:/ProgramData/MATLAB/SupportPackages/R2024b/3P.instrset/gnuarm-armcortex.instrset/win/bin/../lib/gcc/arm-none-eabi/13.2.1/thumb/v7e-m+fp/hard\libg_nano.a(libc_a-closer.o)
                              C:/ProgramData/MATLAB/SupportPackages/R2024b/3P.instrset/gnuarm-armcortex.instrset/win/bin/../lib/gcc/arm-none-eabi/13.2.1/thumb/v7e-m+fp/hard\libg_nano.a(libc_a-stdio.o) (_close_r)
C:/ProgramData/MATLAB/SupportPackages/R2024b/3P.instrset/gnuarm-armcortex.instrset/win/bin/../lib/gcc/arm-none-eabi/13.2.1/thumb/v7e-m+fp/hard\libg_nano.a(libc_a-reent.o)
[...]
Memory Configuration

Name             Origin             Length             Attributes
RAM              0x20000000         0x0000c000         xrw
RAM2             0x10000000         0x00004000         xrw
FLASH            0x08000000         0x00040000         xr
*default*        0x00000000         0xffffffff

Linker script and memory map

LOAD C:/ProgramData/MATLAB/SupportPackages/R2024b/3P.instrset/gnuarm-armcortex.instrset/win/bin/../lib/gcc/arm-none-eabi/13.2.1/thumb/v7e-m+fp/hard/crti.o
LOAD C:/ProgramData/MATLAB/SupportPackages/R2024b/3P.instrset/gnuarm-armcortex.instrset/win/bin/../lib/gcc/arm-none-eabi/13.2.1/thumb/v7e-m+fp/hard/crtbegin.o
LOAD C:/ProgramData/MATLAB/SupportPackages/R2024b/3P.instrset/gnuarm-armcortex.instrset/win/bin/../lib/gcc/arm-none-eabi/13.2.1/thumb/v7e-m+fp/hard/crt0.o
LOAD stm_adc_ll.o
LOAD stm_timer_ll.o
LOAD xcp_ext_mode.o
LOAD mw_stm32_nvic.o
LOAD Micro_mouse.o
LOAD ert_main.o
LOAD xcp_ext_common.o
LOAD xcp_ext_classic_trigger.o
LOAD xcp.o
LOAD xcp_standard.o
LOAD xcp_daq.o
LOAD xcp_calibration.o
LOAD xcp_fifo.o
LOAD xcp_transport.o
LOAD xcp_mem_default.o
LOAD xcp_drv_rtiostream.o
LOAD xcp_utils.o
LOAD xcp_frame_serial.o
LOAD xcp_ext_param_default_serial.o
LOAD overrideHALDelay.o
LOAD platform_timer.o
LOAD SysTickScheduler.o
LOAD m3m4m4f_multitasking.o
LOAD rtiostream_serial.o
LOAD stm_usart.o
LOAD stm_lpuart.o
LOAD sys_arch.o
LOAD main.o
LOAD stm32l4xx_it.o
LOAD stm32l4xx_hal_msp.o
LOAD stm32l4xx_hal_timebase_tim.o
LOAD stm32l4xx_ll_utils.o
LOAD stm32l4xx_ll_exti.o
LOAD stm32l4xx_hal_tim.o
LOAD stm32l4xx_hal_tim_ex.o
LOAD stm32l4xx_ll_gpio.o
LOAD stm32l4xx_ll_adc.o
LOAD stm32l4xx_ll_dma.o
LOAD stm32l4xx_hal.o
LOAD stm32l4xx_hal_rcc.o
LOAD stm32l4xx_hal_rcc_ex.o
LOAD stm32l4xx_hal_flash.o
LOAD stm32l4xx_hal_flash_ex.o
LOAD stm32l4xx_hal_flash_ramfunc.o
LOAD stm32l4xx_hal_gpio.o
LOAD stm32l4xx_hal_i2c.o
LOAD stm32l4xx_hal_i2c_ex.o
LOAD stm32l4xx_hal_dma.o
LOAD stm32l4xx_hal_dma_ex.o
LOAD stm32l4xx_hal_pwr.o
LOAD stm32l4xx_hal_pwr_ex.o
LOAD stm32l4xx_hal_cortex.o
LOAD stm32l4xx_hal_exti.o
LOAD stm32l4xx_ll_i2c.o
LOAD stm32l4xx_ll_tim.o
LOAD stm32l4xx_ll_usart.o
LOAD stm32l4xx_ll_rcc.o
LOAD system_stm32l4xx.o
LOAD syscalls.o
LOAD sysmem.o
LOAD startup_stm32l432kcux.o
LOAD C:/ProgramData/MATLAB/SupportPackages/R2024b/3P.instrset/cmsis_dsp.instrset/Lib/GCC/arm_cortexm4ldfsp_math/libCMSISDSP.a
LOAD C:/ProgramData/MATLAB/SupportPackages/R2024b/3P.instrset/gnuarm-armcortex.instrset/win/bin/../lib/gcc/arm-none-eabi/13.2.1/thumb/v7e-m+fp/hard\libstdc++_nano.a
LOAD C:/ProgramData/MATLAB/SupportPackages/R2024b/3P.instrset/gnuarm-armcortex.instrset/win/bin/../lib/gcc/arm-none-eabi/13.2.1/thumb/v7e-m+fp/hard\libm.a
START GROUP
LOAD C:/ProgramData/MATLAB/SupportPackages/R2024b/3P.instrset/gnuarm-armcortex.instrset/win/bin/../lib/gcc/arm-none-eabi/13.2.1/thumb/v7e-m+fp/hard\libgcc.a
LOAD C:/ProgramData/MATLAB/SupportPackages/R2024b/3P.instrset/gnuarm-armcortex.instrset/win/bin/../lib/gcc/arm-none-eabi/13.2.1/thumb/v7e-m+fp/hard\libg_nano.a
LOAD C:/ProgramData/MATLAB/SupportPackages/R2024b/3P.instrset/gnuarm-armcortex.instrset/win/bin/../lib/gcc/arm-none-eabi/13.2.1/thumb/v7e-m+fp/hard\libc_nano.a
END GROUP
START GROUP
LOAD C:/ProgramData/MATLAB/SupportPackages/R2024b/3P.instrset/gnuarm-armcortex.instrset/win/bin/../lib/gcc/arm-none-eabi/13.2.1/thumb/v7e-m+fp/hard\libgcc.a
LOAD C:/ProgramData/MATLAB/SupportPackages/R2024b/3P.instrset/gnuarm-armcortex.instrset/win/bin/../lib/gcc/arm-none-eabi/13.2.1/thumb/v7e-m+fp/hard\libc_nano.a
LOAD C:/ProgramData/MATLAB/SupportPackages/R2024b/3P.instrset/gnuarm-armcortex.instrset/win/bin/../lib/gcc/arm-none-eabi/13.2.1/thumb/v7e-m+fp/hard\libnosys.a
END GROUP
START GROUP
LOAD C:/ProgramData/MATLAB/SupportPackages/R2024b/3P.instrset/gnuarm-armcortex.instrset/win/bin/../lib/gcc/arm-none-eabi/13.2.1/thumb/v7e-m+fp/hard\libgcc.a
LOAD C:/ProgramData/MATLAB/SupportPackages/R2024b/3P.instrset/gnuarm-armcortex.instrset/win/bin/../lib/gcc/arm-none-eabi/13.2.1/thumb/v7e-m+fp/hard\libc_nano.a
LOAD C:/ProgramData/MATLAB/SupportPackages/R2024b/3P.instrset/gnuarm-armcortex.instrset/win/bin/../lib/gcc/arm-none-eabi/13.2.1/thumb/v7e-m+fp/hard\libnosys.a
END GROUP
LOAD C:/ProgramData/MATLAB/SupportPackages/R2024b/3P.instrset/gnuarm-armcortex.instrset/win/bin/../lib/gcc/arm-none-eabi/13.2.1/thumb/v7e-m+fp/hard/crtend.o
LOAD C:/ProgramData/MATLAB/SupportPackages/R2024b/3P.instrset/gnuarm-armcortex.instrset/win/bin/../lib/gcc/arm-none-eabi/13.2.1/thumb/v7e-m+fp/hard/crtn.o
                0x2000c000                        _estack = (ORIGIN (RAM) + LENGTH (RAM))
                0x00000200                        _Min_Heap_Size = 0x200
                0x00000400                        _Min_Stack_Size = 0x400

.isr_vector     0x08000000      0x18c
                0x08000000                        . = ALIGN (0x4)
 *(.isr_vector)
 .isr_vector    0x08000000      0x18c startup_stm32l432kcux.o
                0x08000000                g_pfnVectors
                0x0800018c                        . = ALIGN (0x4)

.text           0x08000190     0xf540
                0x08000190                        . = ALIGN (0x4)
 *(.text)
 .text          0x08000190      0x378 C:/ProgramData/MATLAB/SupportPackages/R2024b/3P.instrset/gnuarm-armcortex.instrset/win/bin/../lib/gcc/arm-none-eabi/13.2.1/thumb/v7e-m+fp/hard\libgcc.a(_arm_addsubdf3.o)
                0x08000190                __aeabi_drsub
                0x08000198                __aeabi_dsub
                0x08000198                __subdf3
                0x0800019c                __aeabi_dadd
                0x0800019c                __adddf3
                0x08000414                __floatunsidf
                0x08000414                __aeabi_ui2d
                0x08000434                __floatsidf
                0x08000434                __aeabi_i2d
                0x08000458                __aeabi_f2d
                0x08000458                __extendsfdf2
                0x0800049c                __floatundidf
                0x0800049c                __aeabi_ul2d
                0x080004ac                __floatdidf
                0x080004ac                __aeabi_l2d
 .text          0x08000508      0x424 C:/ProgramData/MATLAB/SupportPackages/R2024b/3P.instrset/gnuarm-armcortex.instrset/win/bin/../lib/gcc/arm-none-eabi/13.2.1/thumb/v7e-m+fp/hard\libgcc.a(_arm_muldivdf3.o)
                0x08000508                __aeabi_dmul
                0x08000508                __muldf3
                0x0800075c                __divdf3
                0x0800075c                __aeabi_ddiv
 .text          0x0800092c      0x110 C:/ProgramData/MATLAB/SupportPackages/R2024b/3P.instrset/gnuarm-armcortex.instrset/win/bin/../lib/gcc/arm-none-eabi/13.2.1/thumb/v7e-m+fp/hard\libgcc.a(_arm_cmpdf2.o)
                0x0800092c                __gtdf2
                0x0800092c                __gedf2
                0x08000934                __ltdf2
                0x08000934                __ledf2
                0x0800093c                __nedf2
                0x0800093c                __eqdf2
                0x0800093c                __cmpdf2
                0x080009b8                __aeabi_cdrcmple
                0x080009c8                __aeabi_cdcmpeq
                0x080009c8                __aeabi_cdcmple
                0x080009d8                __aeabi_dcmpeq
                0x080009ec                __aeabi_dcmplt
                0x08000a00                __aeabi_dcmple
                0x08000a14                __aeabi_dcmpge
                0x08000a28                __aeabi_dcmpgt
 .text          0x08000a3c       0x2c C:/ProgramData/MATLAB/SupportPackages/R2024b/3P.instrset/gnuarm-armcortex.instrset/win/bin/../lib/gcc/arm-none-eabi/13.2.1/thumb/v7e-m+fp/hard\libgcc.a(_arm_unorddf2.o)
                0x08000a3c                __unorddf2
                0x08000a3c                __aeabi_dcmpun
 .text          0x08000a68       0x40 C:/ProgramData/MATLAB/SupportPackages/R2024b/3P.instrset/gnuarm-armcortex.instrset/win/bin/../lib/gcc/arm-none-eabi/13.2.1/thumb/v7e-m+fp/hard\libgcc.a(_arm_fixunsdfsi.o)
                0x08000a68                __aeabi_d2uiz
                0x08000a68                __fixunsdfsi
 .text          0x08000aa8       0xa0 C:/ProgramData/MATLAB/SupportPackages/R2024b/3P.instrset/gnuarm-armcortex.instrset/win/bin/../lib/gcc/arm-none-eabi/13.2.1/thumb/v7e-m+fp/hard\libgcc.a(_arm_truncdfsf2.o)
                0x08000aa8                __truncdfsf2
                0x08000aa8                __aeabi_d2f
 *(.text*)
 .text.deregister_tm_clones
                0x08000b48       0x1c C:/ProgramData/MATLAB/SupportPackages/R2024b/3P.instrset/gnuarm-armcortex.instrset/win/bin/../lib/gcc/arm-none-eabi/13.2.1/thumb/v7e-m+fp/hard/crtbegin.o
 .text.register_tm_clones
                0x08000b64       0x24 C:/ProgramData/MATLAB/SupportPackages/R2024b/3P.instrset/gnuarm-armcortex.instrset/win/bin/../lib/gcc/arm-none-eabi/13.2.1/thumb/v7e-m+fp/hard/crtbegin.o
 .text.__do_global_dtors_aux
                0x08000b88       0x28 C:/ProgramData/MATLAB/SupportPackages/R2024b/3P.instrset/gnuarm-armcortex.instrset/win/bin/../lib/gcc/arm-none-eabi/13.2.1/thumb/v7e-m+fp/hard/crtbegin.o
 .text.frame_dummy
                0x08000bb0       0x24 C:/ProgramData/MATLAB/SupportPackages/R2024b/3P.instrset/gnuarm-armcortex.instrset/win/bin/../lib/gcc/arm-none-eabi/13.2.1/thumb/v7e-m+fp/hard/crtbegin.o
 .text.LL_ADC_DMA_GetRegAddr
                0x08000bd4       0x1a stm_adc_ll.o
 .text.LL_ADC_REG_IsTriggerSourceSWStart
                0x08000bee       0x26 stm_adc_ll.o
 .text.LL_ADC_REG_SetSequencerLength
                0x08000c14       0x26 stm_adc_ll.o
 .text.LL_ADC_REG_SetDMATransfer
                0x08000c3a       0x26 stm_adc_ll.o
 .text.LL_ADC_INJ_IsTriggerSourceSWStart
                0x08000c60       0x26 stm_adc_ll.o
 .text.LL_ADC_Enable
                0x08000c86       0x28 stm_adc_ll.o
 .text.LL_ADC_Disable
                0x08000cae       0x28 stm_adc_ll.o
 .text.LL_ADC_IsEnabled
                0x08000cd6       0x26 stm_adc_ll.o
 .text.LL_ADC_REG_StartConversion
                0x08000cfc       0x28 stm_adc_ll.o
 .text.LL_ADC_INJ_StartConversion
                0x08000d24       0x28 stm_adc_ll.o
 .text.LL_ADC_IsActiveFlag_EOS
                0x08000d4c       0x26 stm_adc_ll.o
 .text.LL_ADC_IsActiveFlag_OVR
                0x08000d72       0x26 stm_adc_ll.o
 .text.LL_ADC_ClearFlag_OVR
                0x08000d98       0x1a stm_adc_ll.o
 .text.LL_ADC_EnableIT_EOS
                0x08000db2       0x20 stm_adc_ll.o
 .text.LL_ADC_EnableIT_JEOS
                0x08000dd2       0x20 stm_adc_ll.o
 .text.LL_ADC_DisableIT_EOS
                0x08000df2       0x20 stm_adc_ll.o
 .text.LL_ADC_DisableIT_OVR
                0x08000e12       0x20 stm_adc_ll.o
 .text.LL_ADC_DisableIT_JEOS
                0x08000e32       0x20 stm_adc_ll.o
 .text.LL_ADC_DisableIT_AWD1
                0x08000e52       0x20 stm_adc_ll.o
 .text.LL_ADC_IsEnabledIT_OVR
                0x08000e72       0x26 stm_adc_ll.o
 .text.LL_ADC_IsEnabledIT_AWD1
                0x08000e98       0x26 stm_adc_ll.o
 *fill*         0x08000ebe        0x2 
 .text.LL_DMA_EnableChannel
                0x08000ec0       0x44 stm_adc_ll.o
 .text.LL_DMA_DisableChannel
                0x08000f04       0x44 stm_adc_ll.o
 .text.LL_DMA_GetMode
                0x08000f48       0x34 stm_adc_ll.o
 .text.LL_DMA_SetDataLength
                0x08000f7c       0x4c stm_adc_ll.o
 .text.LL_DMA_ConfigAddresses
                0x08000fc8       0x7c stm_adc_ll.o
 .text.LL_DMA_SetPeriphAddress
                0x08001044       0x34 stm_adc_ll.o
 .text.LL_DMA_IsActiveFlag_TC1
                0x08001078       0x26 stm_adc_ll.o
 .text.LL_DMA_ClearFlag_TC1
                0x0800109e       0x1a stm_adc_ll.o
 .text.LL_DMA_EnableIT_TC
                0x080010b8       0x44 stm_adc_ll.o
 .text.LL_DMA_EnableIT_TE
                0x080010fc       0x44 stm_adc_ll.o
 .text.LL_DMA_DisableIT_TC
                0x08001140       0x44 stm_adc_ll.o
 .text.LL_DMA_DisableIT_HT
                0x08001184       0x44 stm_adc_ll.o
 .text.LL_DMA_DisableIT_TE
                0x080011c8       0x44 stm_adc_ll.o
 .text.LL_DMA_IsEnabledIT_TC
                0x0800120c       0x3c stm_adc_ll.o
 .text.regularADCTrigger
                0x08001248       0x86 stm_adc_ll.o
 .text.configure_ADCs_DMA
                0x080012ce       0x64 stm_adc_ll.o
 .text.deconfigure_ADCs_DMA
                0x08001332       0x3e stm_adc_ll.o
 .text.copyADCChannelsFromDMABuffer
                0x08001370       0x54 stm_adc_ll.o
 .text.ADC_IsEnabledDMAITTransferComplete
                0x080013c4       0xa2 stm_adc_ll.o
                0x080013c4                ADC_IsEnabledDMAITTransferComplete
 *fill*         0x08001466        0x2 
 .text.DMA1_Channel1_IRQHandler
                0x08001468       0x20 stm_adc_ll.o
                0x08001468                DMA1_Channel1_IRQHandler
 .text.ADC_IsActiveFlagOVR
                0x08001488       0x42 stm_adc_ll.o
                0x08001488                ADC_IsActiveFlagOVR
 .text.startADCConversionForExternalTrigger
                0x080014ca       0x50 stm_adc_ll.o
                0x080014ca                startADCConversionForExternalTrigger
 *fill*         0x0800151a        0x2 
 .text.ADC_Handle_Init
                0x0800151c      0x11c stm_adc_ll.o
                0x0800151c                ADC_Handle_Init
 .text.enableADC
                0x08001638       0x2a stm_adc_ll.o
                0x08001638                enableADC
 .text.regularReadADCDMA
                0x08001662       0xb2 stm_adc_ll.o
                0x08001662                regularReadADCDMA
 .text.ADC_Handle_Deinit
                0x08001714       0xfa stm_adc_ll.o
                0x08001714                ADC_Handle_Deinit
 .text.LL_TIM_GetCounterMode
                0x0800180e       0x30 stm_timer_ll.o
 .text.LL_TIM_GetRepetitionCounter
                0x0800183e       0x18 stm_timer_ll.o
 .text.LL_TIM_CC_EnableChannel
                0x08001856       0x22 stm_timer_ll.o
 .text.LL_TIM_CC_DisableChannel
                0x08001878       0x24 stm_timer_ll.o
 .text.LL_TIM_EnableAllOutputs
                0x0800189c       0x20 stm_timer_ll.o
 .text.LL_TIM_EnableIT_UPDATE
                0x080018bc       0x20 stm_timer_ll.o
 .text.LL_TIM_DisableIT_UPDATE
                0x080018dc       0x20 stm_timer_ll.o
 .text.LL_TIM_IsEnabledIT_UPDATE
                0x080018fc       0x26 stm_timer_ll.o
 .text.LL_TIM_EnableIT_CC1
                0x08001922       0x20 stm_timer_ll.o
 .text.LL_TIM_DisableIT_CC1
                0x08001942       0x20 stm_timer_ll.o
 .text.LL_TIM_IsEnabledIT_CC1
                0x08001962       0x26 stm_timer_ll.o
 .text.LL_TIM_EnableIT_CC2
                0x08001988       0x20 stm_timer_ll.o
 .text.LL_TIM_DisableIT_CC2
                0x080019a8       0x20 stm_timer_ll.o
 .text.LL_TIM_IsEnabledIT_CC2
                0x080019c8       0x26 stm_timer_ll.o
 .text.LL_TIM_EnableIT_CC3
                0x080019ee       0x20 stm_timer_ll.o
 .text.LL_TIM_DisableIT_CC3
                0x08001a0e       0x20 stm_timer_ll.o
 .text.LL_TIM_IsEnabledIT_CC3
                0x08001a2e       0x26 stm_timer_ll.o
 .text.LL_TIM_EnableIT_CC4
                0x08001a54       0x20 stm_timer_ll.o
 .text.LL_TIM_DisableIT_CC4
                0x08001a74       0x20 stm_timer_ll.o
 .text.LL_TIM_IsEnabledIT_CC4
                0x08001a94       0x26 stm_timer_ll.o
 .text.LL_TIM_EnableIT_COM
                0x08001aba       0x20 stm_timer_ll.o
 .text.LL_TIM_DisableIT_COM
                0x08001ada       0x20 stm_timer_ll.o
 .text.LL_TIM_IsEnabledIT_COM
                0x08001afa       0x26 stm_timer_ll.o
 .text.LL_TIM_EnableIT_TRIG
                0x08001b20       0x20 stm_timer_ll.o
 .text.LL_TIM_DisableIT_TRIG
                0x08001b40       0x20 stm_timer_ll.o
 .text.LL_TIM_IsEnabledIT_TRIG
                0x08001b60       0x26 stm_timer_ll.o
 .text.LL_TIM_EnableIT_BRK
                0x08001b86       0x20 stm_timer_ll.o
 .text.LL_TIM_DisableIT_BRK
                0x08001ba6       0x20 stm_timer_ll.o
 .text.LL_TIM_IsEnabledIT_BRK
                0x08001bc6       0x26 stm_timer_ll.o
 .text.enableTimerInterrupts
                0x08001bec      0x134 stm_timer_ll.o
                0x08001bec                enableTimerInterrupts
 .text.disableTimerInterrupts
                0x08001d20      0x134 stm_timer_ll.o
                0x08001d20                disableTimerInterrupts
 .text.enableTimerChannel1
                0x08001e54       0x84 stm_timer_ll.o
                0x08001e54                enableTimerChannel1
 .text.disableTimerChannel1
                0x08001ed8       0x84 stm_timer_ll.o
                0x08001ed8                disableTimerChannel1
 .text.Timer_Handle_Init
                0x08001f5c       0xd0 stm_timer_ll.o
                0x08001f5c                Timer_Handle_Init
 .text.extmodeParseArgs
                0x0800202c       0x1e xcp_ext_mode.o
                0x0800202c                extmodeParseArgs
 *fill*         0x0800204a        0x2 
 .text.extmodeInit
                0x0800204c      0x128 xcp_ext_mode.o
                0x0800204c                extmodeInit
 .text.extmodeWaitForHostRequest
                0x08002174       0xcc xcp_ext_mode.o
                0x08002174                extmodeWaitForHostRequest
 .text.extmodeEvent
                0x08002240      0x100 xcp_ext_mode.o
                0x08002240                extmodeEvent
 .text.extmodeBackgroundRun
                0x08002340       0x20 xcp_ext_mode.o
                0x08002340                extmodeBackgroundRun
 .text.extmodeReset
                0x08002360       0x40 xcp_ext_mode.o
                0x08002360                extmodeReset
 .text.extmodeStopRequested
                0x080023a0       0x18 xcp_ext_mode.o
                0x080023a0                extmodeStopRequested
 .text.extmodeSimulationComplete
                0x080023b8       0x18 xcp_ext_mode.o
                0x080023b8                extmodeSimulationComplete
 .text.__NVIC_SetPriority
                0x080023d0       0x54 mw_stm32_nvic.o
 .text.MW_NVIC_ConfigureIRQ
                0x08002424       0x26 mw_stm32_nvic.o
                0x08002424                MW_NVIC_ConfigureIRQ
 *fill*         0x0800244a        0x2 
 .text.__NVIC_EnableIRQ
                0x0800244c       0x3c Micro_mouse.o
 .text.__NVIC_DisableIRQ
                0x08002488       0x48 Micro_mouse.o
 .text.LL_EXTI_IsEnabledIT_0_31
                0x080024d0       0x2c Micro_mouse.o
 .text.LL_EXTI_IsActiveFlag_0_31
                0x080024fc       0x2c Micro_mouse.o
 .text.LL_EXTI_ClearFlag_0_31
                0x08002528       0x20 Micro_mouse.o
 .text.LL_TIM_EnableCounter
                0x08002548       0x20 Micro_mouse.o
 .text.LL_TIM_DisableCounter
                0x08002568       0x20 Micro_mouse.o
 .text.LL_TIM_SetUpdateSource
                0x08002588       0x26 Micro_mouse.o
 .text.LL_TIM_GetUpdateSource
                0x080025ae       0x1c Micro_mouse.o
 .text.LL_TIM_GetAutoReload
                0x080025ca       0x18 Micro_mouse.o
 .text.LL_TIM_SetRepetitionCounter
                0x080025e2       0x1c Micro_mouse.o
 .text.LL_TIM_OC_SetCompareCH1
                0x080025fe       0x1c Micro_mouse.o
 .text.LL_TIM_OC_GetCompareCH1
                0x0800261a       0x18 Micro_mouse.o
 .text.LL_TIM_GenerateEvent_UPDATE
                0x08002632       0x20 Micro_mouse.o
 .text.LL_GPIO_ReadInputPort
                0x08002652       0x18 Micro_mouse.o
 .text.LL_GPIO_SetOutputPin
                0x0800266a       0x1c Micro_mouse.o
 .text.LL_GPIO_ResetOutputPin
                0x08002686       0x1c Micro_mouse.o
 *fill*         0x080026a2        0x2 
 .text.convertDutyCyclePercentageToCounts
                0x080026a4       0x88 Micro_mouse.o
 .text.setDutyCycleChannel1
                0x0800272c       0x30 Micro_mouse.o
 .text.setDutyCycleInPercentageChannel1
                0x0800275c       0x28 Micro_mouse.o
 .text.isSlaveTriggerModeEnabled
                0x08002784       0x30 Micro_mouse.o
 .text.enableCounter
                0x080027b4       0xd0 Micro_mouse.o
 .text.disableCounter
                0x08002884       0x1a Micro_mouse.o
 *fill*         0x0800289e        0x2 
 .text.Micro_mouse_SystemCore_setup
                0x080028a0       0x84 Micro_mouse.o
 .text.Micro_mouse_PWMOutput_setupImpl
                0x08002924       0x6c Micro_mouse.o
 .text.Micro_mou_PWMOutput_setupImpl_c
                0x08002990       0x6c Micro_mouse.o
 *fill*         0x080029fc        0x4 
 .text.Micro_mouse_step
                0x08002a00      0x450 Micro_mouse.o
                0x08002a00                Micro_mouse_step
 .text.Micro_mouse_initialize
                0x08002e50      0x180 Micro_mouse.o
                0x08002e50                Micro_mouse_initialize
 .text.Micro_mouse_terminate
                0x08002fd0       0xc4 Micro_mouse.o
                0x08002fd0                Micro_mouse_terminate
 .text.Micro_mouse_configure_interrupts
                0x08003094       0x30 Micro_mouse.o
                0x08003094                Micro_mouse_configure_interrupts
 *fill*         0x080030c4        0x4 
 .text.EXTI3_IRQHandler
                0x080030c8      0x1f0 Micro_mouse.o
                0x080030c8                EXTI3_IRQHandler
 .text.EXTI0_IRQHandler
                0x080032b8      0x1f0 Micro_mouse.o
                0x080032b8                EXTI0_IRQHandler
 .text.Micro_mouse_unconfigure_interrupts
                0x080034a8       0x14 Micro_mouse.o
                0x080034a8                Micro_mouse_unconfigure_interrupts
 .text.rt_OneStep
                0x080034bc       0x78 ert_main.o
                0x080034bc                rt_OneStep
 .text.main     0x08003534      0x19c ert_main.o
                0x08003534                main
 .text.xcp_void_printf
                0x080036d0       0x12 xcp_ext_common.o
                0x080036d0                xcp_void_printf
 .text.xcpCopyTimeValue
                0x080036e2       0x26 xcp_ext_common.o
 .text.xcpExtModeUpdateTime
                0x08003708      0x13c xcp_ext_common.o
                0x08003708                xcpExtModeUpdateTime
 *fill*         0x08003844        0x4 
 .text.xcpExtModeGetUpdatedTimestamp
                0x08003848       0x84 xcp_ext_common.o
                0x08003848                xcpExtModeGetUpdatedTimestamp
 .text.xcpExtModeInit
                0x080038cc       0xb0 xcp_ext_common.o
                0x080038cc                xcpExtModeInit
 .text.xcpExtModeRunBackground
                0x0800397c      0x13c xcp_ext_common.o
                0x0800397c                xcpExtModeRunBackground
 .text.xcpExtModeReset
                0x08003ab8      0x128 xcp_ext_common.o
                0x08003ab8                xcpExtModeReset
 .text.sampleSignalTrigger
                0x08003be0      0x1b4 xcp_ext_classic_trigger.o
 .text.updateTriggerStatus
                0x08003d94      0x2b8 xcp_ext_classic_trigger.o
 .text.xcpExtModeClassicTriggerInit
                0x0800404c       0x68 xcp_ext_classic_trigger.o
                0x0800404c                xcpExtModeClassicTriggerInit
 .text.xcpExtModeClassicTriggerEnabled
                0x080040b4      0x100 xcp_ext_classic_trigger.o
                0x080040b4                xcpExtModeClassicTriggerEnabled
 .text.xcpExtModeClassicTriggerReset
                0x080041b4       0xf4 xcp_ext_classic_trigger.o
                0x080041b4                xcpExtModeClassicTriggerReset
 .text.xcpExtModeClassicTriggerForceEnableStatusUpdate
                0x080042a8       0x78 xcp_ext_classic_trigger.o
                0x080042a8                xcpExtModeClassicTriggerForceEnableStatusUpdate
 .text.msgBufferRealloc
                0x08004320       0x72 xcp.o
 *fill*         0x08004392        0x2 
 .text.discardInputPacketHandler
                0x08004394       0x3c xcp.o
 .text.unknownInputPacketHandler
                0x080043d0       0x34 xcp.o
 .text.xcpGetPacketGroupID
                0x08004404       0x74 xcp.o
 .text.xcpGetPacketHandlers
                0x08004478      0x124 xcp.o
 .text.xcpStatusSet
                0x0800459c       0x20 xcp.o
                0x0800459c                xcpStatusSet
 .text.xcpSessionStatusGet
                0x080045bc       0x18 xcp.o
                0x080045bc                xcpSessionStatusGet
 .text.xcpSessionStatusSetMask
                0x080045d4       0x28 xcp.o
                0x080045d4                xcpSessionStatusSetMask
 .text.xcpSessionStatusClearMask
                0x080045fc       0x34 xcp.o
                0x080045fc                xcpSessionStatusClearMask
 .text.xcpResourceProtectionStatusGet
                0x08004630       0x18 xcp.o
                0x08004630                xcpResourceProtectionStatusGet
 .text.xcpSessionConfigurationIdGet
                0x08004648       0x18 xcp.o
                0x08004648                xcpSessionConfigurationIdGet
 .text.genericOutputPacketHandler
                0x08004660      0x11c xcp.o
                0x08004660                genericOutputPacketHandler
 .text.xcpFindPacket
                0x0800477c       0x6e xcp.o
                0x0800477c                xcpFindPacket
 *fill*         0x080047ea        0x2 
 .text.xcpInit  0x080047ec       0x64 xcp.o
                0x080047ec                xcpInit
 .text.xcpRun   0x08004850      0x194 xcp.o
                0x08004850                xcpRun
 .text.xcpEventExternalTimestamp
                0x080049e4       0x48 xcp.o
                0x080049e4                xcpEventExternalTimestamp
 .text.xcpGetStatus
                0x08004a2c       0x18 xcp.o
                0x08004a2c                xcpGetStatus
 .text.xcpReset
                0x08004a44       0x40 xcp.o
                0x08004a44                xcpReset
 .text.xcpPackedModeEventsFlush
                0x08004a84       0x1e xcp.o
                0x08004a84                xcpPackedModeEventsFlush
 .text.xcpPackedModeEventReset
                0x08004aa2       0x2a xcp.o
                0x08004aa2                xcpPackedModeEventReset
 .text.isValidUploadSize
                0x08004acc       0x30 xcp_standard.o
 .text.xcpMemcpyFromMTA
                0x08004afc       0x38 xcp_standard.o
 .text.connectInputPacketHandler
                0x08004b34       0xa4 xcp_standard.o
 .text.connectOutputPacketHandler
                0x08004bd8       0xd4 xcp_standard.o
 .text.disconnectInputPacketHandler
                0x08004cac       0x54 xcp_standard.o
 .text.getStatusInputPacketHandler
                0x08004d00       0x28 xcp_standard.o
 .text.getStatusOutputPacketHandler
                0x08004d28       0x80 xcp_standard.o
 .text.synchInputPacketHandler
                0x08004da8       0x44 xcp_standard.o
 .text.setMTAInputPacketHandler
                0x08004dec       0x78 xcp_standard.o
 .text.uploadInputPacketHandler
                0x08004e64       0x98 xcp_standard.o
 .text.uploadOutputPacketHandler
                0x08004efc       0x9c xcp_standard.o
 .text.shortUploadInputPacketHandler
                0x08004f98       0xa4 xcp_standard.o
 .text.shortUploadOutputPacketHandler
                0x0800503c       0x9c xcp_standard.o
 .text.getPacket
                0x080050d8       0x24 xcp_standard.o
 .text.xcpStandardInit
                0x080050fc       0x18 xcp_standard.o
                0x080050fc                xcpStandardInit
 .text.xcpStandardGetPacketLookup
                0x08005114       0x18 xcp_standard.o
                0x08005114                xcpStandardGetPacketLookup
 .text.xcpStandardSetPacketLookup
                0x0800512c       0x20 xcp_standard.o
                0x0800512c                xcpStandardSetPacketLookup
 .text.xcpStandardReset
                0x0800514c       0x12 xcp_standard.o
                0x0800514c                xcpStandardReset
 *fill*         0x0800515e        0x2 
 .text.xcpStandardGetAddressFromMta
                0x08005160       0x18 xcp_standard.o
                0x08005160                xcpStandardGetAddressFromMta
 .text.xcpStandardSetMta
                0x08005178       0x3c xcp_standard.o
                0x08005178                xcpStandardSetMta
 .text.xcpStandardIncrementMta
                0x080051b4       0x28 xcp_standard.o
                0x080051b4                xcpStandardIncrementMta
 .text.xcpStandardExtendedInit
                0x080051dc        0xe xcp_standard.o
                0x080051dc                xcpStandardExtendedInit
 .text.xcpStandardExtendedReset
                0x080051ea        0xe xcp_standard.o
                0x080051ea                xcpStandardExtendedReset
 .text.xcpDaqWriteLock
                0x080051f8       0x4c xcp_daq.o
 .text.xcpDaqWriteUnlock
                0x08005244       0x20 xcp_daq.o
 .text.xcpDaqReadLock
                0x08005264       0x38 xcp_daq.o
 .text.xcpDaqReadUnlock
                0x0800529c       0x38 xcp_daq.o
 .text.isActiveDaqList
                0x080052d4       0x50 xcp_daq.o
 .text.noActiveDaqLists
                0x08005324       0x50 xcp_daq.o
 .text.isValidDaqPtr
                0x08005374       0xb8 xcp_daq.o
 .text.isValidDaqEntry
                0x0800542c       0x36 xcp_daq.o
 .text.isSupportedDaqListMode
                0x08005462       0x26 xcp_daq.o
 .text.isValidStartStopMode
                0x08005488       0x32 xcp_daq.o
 .text.isValidStartStopSynchMode
                0x080054ba       0x32 xcp_daq.o
 .text.absoluteOdtNumberIdentification
                0x080054ec       0x10 xcp_daq.o
 .text.isDaqPackedModeEnabled
                0x080054fc       0x6c xcp_daq.o
 .text.odtPacketSize
                0x08005568       0x54 xcp_daq.o
 .text.createDaqReservedPool
                0x080055bc       0x88 xcp_daq.o
 .text.destroyDaqReservedPool
                0x08005644       0x2c xcp_daq.o
 .text.setDaqPtrInputPacketHandler
                0x08005670       0xdc xcp_daq.o
 .text.writeDaqInputPacketHandler
                0x0800574c      0x198 xcp_daq.o
 .text.setDaqListModeInputPacketHandler
                0x080058e4      0x1c8 xcp_daq.o
 .text.startStopDaqListInputPacketHandler
                0x08005aac      0x3f4 xcp_daq.o
 .text.startStopDaqListOutputPacketHandler
                0x08005ea0       0x5c xcp_daq.o
 .text.startStopSynchInputPacketHandler
                0x08005efc      0x328 xcp_daq.o
 .text.getDaqProcessorInfoInputPacketHandler
                0x08006224       0x28 xcp_daq.o
 .text.getDaqProcessorInfoOutputPacketHandler
                0x0800624c       0xac xcp_daq.o
 .text.getDaqResolutionInfoInputPacketHandler
                0x080062f8       0x28 xcp_daq.o
 .text.getDaqResolutionInfoOutputPacketHandler
                0x08006320       0xb8 xcp_daq.o
 .text.freeDaqInputPacketHandler
                0x080063d8       0x5c xcp_daq.o
 .text.allocDaqInputPacketHandler
                0x08006434      0x18c xcp_daq.o
 .text.allocOdtInputPacketHandler
                0x080065c0      0x1c0 xcp_daq.o
 .text.allocOdtEntryInputPacketHandler
                0x08006780      0x270 xcp_daq.o
 .text.getDaqClockInputPacketHandler
                0x080069f0       0x22 xcp_daq.o
 *fill*         0x08006a12        0x2 
 .text.setDaqPackedModeInputPacketHandler
                0x08006a14      0x21c xcp_daq.o
 .text.level1CommandInputPacketHandler
                0x08006c30       0x64 xcp_daq.o
 .text.getPacket
                0x08006c94       0x24 xcp_daq.o
 .text.xcpDaqInit
                0x08006cb8       0x38 xcp_daq.o
                0x08006cb8                xcpDaqInit
 .text.xcpDaqGetPacketLookup
                0x08006cf0       0x18 xcp_daq.o
                0x08006cf0                xcpDaqGetPacketLookup
 .text.xcpDaqSetPacketLookup
                0x08006d08       0x20 xcp_daq.o
                0x08006d08                xcpDaqSetPacketLookup
 .text.xcpResetDaq
                0x08006d28       0xa4 xcp_daq.o
 .text.daqWriteXCPDataForOdt
                0x08006dcc       0x7c xcp_daq.o
 .text.odtWriteEntries
                0x08006e48       0x9c xcp_daq.o
 .text.xcpProcessDaq
                0x08006ee4      0x208 xcp_daq.o
 .text.xcpDaqEvent
                0x080070ec      0x108 xcp_daq.o
                0x080070ec                xcpDaqEvent
 .text.xcpDaqEventsFlush
                0x080071f4      0x284 xcp_daq.o
                0x080071f4                xcpDaqEventsFlush
 .text.xcpDaqLock
                0x08007478       0x1e xcp_daq.o
                0x08007478                xcpDaqLock
 .text.xcpDaqUnlock
                0x08007496        0xe xcp_daq.o
                0x08007496                xcpDaqUnlock
 .text.xcpResetDaqListStatus
                0x080074a4      0x19c xcp_daq.o
                0x080074a4                xcpResetDaqListStatus
 .text.xcpDaqReset
                0x08007640       0x20 xcp_daq.o
                0x08007640                xcpDaqReset
 .text.xcpDaqExtendedInit
                0x08007660        0xe xcp_daq.o
                0x08007660                xcpDaqExtendedInit
 .text.xcpDaqExtendedReset
                0x0800766e        0xe xcp_daq.o
                0x0800766e                xcpDaqExtendedReset
 .text.isValidShortDownloadSize
                0x0800767c       0x34 xcp_calibration.o
 .text.isValidDownloadSize
                0x080076b0       0x3a xcp_calibration.o
 *fill*         0x080076ea        0x2 
 .text.xcpMemcpyToMTA
                0x080076ec       0x34 xcp_calibration.o
 .text.downloadInputPacketHandler
                0x08007720       0xb0 xcp_calibration.o
 .text.shortDownloadInputPacketHandler
                0x080077d0       0xb8 xcp_calibration.o
 .text.getPacket
                0x08007888       0x24 xcp_calibration.o
 .text.xcpCalibrationInit
                0x080078ac       0x14 xcp_calibration.o
                0x080078ac                xcpCalibrationInit
 .text.xcpCalibrationGetPacketLookup
                0x080078c0       0x18 xcp_calibration.o
                0x080078c0                xcpCalibrationGetPacketLookup
 .text.xcpCalibrationSetPacketLookup
                0x080078d8       0x20 xcp_calibration.o
                0x080078d8                xcpCalibrationSetPacketLookup
 .text.xcpCalibrationReset
                0x080078f8        0xe xcp_calibration.o
                0x080078f8                xcpCalibrationReset
 .text.xcpFifoInit
                0x08007906       0x20 xcp_fifo.o
                0x08007906                xcpFifoInit
 .text.xcpFifoEnqueue
                0x08007926       0x2a xcp_fifo.o
                0x08007926                xcpFifoEnqueue
 .text.xcpFifoDequeue
                0x08007950       0x3e xcp_fifo.o
                0x08007950                xcpFifoDequeue
 .text.xcpFifoEnqueueHead
                0x0800798e       0x32 xcp_fifo.o
                0x0800798e                xcpFifoEnqueueHead
 .text.xcpFifoReset
                0x080079c0       0x16 xcp_fifo.o
                0x080079c0                xcpFifoReset
 *fill*         0x080079d6        0x2 
 .text.xcpTransportEmptyTxFifo
                0x080079d8       0x6c xcp_transport.o
 .text.xcpTransportEmptyRxFifo
                0x08007a44       0x6c xcp_transport.o
 .text.xcpTransportInit
                0x08007ab0      0x138 xcp_transport.o
                0x08007ab0                xcpTransportInit
 .text.xcpTransportTxReady
                0x08007be8       0x1a xcp_transport.o
                0x08007be8                xcpTransportTxReady
 .text.xcpTransportTxTrigger
                0x08007c02       0x1a xcp_transport.o
                0x08007c02                xcpTransportTxTrigger
 .text.xcpTransportTxPacketSet
                0x08007c1c      0x144 xcp_transport.o
                0x08007c1c                xcpTransportTxPacketSet
 .text.xcpTransportTx
                0x08007d60       0xec xcp_transport.o
                0x08007d60                xcpTransportTx
 .text.xcpTransportRx
                0x08007e4c       0x80 xcp_transport.o
                0x08007e4c                xcpTransportRx
 .text.xcpTransportRxPacketGet
                0x08007ecc      0x12c xcp_transport.o
                0x08007ecc                xcpTransportRxPacketGet
 .text.xcpTransportPacketOffset
                0x08007ff8       0x20 xcp_transport.o
                0x08007ff8                xcpTransportPacketOffset
 .text.xcpTransportMsgBufferSize
                0x08008018       0x70 xcp_transport.o
                0x08008018                xcpTransportMsgBufferSize
 .text.xcpTransportMaxDtoSize
                0x08008088        0xe xcp_transport.o
                0x08008088                xcpTransportMaxDtoSize
 .text.xcpTransportMaxCtoSize
                0x08008096        0xe xcp_transport.o
                0x08008096                xcpTransportMaxCtoSize
 .text.xcpTransportRestart
                0x080080a4       0x44 xcp_transport.o
                0x080080a4                xcpTransportRestart
 .text.xcpTransportResynch
                0x080080e8       0x40 xcp_transport.o
                0x080080e8                xcpTransportResynch
 .text.xcpTransportCtoReservedMemPoolId
                0x08008128       0x18 xcp_transport.o
                0x08008128                xcpTransportCtoReservedMemPoolId
 .text.xcpTransportReset
                0x08008140       0xe4 xcp_transport.o
                0x08008140                xcpTransportReset
 .text.xcpInitializePoolMemoryArea
                0x08008224       0x72 xcp_mem_default.o
 *fill*         0x08008296        0x2 
 .text.xcpMemInit
                0x08008298      0x1d4 xcp_mem_default.o
                0x08008298                xcpMemInit
 .text.xcpMemAlloc
                0x0800846c       0xe8 xcp_mem_default.o
                0x0800846c                xcpMemAlloc
 .text.xcpMemFree
                0x08008554      0x170 xcp_mem_default.o
                0x08008554                xcpMemFree
 .text.xcpMemReservedPoolCreate
                0x080086c4      0x224 xcp_mem_default.o
                0x080086c4                xcpMemReservedPoolCreate
 .text.xcpMemReservedPoolDestroy
                0x080088e8      0x158 xcp_mem_default.o
                0x080088e8                xcpMemReservedPoolDestroy
 .text.xcpMemCustomPoolCreate
                0x08008a40       0xbc xcp_mem_default.o
                0x08008a40                xcpMemCustomPoolCreate
 .text.xcpMemCustomPoolDestroy
                0x08008afc       0x64 xcp_mem_default.o
                0x08008afc                xcpMemCustomPoolDestroy
 .text.xcpMemAllocFromPool
                0x08008b60      0x170 xcp_mem_default.o
                0x08008b60                xcpMemAllocFromPool
 .text.xcpMemReset
                0x08008cd0       0x50 xcp_mem_default.o
                0x08008cd0                xcpMemReset
 .text.xcpDrvOpen
                0x08008d20       0x64 xcp_drv_rtiostream.o
                0x08008d20                xcpDrvOpen
 .text.xcpDrvIoctl
                0x08008d84       0x4c xcp_drv_rtiostream.o
                0x08008d84                xcpDrvIoctl
 .text.xcpDrvSend
                0x08008dd0      0x14c xcp_drv_rtiostream.o
                0x08008dd0                xcpDrvSend
 .text.xcpDrvRecv
                0x08008f1c      0x14c xcp_drv_rtiostream.o
                0x08008f1c                xcpDrvRecv
 .text.xcpDrvClose
                0x08009068       0x5c xcp_drv_rtiostream.o
                0x08009068                xcpDrvClose
 .text.xcpSortArray
                0x080090c4       0xcc xcp_utils.o
                0x080090c4                xcpSortArray
 .text.xcpSxiHtons
                0x08009190       0x18 xcp_frame_serial.o
 .text.xcpSxiNtohs
                0x080091a8       0x1c xcp_frame_serial.o
 .text.xcpSxiChecksum
                0x080091c4       0x3e xcp_frame_serial.o
                0x080091c4                xcpSxiChecksum
 *fill*         0x08009202        0x2 
 .text.xcpFrameInit
                0x08009204       0x70 xcp_frame_serial.o
                0x08009204                xcpFrameInit
 .text.xcpFrameMsgSend
                0x08009274      0x188 xcp_frame_serial.o
                0x08009274                xcpFrameMsgSend
 .text.xcpFrameMsgRecv
                0x080093fc      0x180 xcp_frame_serial.o
                0x080093fc                xcpFrameMsgRecv
 .text.xcpFrameCreateMsg
                0x0800957c       0x94 xcp_frame_serial.o
                0x0800957c                xcpFrameCreateMsg
 .text.xcpFrameExtractPacket
                0x08009610      0x158 xcp_frame_serial.o
                0x08009610                xcpFrameExtractPacket
 .text.xcpFrameHeaderSize
                0x08009768       0x10 xcp_frame_serial.o
                0x08009768                xcpFrameHeaderSize
 .text.xcpFrameTailSize
                0x08009778       0x10 xcp_frame_serial.o
                0x08009778                xcpFrameTailSize
 .text.xcpFrameMaxDtoSize
                0x08009788       0x12 xcp_frame_serial.o
                0x08009788                xcpFrameMaxDtoSize
 .text.xcpFrameMaxCtoSize
                0x0800979a       0x10 xcp_frame_serial.o
                0x0800979a                xcpFrameMaxCtoSize
 *fill*         0x080097aa        0x2 
 .text.xcpFrameRestart
                0x080097ac       0x30 xcp_frame_serial.o
                0x080097ac                xcpFrameRestart
 .text.xcpFrameSetCtoReservedMemPoolId
                0x080097dc       0x20 xcp_frame_serial.o
                0x080097dc                xcpFrameSetCtoReservedMemPoolId
 .text.xcpFrameReset
                0x080097fc       0x70 xcp_frame_serial.o
                0x080097fc                xcpFrameReset
 .text.xcpTransportGetInitParameters
                0x0800986c       0x2e xcp_ext_param_default_serial.o
                0x0800986c                xcpTransportGetInitParameters
 .text.xcpGetInitParameters
                0x0800989a       0x2e xcp_ext_param_default_serial.o
                0x0800989a                xcpGetInitParameters
 .text.HAL_Delay
                0x080098c8       0x2e overrideHALDelay.o
                0x080098c8                HAL_Delay
 *fill*         0x080098f6        0x2 
 .text.getCurrentTimestampInMicros
                0x080098f8       0x40 platform_timer.o
                0x080098f8                getCurrentTimestampInMicros
 .text.returnTimeElapsed
                0x08009938       0x2c platform_timer.o
                0x08009938                returnTimeElapsed
 .text.__NVIC_SetPriority
                0x08009964       0x54 SysTickScheduler.o
 .text.SysTick_Config
                0x080099b8       0x44 SysTickScheduler.o
 .text.SysTick_Isr
                0x080099fc       0x48 SysTickScheduler.o
 .text.SysTick_Handler
                0x08009a44       0x20 SysTickScheduler.o
                0x08009a44                SysTick_Handler
 .text.ARMCM_SysTick_Config
                0x08009a64       0xb8 SysTickScheduler.o
                0x08009a64                ARMCM_SysTick_Config
 .text.PendSV_Handler
                0x08009b1c       0x44 m3m4m4f_multitasking.o
                0x08009b1c                PendSV_Handler
 .text.SVC_Handler
                0x08009b60       0x58 m3m4m4f_multitasking.o
                0x08009b60                SVC_Handler
 .text.rtIOStreamOpen
                0x08009bb8       0x58 rtiostream_serial.o
                0x08009bb8                rtIOStreamOpen
 .text.rtIOStreamSend
                0x08009c10       0x34 rtiostream_serial.o
                0x08009c10                rtIOStreamSend
 .text.rtIOStreamRecv
                0x08009c44       0x48 rtiostream_serial.o
                0x08009c44                rtIOStreamRecv
 .text.rtIOStreamClose
                0x08009c8c       0x20 rtiostream_serial.o
                0x08009c8c                rtIOStreamClose
 .text.__NVIC_GetPriorityGrouping
                0x08009cac       0x1c stm_usart.o
 .text.__NVIC_EnableIRQ
                0x08009cc8       0x3c stm_usart.o
 .text.__NVIC_SetPriority
                0x08009d04       0x54 stm_usart.o
 .text.NVIC_EncodePriority
                0x08009d58       0x66 stm_usart.o
 *fill*         0x08009dbe        0x2 
 .text.LL_DMA_EnableChannel
                0x08009dc0       0x44 stm_usart.o
 .text.LL_DMA_DisableChannel
                0x08009e04       0x44 stm_usart.o
 .text.LL_DMA_GetMode
                0x08009e48       0x34 stm_usart.o
 .text.LL_DMA_SetDataLength
                0x08009e7c       0x4c stm_usart.o
 .text.LL_DMA_GetDataLength
                0x08009ec8       0x30 stm_usart.o
 .text.LL_DMA_ConfigAddresses
                0x08009ef8       0x7c stm_usart.o
 .text.LL_DMA_SetMemoryAddress
                0x08009f74       0x34 stm_usart.o
 .text.LL_DMA_IsActiveFlag_TC6
                0x08009fa8       0x28 stm_usart.o
 .text.LL_DMA_IsActiveFlag_TC7
                0x08009fd0       0x28 stm_usart.o
 .text.LL_DMA_ClearFlag_TC6
                0x08009ff8       0x1c stm_usart.o
 .text.LL_DMA_ClearFlag_TC7
                0x0800a014       0x1c stm_usart.o
 .text.LL_DMA_EnableIT_TC
                0x0800a030       0x44 stm_usart.o
 .text.LL_DMA_DisableIT_TC
                0x0800a074       0x44 stm_usart.o
 .text.LL_DMA_IsEnabledIT_TC
                0x0800a0b8       0x3c stm_usart.o
 .text.LL_USART_Enable
                0x0800a0f4       0x20 stm_usart.o
 .text.LL_USART_Disable
                0x0800a114       0x20 stm_usart.o
 .text.LL_USART_IsEnabledAutoBaud
                0x0800a134       0x28 stm_usart.o
 .text.LL_USART_IsActiveFlag_PE
                0x0800a15c       0x26 stm_usart.o
 .text.LL_USART_IsActiveFlag_FE
                0x0800a182       0x26 stm_usart.o
 .text.LL_USART_IsActiveFlag_NE
                0x0800a1a8       0x26 stm_usart.o
 .text.LL_USART_IsActiveFlag_ORE
                0x0800a1ce       0x26 stm_usart.o
 .text.LL_USART_IsActiveFlag_ABRE
                0x0800a1f4       0x28 stm_usart.o
 .text.LL_USART_IsActiveFlag_ABR
                0x0800a21c       0x28 stm_usart.o
 .text.LL_USART_ClearFlag_PE
                0x0800a244       0x1a stm_usart.o
 .text.LL_USART_ClearFlag_FE
                0x0800a25e       0x1a stm_usart.o
 .text.LL_USART_ClearFlag_NE
                0x0800a278       0x1a stm_usart.o
 .text.LL_USART_ClearFlag_ORE
                0x0800a292       0x1a stm_usart.o
 .text.LL_USART_EnableIT_RXNE
                0x0800a2ac       0x42 stm_usart.o
 .text.LL_USART_EnableIT_PE
                0x0800a2ee       0x42 stm_usart.o
 .text.LL_USART_EnableIT_ERROR
                0x0800a330       0x46 stm_usart.o
 .text.LL_USART_DisableIT_RXNE
                0x0800a376       0x42 stm_usart.o
 .text.LL_USART_DisableIT_TXE
                0x0800a3b8       0x42 stm_usart.o
 .text.LL_USART_DisableIT_PE
                0x0800a3fa       0x42 stm_usart.o
 .text.LL_USART_DisableIT_ERROR
                0x0800a43c       0x46 stm_usart.o
 .text.LL_USART_EnableDMAReq_RX
                0x0800a482       0x46 stm_usart.o
 .text.LL_USART_DisableDMAReq_RX
                0x0800a4c8       0x46 stm_usart.o
 .text.LL_USART_EnableDMAReq_TX
                0x0800a50e       0x46 stm_usart.o
 .text.LL_USART_DisableDMAReq_TX
                0x0800a554       0x46 stm_usart.o
 .text.LL_USART_DMA_GetRegAddr
                0x0800a59a       0x2c stm_usart.o
 .text.LL_USART_ReceiveData8
                0x0800a5c6       0x1c stm_usart.o
 .text.LL_USART_RequestAutoBaudRate
                0x0800a5e2       0x24 stm_usart.o
 .text.checkIfTransmitBufferFull
                0x0800a606       0x64 stm_usart.o
                0x0800a606                checkIfTransmitBufferFull
 .text.copyToTransmitBuffer
                0x0800a66a       0xf4 stm_usart.o
                0x0800a66a                copyToTransmitBuffer
 .text.getAvailableDataInBuffer
                0x0800a75e       0xcc stm_usart.o
                0x0800a75e                getAvailableDataInBuffer
 .text.getBytesToBeReadFromBuffer
                0x0800a82a       0x6e stm_usart.o
                0x0800a82a                getBytesToBeReadFromBuffer
 .text.readDataFromBuffer
                0x0800a898       0xcc stm_usart.o
                0x0800a898                readDataFromBuffer
 .text.UART_RXDMAInterruptHandler
                0x0800a964       0xd4 stm_usart.o
                0x0800a964                UART_RXDMAInterruptHandler
 .text.UART_TXDMAInterruptHandler
                0x0800aa38      0x164 stm_usart.o
                0x0800aa38                UART_TXDMAInterruptHandler
 .text.UART_IsActiveFlagError
                0x0800ab9c       0xf4 stm_usart.o
                0x0800ab9c                UART_IsActiveFlagError
 .text.USART2_IRQHandler
                0x0800ac90       0x14 stm_usart.o
                0x0800ac90                USART2_IRQHandler
 .text.DMA1_Channel7_IRQHandler
                0x0800aca4       0x20 stm_usart.o
                0x0800aca4                DMA1_Channel7_IRQHandler
 .text.DMA1_Channel6_IRQHandler
                0x0800acc4       0x20 stm_usart.o
                0x0800acc4                DMA1_Channel6_IRQHandler
 .text.UART_ConfigureReceiveDMA
                0x0800ace4       0x8a stm_usart.o
                0x0800ace4                UART_ConfigureReceiveDMA
 .text.UART_ConfigureTransmitDMA
                0x0800ad6e       0x56 stm_usart.o
                0x0800ad6e                UART_ConfigureTransmitDMA
 .text.getReadErrorStatus
                0x0800adc4      0x128 stm_usart.o
                0x0800adc4                getReadErrorStatus
 .text.MW_UART_Initialize
                0x0800aeec      0x198 stm_usart.o
                0x0800aeec                MW_UART_Initialize
 .text.MW_UART_ReceiveUsingBuffer
                0x0800b084       0x5c stm_usart.o
                0x0800b084                MW_UART_ReceiveUsingBuffer
 .text.MW_UART_TransmitUsingDMA
                0x0800b0e0       0xfc stm_usart.o
                0x0800b0e0                MW_UART_TransmitUsingDMA
 .text.MW_UART_DeInit
                0x0800b1dc       0xaa stm_usart.o
                0x0800b1dc                MW_UART_DeInit
 .text.sys_arch_protect
                0x0800b286       0x22 sys_arch.o
                0x0800b286                sys_arch_protect
 .text.sys_arch_unprotect
                0x0800b2a8       0x20 sys_arch.o
                0x0800b2a8                sys_arch_unprotect
 .text.__NVIC_GetPriorityGrouping
                0x0800b2c8       0x1c main.o
 .text.__NVIC_EnableIRQ
                0x0800b2e4       0x3c main.o
 .text.__NVIC_SetPriority
                0x0800b320       0x54 main.o
 .text.NVIC_EncodePriority
                0x0800b374       0x66 main.o
 .text.LL_ADC_SetCommonPathInternalCh
                0x0800b3da       0x26 main.o
 .text.LL_ADC_REG_SetSequencerRanks
                0x0800b400       0x58 main.o
 .text.LL_ADC_SetChannelSamplingTime
                0x0800b458       0x56 main.o
 *fill*         0x0800b4ae        0x2 
 .text.LL_ADC_SetChannelSingleDiff
                0x0800b4b0       0x48 main.o
 .text.LL_ADC_SetOverSamplingScope
                0x0800b4f8       0x2a main.o
 .text.LL_ADC_DisableDeepPowerDown
                0x0800b522       0x24 main.o
 .text.LL_ADC_EnableInternalRegulator
                0x0800b546       0x28 main.o
 *fill*         0x0800b56e        0x2 
 .text.LL_DMA_SetDataTransferDirection
                0x0800b570       0x50 main.o
 .text.LL_DMA_SetMode
                0x0800b5c0       0x4c main.o
 .text.LL_DMA_SetPeriphIncMode
                0x0800b60c       0x4c main.o
 .text.LL_DMA_SetMemoryIncMode
                0x0800b658       0x4c main.o
 .text.LL_DMA_SetPeriphSize
                0x0800b6a4       0x4c main.o
 .text.LL_DMA_SetMemorySize
                0x0800b6f0       0x4c main.o
 .text.LL_DMA_SetChannelPriorityLevel
                0x0800b73c       0x4c main.o
 .text.LL_DMA_SetPeriphRequest
                0x0800b788       0x64 main.o
 .text.LL_I2C_EnableClockStretching
                0x0800b7ec       0x20 main.o
 .text.LL_I2C_DisableGeneralCall
                0x0800b80c       0x20 main.o
 .text.LL_I2C_SetOwnAddress2
                0x0800b82c       0x30 main.o
 .text.LL_I2C_DisableOwnAddress2
                0x0800b85c       0x20 main.o
 .text.LL_I2C_EnableAutoEndMode
                0x0800b87c       0x20 main.o
 .text.LL_RCC_LSE_Enable
                0x0800b89c       0x24 main.o
 .text.LL_RCC_LSE_SetDriveCapability
                0x0800b8c0       0x2c main.o
 .text.LL_RCC_LSE_IsReady
                0x0800b8ec       0x28 main.o
 .text.LL_RCC_MSI_Enable
                0x0800b914       0x20 main.o
 .text.LL_RCC_MSI_IsReady
                0x0800b934       0x24 main.o
 .text.LL_RCC_MSI_EnablePLLMode
                0x0800b958       0x20 main.o
 .text.LL_RCC_MSI_EnableRangeSelection
                0x0800b978       0x20 main.o
 .text.LL_RCC_MSI_SetRange
                0x0800b998       0x28 main.o
 .text.LL_RCC_MSI_SetCalibTrimming
                0x0800b9c0       0x2c main.o
 .text.LL_RCC_SetSysClkSource
                0x0800b9ec       0x28 main.o
 .text.LL_RCC_GetSysClkSource
                0x0800ba14       0x1c main.o
 .text.LL_RCC_SetAHBPrescaler
                0x0800ba30       0x28 main.o
 .text.LL_RCC_SetAPB1Prescaler
                0x0800ba58       0x28 main.o
 .text.LL_RCC_SetAPB2Prescaler
                0x0800ba80       0x28 main.o
 .text.LL_RCC_SetUSARTClockSource
                0x0800baa8       0x34 main.o
 .text.LL_RCC_SetI2CClockSource
                0x0800badc       0x50 main.o
 .text.LL_RCC_SetADCClockSource
                0x0800bb2c       0x2c main.o
 .text.LL_RCC_PLL_Enable
                0x0800bb58       0x20 main.o
 .text.LL_RCC_PLL_IsReady
                0x0800bb78       0x28 main.o
 .text.LL_RCC_PLL_ConfigDomain_SYS
                0x0800bba0       0x40 main.o
 .text.LL_RCC_PLL_EnableDomain_SYS
                0x0800bbe0       0x20 main.o
 .text.LL_RCC_PLLSAI1_Enable
                0x0800bc00       0x20 main.o
 .text.LL_RCC_PLLSAI1_IsReady
                0x0800bc20       0x28 main.o
 .text.LL_RCC_PLLSAI1_ConfigDomain_ADC
                0x0800bc48       0x4c main.o
 .text.LL_RCC_PLLSAI1_EnableDomain_ADC
                0x0800bc94       0x20 main.o
 .text.LL_AHB1_GRP1_EnableClock
                0x0800bcb4       0x30 main.o
 .text.LL_AHB2_GRP1_EnableClock
                0x0800bce4       0x30 main.o
 .text.LL_APB1_GRP1_EnableClock
                0x0800bd14       0x30 main.o
 .text.LL_APB2_GRP1_EnableClock
                0x0800bd44       0x30 main.o
 .text.LL_SYSCFG_SetEXTISource
                0x0800bd74       0x6c main.o
 .text.LL_FLASH_SetLatency
                0x0800bde0       0x28 main.o
 .text.LL_FLASH_GetLatency
                0x0800be08       0x1c main.o
 .text.LL_PWR_SetRegulVoltageScaling
                0x0800be24       0x28 main.o
 .text.LL_PWR_EnableBkUpAccess
                0x0800be4c       0x20 main.o
 .text.LL_PWR_IsActiveFlag_VOS
                0x0800be6c       0x28 main.o
 .text.LL_TIM_DisableARRPreload
                0x0800be94       0x20 main.o
 .text.LL_TIM_OC_DisableFast
                0x0800beb4       0xa4 main.o
 .text.LL_TIM_OC_EnablePreload
                0x0800bf58       0xa0 main.o
 .text.LL_TIM_DisableExternalClock
                0x0800bff8       0x20 main.o
 .text.LL_TIM_SetClockSource
                0x0800c018       0x2a main.o
 .text.LL_TIM_SetTriggerOutput
                0x0800c042       0x26 main.o
 .text.LL_TIM_SetTriggerOutput2
                0x0800c068       0x26 main.o
 .text.LL_TIM_DisableMasterSlaveMode
                0x0800c08e       0x20 main.o
 .text.LL_TIM_ConfigETR
                0x0800c0ae       0x32 main.o
 .text.LL_TIM_SetOCRefClearInputSource
                0x0800c0e0       0x26 main.o
 .text.LL_USART_Enable
                0x0800c106       0x20 main.o
 .text.LL_USART_ConfigAsyncMode
                0x0800c126       0x2c main.o
 .text.LL_GPIO_SetPinMode
                0x0800c152       0x7a main.o
 .text.LL_GPIO_SetPinPull
                0x0800c1cc       0x7a main.o
 .text.LL_GPIO_ResetOutputPin
                0x0800c246       0x1c main.o
 *fill*         0x0800c262        0x2 
 .text.SystemClock_Config
                0x0800c264       0xcc main.o
                0x0800c264                SystemClock_Config
 .text.PeriphCommonClock_Config
                0x0800c330       0x2a main.o
                0x0800c330                PeriphCommonClock_Config
 *fill*         0x0800c35a        0x2 
 .text.MX_ADC1_Init
                0x0800c35c      0x240 main.o
                0x0800c35c                MX_ADC1_Init
 .text.MX_I2C1_Init
                0x0800c59c      0x164 main.o
                0x0800c59c                MX_I2C1_Init
 .text.MX_TIM1_Init
                0x0800c700      0x160 main.o
                0x0800c700                MX_TIM1_Init
 .text.MX_TIM16_Init
                0x0800c860      0x114 main.o
                0x0800c860                MX_TIM16_Init
 .text.MX_USART1_UART_Init
                0x0800c974       0xa8 main.o
                0x0800c974                MX_USART1_UART_Init
 .text.MX_USART2_UART_Init
                0x0800ca1c      0x190 main.o
                0x0800ca1c                MX_USART2_UART_Init
 .text.MX_DMA_Init
                0x0800cbac       0xb4 main.o
                0x0800cbac                MX_DMA_Init
 .text.MX_GPIO_Init
                0x0800cc60      0x170 main.o
                0x0800cc60                MX_GPIO_Init
 .text.HAL_TIM_PeriodElapsedCallback
                0x0800cdd0       0x24 main.o
                0x0800cdd0                HAL_TIM_PeriodElapsedCallback
 .text.Error_Handler
                0x0800cdf4        0xc main.o
                0x0800cdf4                Error_Handler
 .text.NMI_Handler
                0x0800ce00        0x8 stm32l4xx_it.o
                0x0800ce00                NMI_Handler
 .text.HardFault_Handler
                0x0800ce08        0x8 stm32l4xx_it.o
                0x0800ce08                HardFault_Handler
 .text.MemManage_Handler
                0x0800ce10        0x8 stm32l4xx_it.o
                0x0800ce10                MemManage_Handler
 .text.BusFault_Handler
                0x0800ce18        0x8 stm32l4xx_it.o
                0x0800ce18                BusFault_Handler
 .text.UsageFault_Handler
                0x0800ce20        0x8 stm32l4xx_it.o
                0x0800ce20                UsageFault_Handler
 .text.DebugMon_Handler
                0x0800ce28        0xe stm32l4xx_it.o
                0x0800ce28                DebugMon_Handler
 .text.ADC1_IRQHandler
                0x0800ce36        0xe stm32l4xx_it.o
                0x0800ce36                ADC1_IRQHandler
 .text.TIM6_DAC_IRQHandler
                0x0800ce44       0x14 stm32l4xx_it.o
                0x0800ce44                TIM6_DAC_IRQHandler
 .text.DMA2_Channel6_IRQHandler
                0x0800ce58        0xe stm32l4xx_it.o
                0x0800ce58                DMA2_Channel6_IRQHandler
 .text.DMA2_Channel7_IRQHandler
                0x0800ce66        0xe stm32l4xx_it.o
                0x0800ce66                DMA2_Channel7_IRQHandler
 .text.HAL_MspInit
                0x0800ce74       0x48 stm32l4xx_hal_msp.o
                0x0800ce74                HAL_MspInit
 .text.HAL_InitTick
                0x0800cebc       0xf4 stm32l4xx_hal_timebase_tim.o
                0x0800cebc                HAL_InitTick
 .text.LL_SetSystemCoreClock
                0x0800cfb0       0x20 stm32l4xx_ll_utils.o
                0x0800cfb0                LL_SetSystemCoreClock
 .text.LL_EXTI_EnableIT_0_31
                0x0800cfd0       0x24 stm32l4xx_ll_exti.o
 .text.LL_EXTI_EnableIT_32_63
                0x0800cff4       0x24 stm32l4xx_ll_exti.o
 .text.LL_EXTI_DisableIT_0_31
                0x0800d018       0x28 stm32l4xx_ll_exti.o
 .text.LL_EXTI_DisableIT_32_63
                0x0800d040       0x28 stm32l4xx_ll_exti.o
 .text.LL_EXTI_EnableEvent_0_31
                0x0800d068       0x24 stm32l4xx_ll_exti.o
 .text.LL_EXTI_EnableEvent_32_63
                0x0800d08c       0x24 stm32l4xx_ll_exti.o
 .text.LL_EXTI_DisableEvent_0_31
                0x0800d0b0       0x28 stm32l4xx_ll_exti.o
 .text.LL_EXTI_DisableEvent_32_63
                0x0800d0d8       0x28 stm32l4xx_ll_exti.o
 .text.LL_EXTI_EnableRisingTrig_0_31
                0x0800d100       0x24 stm32l4xx_ll_exti.o
 .text.LL_EXTI_EnableRisingTrig_32_63
                0x0800d124       0x24 stm32l4xx_ll_exti.o
 .text.LL_EXTI_DisableRisingTrig_0_31
                0x0800d148       0x28 stm32l4xx_ll_exti.o
 .text.LL_EXTI_DisableRisingTrig_32_63
                0x0800d170       0x28 stm32l4xx_ll_exti.o
 .text.LL_EXTI_EnableFallingTrig_0_31
                0x0800d198       0x24 stm32l4xx_ll_exti.o
 .text.LL_EXTI_EnableFallingTrig_32_63
                0x0800d1bc       0x24 stm32l4xx_ll_exti.o
 .text.LL_EXTI_DisableFallingTrig_0_31
                0x0800d1e0       0x28 stm32l4xx_ll_exti.o
 .text.LL_EXTI_DisableFallingTrig_32_63
                0x0800d208       0x28 stm32l4xx_ll_exti.o
 .text.LL_EXTI_Init
                0x0800d230      0x1e8 stm32l4xx_ll_exti.o
                0x0800d230                LL_EXTI_Init
 .text.HAL_TIM_Base_Init
                0x0800d418       0xae stm32l4xx_hal_tim.o
                0x0800d418                HAL_TIM_Base_Init
 .text.HAL_TIM_Base_MspInit
                0x0800d4c6       0x14 stm32l4xx_hal_tim.o
                0x0800d4c6                HAL_TIM_Base_MspInit
 *fill*         0x0800d4da        0x2 
 .text.HAL_TIM_Base_Start_IT
                0x0800d4dc       0xa8 stm32l4xx_hal_tim.o
                0x0800d4dc                HAL_TIM_Base_Start_IT
 .text.HAL_TIM_IRQHandler
                0x0800d584      0x23e stm32l4xx_hal_tim.o
                0x0800d584                HAL_TIM_IRQHandler
 .text.HAL_TIM_OC_DelayElapsedCallback
                0x0800d7c2       0x14 stm32l4xx_hal_tim.o
                0x0800d7c2                HAL_TIM_OC_DelayElapsedCallback
 .text.HAL_TIM_IC_CaptureCallback
                0x0800d7d6       0x14 stm32l4xx_hal_tim.o
                0x0800d7d6                HAL_TIM_IC_CaptureCallback
 .text.HAL_TIM_PWM_PulseFinishedCallback
                0x0800d7ea       0x14 stm32l4xx_hal_tim.o
                0x0800d7ea                HAL_TIM_PWM_PulseFinishedCallback
 .text.HAL_TIM_TriggerCallback
                0x0800d7fe       0x14 stm32l4xx_hal_tim.o
                0x0800d7fe                HAL_TIM_TriggerCallback
 *fill*         0x0800d812        0x2 
 .text.TIM_Base_SetConfig
                0x0800d814       0xc8 stm32l4xx_hal_tim.o
                0x0800d814                TIM_Base_SetConfig
 .text.HAL_TIMEx_CommutCallback
                0x0800d8dc       0x14 stm32l4xx_hal_tim_ex.o
                0x0800d8dc                HAL_TIMEx_CommutCallback
 .text.HAL_TIMEx_BreakCallback
                0x0800d8f0       0x14 stm32l4xx_hal_tim_ex.o
                0x0800d8f0                HAL_TIMEx_BreakCallback
 .text.HAL_TIMEx_Break2Callback
                0x0800d904       0x14 stm32l4xx_hal_tim_ex.o
                0x0800d904                HAL_TIMEx_Break2Callback
 .text.LL_GPIO_SetPinMode
                0x0800d918       0x7a stm32l4xx_ll_gpio.o
 .text.LL_GPIO_SetPinOutputType
                0x0800d992       0x30 stm32l4xx_ll_gpio.o
 .text.LL_GPIO_SetPinSpeed
                0x0800d9c2       0x7a stm32l4xx_ll_gpio.o
 .text.LL_GPIO_SetPinPull
                0x0800da3c       0x7a stm32l4xx_ll_gpio.o
 .text.LL_GPIO_SetAFPin_0_7
                0x0800dab6       0x7a stm32l4xx_ll_gpio.o
 .text.LL_GPIO_SetAFPin_8_15
                0x0800db30       0x7e stm32l4xx_ll_gpio.o
 .text.LL_GPIO_Init
                0x0800dbae       0xdc stm32l4xx_ll_gpio.o
                0x0800dbae                LL_GPIO_Init
 .text.LL_ADC_SetCommonClock
                0x0800dc8a       0x26 stm32l4xx_ll_adc.o
 .text.LL_ADC_REG_SetSequencerLength
                0x0800dcb0       0x26 stm32l4xx_ll_adc.o
 .text.LL_ADC_IsEnabled
                0x0800dcd6       0x26 stm32l4xx_ll_adc.o
 .text.LL_ADC_CommonInit
                0x0800dcfc       0x3c stm32l4xx_ll_adc.o
                0x0800dcfc                LL_ADC_CommonInit
 .text.LL_ADC_Init
                0x0800dd38       0x4c stm32l4xx_ll_adc.o
                0x0800dd38                LL_ADC_Init
 .text.LL_ADC_REG_Init
                0x0800dd84       0x94 stm32l4xx_ll_adc.o
                0x0800dd84                LL_ADC_REG_Init
 .text.HAL_Init
                0x0800de18       0x30 stm32l4xx_hal.o
                0x0800de18                HAL_Init
 .text.HAL_IncTick
                0x0800de48       0x28 stm32l4xx_hal.o
                0x0800de48                HAL_IncTick
 .text.HAL_GetTick
                0x0800de70       0x18 stm32l4xx_hal.o
                0x0800de70                HAL_GetTick
 .text.HAL_RCC_GetHCLKFreq
                0x0800de88       0x18 stm32l4xx_hal_rcc.o
                0x0800de88                HAL_RCC_GetHCLKFreq
 .text.HAL_RCC_GetPCLK1Freq
                0x0800dea0       0x2c stm32l4xx_hal_rcc.o
                0x0800dea0                HAL_RCC_GetPCLK1Freq
 .text.HAL_RCC_GetClockConfig
                0x0800decc       0x64 stm32l4xx_hal_rcc.o
                0x0800decc                HAL_RCC_GetClockConfig
 .text.__NVIC_SetPriorityGrouping
                0x0800df30       0x48 stm32l4xx_hal_cortex.o
 .text.__NVIC_GetPriorityGrouping
                0x0800df78       0x1c stm32l4xx_hal_cortex.o
 .text.__NVIC_EnableIRQ
                0x0800df94       0x3c stm32l4xx_hal_cortex.o
 .text.__NVIC_SetPriority
                0x0800dfd0       0x54 stm32l4xx_hal_cortex.o
 .text.NVIC_EncodePriority
                0x0800e024       0x66 stm32l4xx_hal_cortex.o
 .text.HAL_NVIC_SetPriorityGrouping
                0x0800e08a       0x16 stm32l4xx_hal_cortex.o
                0x0800e08a                HAL_NVIC_SetPriorityGrouping
 .text.HAL_NVIC_SetPriority
                0x0800e0a0       0x38 stm32l4xx_hal_cortex.o
                0x0800e0a0                HAL_NVIC_SetPriority
 .text.HAL_NVIC_EnableIRQ
                0x0800e0d8       0x1c stm32l4xx_hal_cortex.o
                0x0800e0d8                HAL_NVIC_EnableIRQ
 .text.LL_I2C_Enable
                0x0800e0f4       0x20 stm32l4xx_ll_i2c.o
 .text.LL_I2C_Disable
                0x0800e114       0x20 stm32l4xx_ll_i2c.o
 .text.LL_I2C_ConfigFilters
                0x0800e134       0x2e stm32l4xx_ll_i2c.o
 .text.LL_I2C_SetOwnAddress1
                0x0800e162       0x30 stm32l4xx_ll_i2c.o
 .text.LL_I2C_EnableOwnAddress1
                0x0800e192       0x20 stm32l4xx_ll_i2c.o
 .text.LL_I2C_DisableOwnAddress1
                0x0800e1b2       0x20 stm32l4xx_ll_i2c.o
 .text.LL_I2C_SetTiming
                0x0800e1d2       0x1c stm32l4xx_ll_i2c.o
 .text.LL_I2C_SetMode
                0x0800e1ee       0x26 stm32l4xx_ll_i2c.o
 .text.LL_I2C_AcknowledgeNextData
                0x0800e214       0x26 stm32l4xx_ll_i2c.o
 .text.LL_I2C_Init
                0x0800e23a       0x78 stm32l4xx_ll_i2c.o
                0x0800e23a                LL_I2C_Init
 .text.LL_TIM_SetPrescaler
                0x0800e2b2       0x1c stm32l4xx_ll_tim.o
 .text.LL_TIM_SetAutoReload
                0x0800e2ce       0x1c stm32l4xx_ll_tim.o
 .text.LL_TIM_SetRepetitionCounter
                0x0800e2ea       0x1c stm32l4xx_ll_tim.o
 .text.LL_TIM_OC_SetCompareCH1
                0x0800e306       0x1c stm32l4xx_ll_tim.o
 .text.LL_TIM_OC_SetCompareCH2
                0x0800e322       0x1c stm32l4xx_ll_tim.o
 .text.LL_TIM_OC_SetCompareCH3
                0x0800e33e       0x1c stm32l4xx_ll_tim.o
 .text.LL_TIM_OC_SetCompareCH4
                0x0800e35a       0x1c stm32l4xx_ll_tim.o
 .text.LL_TIM_OC_SetCompareCH5
                0x0800e376       0x20 stm32l4xx_ll_tim.o
 .text.LL_TIM_OC_SetCompareCH6
                0x0800e396       0x1c stm32l4xx_ll_tim.o
 .text.LL_TIM_GenerateEvent_UPDATE
                0x0800e3b2       0x20 stm32l4xx_ll_tim.o
 *fill*         0x0800e3d2        0x2 
 .text.LL_TIM_Init
                0x0800e3d4       0xbc stm32l4xx_ll_tim.o
                0x0800e3d4                LL_TIM_Init
 .text.LL_TIM_OC_Init
                0x0800e490       0xbe stm32l4xx_ll_tim.o
                0x0800e490                LL_TIM_OC_Init
 *fill*         0x0800e54e        0x2 
 .text.LL_TIM_BDTR_Init
                0x0800e550       0xe0 stm32l4xx_ll_tim.o
                0x0800e550                LL_TIM_BDTR_Init
 .text.OC1Config
                0x0800e630       0xe8 stm32l4xx_ll_tim.o
 .text.OC2Config
                0x0800e718       0xf0 stm32l4xx_ll_tim.o
 .text.OC3Config
                0x0800e808       0xf0 stm32l4xx_ll_tim.o
 .text.OC4Config
                0x0800e8f8       0xc0 stm32l4xx_ll_tim.o
 .text.OC5Config
                0x0800e9b8       0xb0 stm32l4xx_ll_tim.o
 .text.OC6Config
                0x0800ea68       0xb0 stm32l4xx_ll_tim.o
 .text.LL_USART_IsEnabled
                0x0800eb18       0x26 stm32l4xx_ll_usart.o
 .text.LL_USART_SetStopBitsLength
                0x0800eb3e       0x26 stm32l4xx_ll_usart.o
 .text.LL_USART_SetHWFlowCtrl
                0x0800eb64       0x26 stm32l4xx_ll_usart.o
 .text.LL_USART_SetBaudRate
                0x0800eb8a       0x6e stm32l4xx_ll_usart.o
 .text.LL_USART_Init
                0x0800ebf8       0xb4 stm32l4xx_ll_usart.o
                0x0800ebf8                LL_USART_Init
 .text.LL_RCC_HSI_IsReady
                0x0800ecac       0x28 stm32l4xx_ll_rcc.o
 .text.LL_RCC_LSE_IsReady
                0x0800ecd4       0x28 stm32l4xx_ll_rcc.o
 .text.LL_RCC_MSI_IsEnabledRangeSelect
                0x0800ecfc       0x24 stm32l4xx_ll_rcc.o
 .text.LL_RCC_MSI_GetRange
                0x0800ed20       0x1c stm32l4xx_ll_rcc.o
 .text.LL_RCC_MSI_GetRangeAfterStandby
                0x0800ed3c       0x1c stm32l4xx_ll_rcc.o
 .text.LL_RCC_GetSysClkSource
                0x0800ed58       0x1c stm32l4xx_ll_rcc.o
 .text.LL_RCC_GetAHBPrescaler
                0x0800ed74       0x1c stm32l4xx_ll_rcc.o
 .text.LL_RCC_GetAPB1Prescaler
                0x0800ed90       0x1c stm32l4xx_ll_rcc.o
 .text.LL_RCC_GetAPB2Prescaler
                0x0800edac       0x1c stm32l4xx_ll_rcc.o
 .text.LL_RCC_GetUSARTClockSource
                0x0800edc8       0x28 stm32l4xx_ll_rcc.o
 .text.LL_RCC_PLL_GetMainSource
                0x0800edf0       0x1c stm32l4xx_ll_rcc.o
 .text.LL_RCC_PLL_GetN
                0x0800ee0c       0x1c stm32l4xx_ll_rcc.o
 .text.LL_RCC_PLL_GetR
                0x0800ee28       0x1c stm32l4xx_ll_rcc.o
 .text.LL_RCC_PLL_GetDivider
                0x0800ee44       0x1c stm32l4xx_ll_rcc.o
 .text.LL_RCC_GetUSARTClockFreq
                0x0800ee60      0x134 stm32l4xx_ll_rcc.o
                0x0800ee60                LL_RCC_GetUSARTClockFreq
 .text.RCC_GetSystemClockFreq
                0x0800ef94      0x120 stm32l4xx_ll_rcc.o
 .text.RCC_GetHCLKClockFreq
                0x0800f0b4       0x2c stm32l4xx_ll_rcc.o
 .text.RCC_GetPCLK1ClockFreq
                0x0800f0e0       0x28 stm32l4xx_ll_rcc.o
 .text.RCC_GetPCLK2ClockFreq
                0x0800f108       0x28 stm32l4xx_ll_rcc.o
 .text.RCC_PLL_GetFreqDomain_SYS
                0x0800f130      0x118 stm32l4xx_ll_rcc.o
 .text.SystemInit
                0x0800f248       0x24 system_stm32l4xx.o
                0x0800f248                SystemInit
 .text.Reset_Handler
                0x0800f26c       0x50 startup_stm32l432kcux.o
                0x0800f26c                Reset_Handler
 .text.Default_Handler
                0x0800f2bc        0x2 startup_stm32l432kcux.o
                0x0800f2bc                RTC_Alarm_IRQHandler
                0x0800f2bc                EXTI2_IRQHandler
                0x0800f2bc                TIM1_CC_IRQHandler
                0x0800f2bc                TSC_IRQHandler
                0x0800f2bc                TAMP_STAMP_IRQHandler
                0x0800f2bc                LPTIM2_IRQHandler
                0x0800f2bc                I2C3_ER_IRQHandler
                0x0800f2bc                CAN1_RX0_IRQHandler
                0x0800f2bc                FPU_IRQHandler
                0x0800f2bc                TIM1_UP_TIM16_IRQHandler
                0x0800f2bc                SPI1_IRQHandler
                0x0800f2bc                DMA2_Channel2_IRQHandler
                0x0800f2bc                DMA1_Channel4_IRQHandler
                0x0800f2bc                CAN1_RX1_IRQHandler
                0x0800f2bc                DMA2_Channel1_IRQHandler
                0x0800f2bc                QUADSPI_IRQHandler
                0x0800f2bc                I2C1_EV_IRQHandler
                0x0800f2bc                DMA2_Channel4_IRQHandler
                0x0800f2bc                RCC_IRQHandler
                0x0800f2bc                TIM1_TRG_COM_IRQHandler
                0x0800f2bc                Default_Handler
                0x0800f2bc                EXTI15_10_IRQHandler
                0x0800f2bc                TIM7_IRQHandler
                0x0800f2bc                I2C3_EV_IRQHandler
                0x0800f2bc                USB_IRQHandler
                0x0800f2bc                EXTI9_5_IRQHandler
                0x0800f2bc                RTC_WKUP_IRQHandler
                0x0800f2bc                PVD_PVM_IRQHandler
                0x0800f2bc                CAN1_TX_IRQHandler
                0x0800f2bc                DMA2_Channel5_IRQHandler
                0x0800f2bc                CRS_IRQHandler
                0x0800f2bc                DMA1_Channel5_IRQHandler
                0x0800f2bc                EXTI4_IRQHandler
                0x0800f2bc                RNG_IRQHandler
                0x0800f2bc                DMA1_Channel3_IRQHandler
                0x0800f2bc                COMP_IRQHandler
                0x0800f2bc                WWDG_IRQHandler
                0x0800f2bc                LPUART1_IRQHandler
                0x0800f2bc                TIM2_IRQHandler
                0x0800f2bc                EXTI1_IRQHandler
                0x0800f2bc                DMA1_Channel2_IRQHandler
                0x0800f2bc                CAN1_SCE_IRQHandler
                0x0800f2bc                FLASH_IRQHandler
                0x0800f2bc                USART1_IRQHandler
                0x0800f2bc                SPI3_IRQHandler
                0x0800f2bc                I2C1_ER_IRQHandler
                0x0800f2bc                SWPMI1_IRQHandler
                0x0800f2bc                LPTIM1_IRQHandler
                0x0800f2bc                SAI1_IRQHandler
                0x0800f2bc                DMA2_Channel3_IRQHandler
                0x0800f2bc                TIM1_BRK_TIM15_IRQHandler
 *fill*         0x0800f2be        0x2 
 .text.fmod     0x0800f2c0       0x6c C:/ProgramData/MATLAB/SupportPackages/R2024b/3P.instrset/gnuarm-armcortex.instrset/win/bin/../lib/gcc/arm-none-eabi/13.2.1/thumb/v7e-m+fp/hard\libm.a(libm_a-w_fmod.o)
                0x0800f2c0                fmod
 .text.__ieee754_fmod
                0x0800f32c      0x30c C:/ProgramData/MATLAB/SupportPackages/R2024b/3P.instrset/gnuarm-armcortex.instrset/win/bin/../lib/gcc/arm-none-eabi/13.2.1/thumb/v7e-m+fp/hard\libm.a(libm_a-e_fmod.o)
                0x0800f32c                __ieee754_fmod
 .text.memset   0x0800f638       0x10 C:/ProgramData/MATLAB/SupportPackages/R2024b/3P.instrset/gnuarm-armcortex.instrset/win/bin/../lib/gcc/arm-none-eabi/13.2.1/thumb/v7e-m+fp/hard\libg_nano.a(libc_a-memset.o)
                0x0800f638                memset
 .text.__errno  0x0800f648        0xc C:/ProgramData/MATLAB/SupportPackages/R2024b/3P.instrset/gnuarm-armcortex.instrset/win/bin/../lib/gcc/arm-none-eabi/13.2.1/thumb/v7e-m+fp/hard\libg_nano.a(libc_a-errno.o)
                0x0800f648                __errno
 .text.__libc_init_array
                0x0800f654       0x48 C:/ProgramData/MATLAB/SupportPackages/R2024b/3P.instrset/gnuarm-armcortex.instrset/win/bin/../lib/gcc/arm-none-eabi/13.2.1/thumb/v7e-m+fp/hard\libg_nano.a(libc_a-init.o)
                0x0800f654                __libc_init_array
 .text.memcpy   0x0800f69c       0x1c C:/ProgramData/MATLAB/SupportPackages/R2024b/3P.instrset/gnuarm-armcortex.instrset/win/bin/../lib/gcc/arm-none-eabi/13.2.1/thumb/v7e-m+fp/hard\libg_nano.a(libc_a-memcpy-stub.o)
                0x0800f69c                memcpy
 *(.glue_7)
 .glue_7        0x0800f6b8        0x0 linker stubs
 *(.glue_7t)
 .glue_7t       0x0800f6b8        0x0 linker stubs
 *(.eh_frame)
 .eh_frame      0x0800f6b8        0x0 C:/ProgramData/MATLAB/SupportPackages/R2024b/3P.instrset/gnuarm-armcortex.instrset/win/bin/../lib/gcc/arm-none-eabi/13.2.1/thumb/v7e-m+fp/hard/crtbegin.o
 *(.init)
 .init          0x0800f6b8        0x4 C:/ProgramData/MATLAB/SupportPackages/R2024b/3P.instrset/gnuarm-armcortex.instrset/win/bin/../lib/gcc/arm-none-eabi/13.2.1/thumb/v7e-m+fp/hard/crti.o
                0x0800f6b8                _init
 .init          0x0800f6bc        0x8 C:/ProgramData/MATLAB/SupportPackages/R2024b/3P.instrset/gnuarm-armcortex.instrset/win/bin/../lib/gcc/arm-none-eabi/13.2.1/thumb/v7e-m+fp/hard/crtn.o
 *(.fini)
 .fini          0x0800f6c4        0x4 C:/ProgramData/MATLAB/SupportPackages/R2024b/3P.instrset/gnuarm-armcortex.instrset/win/bin/../lib/gcc/arm-none-eabi/13.2.1/thumb/v7e-m+fp/hard/crti.o
                0x0800f6c4                _fini
 .fini          0x0800f6c8        0x8 C:/ProgramData/MATLAB/SupportPackages/R2024b/3P.instrset/gnuarm-armcortex.instrset/win/bin/../lib/gcc/arm-none-eabi/13.2.1/thumb/v7e-m+fp/hard/crtn.o
                0x0800f6d0                        . = ALIGN (0x4)
                0x0800f6d0                        _etext = .

.vfp11_veneer   0x0800f6d0        0x0
 .vfp11_veneer  0x0800f6d0        0x0 linker stubs

.v4_bx          0x0800f6d0        0x0
 .v4_bx         0x0800f6d0        0x0 linker stubs

.iplt           0x0800f6d0        0x0
 .iplt          0x0800f6d0        0x0 C:/ProgramData/MATLAB/SupportPackages/R2024b/3P.instrset/gnuarm-armcortex.instrset/win/bin/../lib/gcc/arm-none-eabi/13.2.1/thumb/v7e-m+fp/hard/crtbegin.o

.rodata         0x0800f6d0     0x2a20
                0x0800f6d0                        . = ALIGN (0x4)
 *(.rodata)
 .rodata        0x0800f6d0      0x2b9 xcp_ext_mode.o
 *fill*         0x0800f989        0x3 
 .rodata        0x0800f98c      0x12e xcp_ext_common.o
 *fill*         0x0800faba        0x2 
 .rodata        0x0800fabc       0x4c xcp_ext_classic_trigger.o
 .rodata        0x0800fb08      0x278 xcp.o
 .rodata        0x0800fd80      0x3a9 xcp_standard.o
 *fill*         0x08010129        0x3 
 .rodata        0x0801012c     0x1010 xcp_daq.o
 .rodata        0x0801113c       0xdd xcp_calibration.o
 *fill*         0x08011219        0x3 
 .rodata        0x0801121c      0x56e xcp_transport.o
 *fill*         0x0801178a        0x2 
 .rodata        0x0801178c       0xf5 xcp_mem_default.o
 *fill*         0x08011881        0x3 
 .rodata        0x08011884      0x228 xcp_drv_rtiostream.o
 .rodata        0x08011aac      0x4aa xcp_frame_serial.o
 *(.rodata*)
 *fill*         0x08011f56        0x2 
 .rodata.CHANNEL_OFFSET_TAB
                0x08011f58        0x7 stm_adc_ll.o
 *fill*         0x08011f5f        0x1 
 .rodata.Micro_mouse_M
                0x08011f60        0x4 Micro_mouse.o
                0x08011f60                Micro_mouse_M
 .rodata.rtAlwaysEnabled.0
                0x08011f64        0x1 Micro_mouse.o
 *fill*         0x08011f65        0x3 
 .rodata.standardSupportedRxPacket
                0x08011f68       0x54 xcp_standard.o
 .rodata.daqSupportedRxPacket
                0x08011fbc       0x9c xcp_daq.o
 .rodata.calibrationSupportedRxPacket
                0x08012058       0x18 xcp_calibration.o
 .rodata.CHANNEL_OFFSET_TAB
                0x08012070        0x7 stm_usart.o
 *fill*         0x08012077        0x1 
 .rodata.CHANNEL_OFFSET_TAB
                0x08012078        0x7 main.o
 *fill*         0x0801207f        0x1 
 .rodata.OFFSET_TAB_CCMRx
                0x08012080        0x9 main.o
 *fill*         0x08012089        0x3 
 .rodata.SHIFT_TAB_OCxx
                0x0801208c        0x9 main.o
 *fill*         0x08012095        0x3 
 .rodata.AHBPrescTable
                0x08012098       0x10 system_stm32l4xx.o
                0x08012098                AHBPrescTable
 .rodata.APBPrescTable
                0x080120a8        0x8 system_stm32l4xx.o
                0x080120a8                APBPrescTable
 .rodata.MSIRangeTable
                0x080120b0       0x30 system_stm32l4xx.o
                0x080120b0                MSIRangeTable
 .rodata.Zero   0x080120e0       0x10 C:/ProgramData/MATLAB/SupportPackages/R2024b/3P.instrset/gnuarm-armcortex.instrset/win/bin/../lib/gcc/arm-none-eabi/13.2.1/thumb/v7e-m+fp/hard\libm.a(libm_a-e_fmod.o)
                0x080120f0                        . = ALIGN (0x4)

.ARM.extab      0x080120f0        0x0
                0x080120f0                        . = ALIGN (0x4)
 *(.ARM.extab* .gnu.linkonce.armextab.*)
                0x080120f0                        . = ALIGN (0x4)

.ARM            0x080120f0        0x0
                0x080120f0                        . = ALIGN (0x4)
                0x080120f0                        __exidx_start = .
 *(.ARM.exidx*)
                0x080120f0                        __exidx_end = .
                0x080120f0                        . = ALIGN (0x4)

.preinit_array  0x080120f0        0x0
                0x080120f0                        . = ALIGN (0x4)
                0x080120f0                        PROVIDE (__preinit_array_start = .)
 *(.preinit_array*)
                0x080120f0                        PROVIDE (__preinit_array_end = .)
                0x080120f0                        . = ALIGN (0x4)

.init_array     0x080120f0        0x4
                0x080120f0                        . = ALIGN (0x4)
                0x080120f0                        PROVIDE (__init_array_start = .)
 *(SORT_BY_NAME(.init_array.*))
 *(.init_array*)
 .init_array    0x080120f0        0x4 C:/ProgramData/MATLAB/SupportPackages/R2024b/3P.instrset/gnuarm-armcortex.instrset/win/bin/../lib/gcc/arm-none-eabi/13.2.1/thumb/v7e-m+fp/hard/crtbegin.o
                0x080120f4                        PROVIDE (__init_array_end = .)
                0x080120f4                        . = ALIGN (0x4)

.fini_array     0x080120f4        0x4
                0x080120f4                        . = ALIGN (0x4)
                [!provide]                        PROVIDE (__fini_array_start = .)
 *(SORT_BY_NAME(.fini_array.*))
 *(.fini_array*)
 .fini_array    0x080120f4        0x4 C:/ProgramData/MATLAB/SupportPackages/R2024b/3P.instrset/gnuarm-armcortex.instrset/win/bin/../lib/gcc/arm-none-eabi/13.2.1/thumb/v7e-m+fp/hard/crtbegin.o
                [!provide]                        PROVIDE (__fini_array_end = .)
                0x080120f8                        . = ALIGN (0x4)
                0x080120f8                        _sidata = LOADADDR (.data)

.rel.dyn        0x080120f8        0x0
 .rel.iplt      0x080120f8        0x0 C:/ProgramData/MATLAB/SupportPackages/R2024b/3P.instrset/gnuarm-armcortex.instrset/win/bin/../lib/gcc/arm-none-eabi/13.2.1/thumb/v7e-m+fp/hard/crtbegin.o

.data           0x20000000       0xe4 load address 0x080120f8
                0x20000000                        . = ALIGN (0x4)
                0x20000000                        _sdata = .
 *(.data)
 *(.data*)
 .data.xcpExtmodeFinalSimulationTime
                0x20000000        0x8 xcp_ext_common.o
                0x20000000                xcpExtmodeFinalSimulationTime
 .data.xcpClassicTriggerDuration
                0x20000008        0x4 xcp_ext_classic_trigger.o
                0x20000008                xcpClassicTriggerDuration
 .data.xcpClassicTriggerArmRequest
                0x2000000c        0x1 xcp_ext_classic_trigger.o
                0x2000000c                xcpClassicTriggerArmRequest
 *fill*         0x2000000d        0x3 
 .data.startStopDaqListId
                0x20000010        0x4 xcp_daq.o
 .data.xcpCurrentDaq
                0x20000014        0x4 xcp_daq.o
 .data.xcpEventCustomMemoryManager
                0x20000018        0xc xcp_daq.o
 .data.xcpCtoReservedMemPoolId
                0x20000024        0x4 xcp_transport.o
 .data.xcpMemMainBlockSizes
                0x20000028        0xc xcp_mem_default.o
 .data.xcpMemMainBlocksNumber
                0x20000034        0xc xcp_mem_default.o
 .data.drvID    0x20000040        0x4 xcp_drv_rtiostream.o
 .data.xcpCtoReservedMemPoolId
                0x20000044        0x4 xcp_frame_serial.o
 .data.uartObj  0x20000048       0x40 rtiostream_serial.o
                0x20000048                uartObj
 .data.uwTickPrio
                0x20000088        0x4 stm32l4xx_hal.o
                0x20000088                uwTickPrio
 .data.uwTickFreq
                0x2000008c        0x1 stm32l4xx_hal.o
                0x2000008c                uwTickFreq
 *fill*         0x2000008d        0x3 
 .data.SystemCoreClock
                0x20000090        0x4 system_stm32l4xx.o
                0x20000090                SystemCoreClock
 .data._impure_ptr
                0x20000094        0x4 C:/ProgramData/MATLAB/SupportPackages/R2024b/3P.instrset/gnuarm-armcortex.instrset/win/bin/../lib/gcc/arm-none-eabi/13.2.1/thumb/v7e-m+fp/hard\libg_nano.a(libc_a-impure.o)
                0x20000094                _impure_ptr
 .data._impure_data
                0x20000098       0x4c C:/ProgramData/MATLAB/SupportPackages/R2024b/3P.instrset/gnuarm-armcortex.instrset/win/bin/../lib/gcc/arm-none-eabi/13.2.1/thumb/v7e-m+fp/hard\libg_nano.a(libc_a-impure.o)
                0x20000098                _impure_data
 *(.RamFunc)
 *(.RamFunc*)
                0x200000e4                        . = ALIGN (0x4)
                0x200000e4                        _edata = .

.tm_clone_table
                0x200000e4        0x0 load address 0x080121dc
 .tm_clone_table
                0x200000e4        0x0 C:/ProgramData/MATLAB/SupportPackages/R2024b/3P.instrset/gnuarm-armcortex.instrset/win/bin/../lib/gcc/arm-none-eabi/13.2.1/thumb/v7e-m+fp/hard/crtbegin.o
 .tm_clone_table
                0x200000e4        0x0 C:/ProgramData/MATLAB/SupportPackages/R2024b/3P.instrset/gnuarm-armcortex.instrset/win/bin/../lib/gcc/arm-none-eabi/13.2.1/thumb/v7e-m+fp/hard/crtend.o

.igot.plt       0x200000e4        0x0 load address 0x080121dc
 .igot.plt      0x200000e4        0x0 C:/ProgramData/MATLAB/SupportPackages/R2024b/3P.instrset/gnuarm-armcortex.instrset/win/bin/../lib/gcc/arm-none-eabi/13.2.1/thumb/v7e-m+fp/hard/crtbegin.o
                0x200000e4                        . = ALIGN (0x4)

.bss            0x200000e8     0x1ca0 load address 0x080121dc
                0x200000e8                        _sbss = .
                0x200000e8                        __bss_start__ = _sbss
 *(.bss)
 *(.bss*)
 .bss.completed.1
                0x200000e8        0x1 C:/ProgramData/MATLAB/SupportPackages/R2024b/3P.instrset/gnuarm-armcortex.instrset/win/bin/../lib/gcc/arm-none-eabi/13.2.1/thumb/v7e-m+fp/hard/crtbegin.o
 *fill*         0x200000e9        0x3 
 .bss.object.0  0x200000ec       0x18 C:/ProgramData/MATLAB/SupportPackages/R2024b/3P.instrset/gnuarm-armcortex.instrset/win/bin/../lib/gcc/arm-none-eabi/13.2.1/thumb/v7e-m+fp/hard/crtbegin.o
 .bss.mw_adc1   0x20000104       0x1c stm_adc_ll.o
                0x20000104                mw_adc1
 .bss.mw_tim1   0x20000120       0x8c stm_timer_ll.o
                0x20000120                mw_tim1
 .bss.mw_tim16  0x200001ac       0x8c stm_timer_ll.o
                0x200001ac                mw_tim16
 .bss.xcpCustomTriggerFunction
                0x20000238        0x8 xcp_ext_mode.o
 .bss.currentTime
                0x20000240        0x8 Micro_mouse.o
                0x20000240                currentTime
 .bss.Micro_mouse_B
                0x20000248       0x40 Micro_mouse.o
                0x20000248                Micro_mouse_B
 .bss.Micro_mouse_DW
                0x20000288       0xb8 Micro_mouse.o
                0x20000288                Micro_mouse_DW
 .bss.Micro_mouse_U
                0x20000340        0x8 Micro_mouse.o
                0x20000340                Micro_mouse_U
 .bss.Micro_mouse_Y
                0x20000348       0x10 Micro_mouse.o
                0x20000348                Micro_mouse_Y
 .bss.Micro_mouse_M_
                0x20000358       0x50 Micro_mouse.o
 .bss.rt_ExtModeInfo.2
                0x200003a8       0x14 Micro_mouse.o
 .bss.systemRan.1
                0x200003bc       0x38 Micro_mouse.o
 .bss.IsrOverrun
                0x200003f4        0x4 ert_main.o
                0x200003f4                IsrOverrun
 .bss.OverrunFlag
                0x200003f8        0x1 ert_main.o
 .bss.stopRequested
                0x200003f9        0x1 ert_main.o
                0x200003f9                stopRequested
 .bss.runModel  0x200003fa        0x1 ert_main.o
                0x200003fa                runModel
 .bss.xcpModelStartRequest
                0x200003fb        0x1 xcp_ext_common.o
                0x200003fb                xcpModelStartRequest
 .bss.xcpModelStopRequest
                0x200003fc        0x1 xcp_ext_common.o
                0x200003fc                xcpModelStopRequest
 .bss.xcpModelStatus
                0x200003fd        0x1 xcp_ext_common.o
                0x200003fd                xcpModelStatus
 *fill*         0x200003fe        0x2 
 .bss.xcpModelChecksum0
                0x20000400        0x4 xcp_ext_common.o
                0x20000400                xcpModelChecksum0
 .bss.xcpModelChecksum1
                0x20000404        0x4 xcp_ext_common.o
                0x20000404                xcpModelChecksum1
 .bss.xcpModelChecksum2
                0x20000408        0x4 xcp_ext_common.o
                0x20000408                xcpModelChecksum2
 .bss.xcpModelChecksum3
                0x2000040c        0x4 xcp_ext_common.o
                0x2000040c                xcpModelChecksum3
 .bss.xcpModelIntegerCode
                0x20000410        0x4 xcp_ext_common.o
                0x20000410                xcpModelIntegerCode
 .bss.xcpExtmodeSimulationComplete
                0x20000414        0x1 xcp_ext_common.o
                0x20000414                xcpExtmodeSimulationComplete
 *fill*         0x20000415        0x3 
 .bss.xcpDummyDoubleVariable
                0x20000418        0x8 xcp_ext_common.o
                0x20000418                xcpDummyDoubleVariable
 .bss.xcpDummyUint64Variable
                0x20000420        0x8 xcp_ext_common.o
                0x20000420                xcpDummyUint64Variable
 .bss.xcpCurrentSimulationTimeInMs
                0x20000428        0x8 xcp_ext_common.o
                0x20000428                xcpCurrentSimulationTimeInMs
 .bss.xcpBaseRateSimulationTime
                0x20000430        0x8 xcp_ext_common.o
 .bss.xcpClassicTriggerEventId
                0x20000438        0x2 xcp_ext_classic_trigger.o
                0x20000438                xcpClassicTriggerEventId
 *fill*         0x2000043a        0x2 
 .bss.xcpClassicTriggerSignalAddress
                0x2000043c        0x4 xcp_ext_classic_trigger.o
                0x2000043c                xcpClassicTriggerSignalAddress
 .bss.xcpClassicTriggerSignalAddressExtension
                0x20000440        0x1 xcp_ext_classic_trigger.o
                0x20000440                xcpClassicTriggerSignalAddressExtension
 *fill*         0x20000441        0x7 
 .bss.xcpClassicTriggerLevel
                0x20000448        0x8 xcp_ext_classic_trigger.o
                0x20000448                xcpClassicTriggerLevel
 .bss.xcpClassicTriggerHoldOff
                0x20000450        0x4 xcp_ext_classic_trigger.o
                0x20000450                xcpClassicTriggerHoldOff
 .bss.xcpClassicTriggerDelay
                0x20000454        0x4 xcp_ext_classic_trigger.o
                0x20000454                xcpClassicTriggerDelay
 .bss.xcpClassicTriggerDirection
                0x20000458        0x1 xcp_ext_classic_trigger.o
                0x20000458                xcpClassicTriggerDirection
 .bss.xcpClassicTriggerCancelRequest
                0x20000459        0x1 xcp_ext_classic_trigger.o
                0x20000459                xcpClassicTriggerCancelRequest
 .bss.xcpClassicTriggerSource
                0x2000045a        0x1 xcp_ext_classic_trigger.o
                0x2000045a                xcpClassicTriggerSource
 .bss.xcpClassicTriggerMode
                0x2000045b        0x1 xcp_ext_classic_trigger.o
                0x2000045b                xcpClassicTriggerMode
 .bss.xcpClassicTriggerStatus
                0x2000045c        0x1 xcp_ext_classic_trigger.o
                0x2000045c                xcpClassicTriggerStatus
 *fill*         0x2000045d        0x3 
 .bss.xcpOldSignalValue
                0x20000460        0x8 xcp_ext_classic_trigger.o
 .bss.xcpOldSignalValueAvailable
                0x20000468        0x1 xcp_ext_classic_trigger.o
 .bss.xcpOldClassicTriggerSource
                0x20000469        0x1 xcp_ext_classic_trigger.o
 .bss.xcpTriggerEnabled
                0x2000046a        0x1 xcp_ext_classic_trigger.o
 .bss.xcpSignalTriggerFired
                0x2000046b        0x1 xcp_ext_classic_trigger.o
 .bss.xcpTriggerCount
                0x2000046c        0x4 xcp_ext_classic_trigger.o
 .bss.xcpForcedTriggerEnabled
                0x20000470        0x1 xcp_ext_classic_trigger.o
 .bss.xcpForceTriggerEnableRequest
                0x20000471        0x1 xcp_ext_classic_trigger.o
 .bss.initialized
                0x20000472        0x1 xcp.o
 .bss.xcpStatus
                0x20000473        0x1 xcp.o
 .bss.xcpSessionStatus
                0x20000474        0x1 xcp.o
 .bss.xcpResourceProtectionStatus
                0x20000475        0x1 xcp.o
 .bss.xcpSessionConfigurationId
                0x20000476        0x2 xcp.o
 .bss.groupPacketLookup
                0x20000478       0x10 xcp.o
 .bss.xcpMta    0x20000488        0x8 xcp_standard.o
 .bss.xcpUploadSize
                0x20000490        0x1 xcp_standard.o
 *fill*         0x20000491        0x3 
 .bss.packetLookup
                0x20000494        0x4 xcp_standard.o
 .bss.xcpDynamicDaqLists
                0x20000498        0x8 xcp_daq.o
 .bss.xcpRunningEventCounter
                0x200004a0        0x4 xcp_daq.o
 .bss.daqLock   0x200004a4        0x4 xcp_daq.o
 .bss.packetLookup
                0x200004a8        0x4 xcp_daq.o
 .bss.packetLookup
                0x200004ac        0x4 xcp_calibration.o
 .bss.txFifo    0x200004b0       0x10 xcp_transport.o
 .bss.txLock    0x200004c0        0x4 xcp_transport.o
 .bss.rxFifo    0x200004c4        0x8 xcp_transport.o
 .bss.rxLock    0x200004cc        0x4 xcp_transport.o
 .bss.initialized
                0x200004d0        0x1 xcp_transport.o
 *fill*         0x200004d1        0x3 
 .bss.xcpMemPoolDescriptors
                0x200004d4       0xc0 xcp_mem_default.o
 .bss.xcpMemCustomPoolDescriptors