Archive member included to satisfy reference by file (symbol)

C:/ProgramData/MATLAB/SupportPackages/R2024b/3P.instrset/gnuarm-armcortex.instrset/win/bin/../lib/gcc/arm-none-eabi/13.2.1/thumb/v7e-m+fp/hard\libm.a(libm_a-w_fmod.o)
                              xcp_ext_common.o (fmod)
C:/ProgramData/MATLAB/SupportPackages/R2024b/3P.instrset/gnuarm-armcortex.instrset/win/bin/../lib/gcc/arm-none-eabi/13.2.1/thumb/v7e-m+fp/hard\libm.a(libm_a-e_fmod.o)
                              C:/ProgramData/MATLAB/SupportPackages/R2024b/3P.instrset/gnuarm-armcortex.instrset/win/bin/../lib/gcc/arm-none-eabi/13.2.1/thumb/v7e-m+fp/hard\libm.a(libm_a-w_fmod.o) (__ieee754_fmod)
C:/ProgramData/MATLAB/SupportPackages/R2024b/3P.instrset/gnuarm-armcortex.instrset/win/bin/../lib/gcc/arm-none-eabi/13.2.1/thumb/v7e-m+fp/hard\libgcc.a(_arm_muldf3.o)
                              micrmouseg.o (__aeabi_dmul)
C:/ProgramData/MATLAB/SupportPackages/R2024b/3P.instrset/gnuarm-armcortex.instrset/win/bin/../lib/gcc/arm-none-eabi/13.2.1/thumb/v7e-m+fp/hard\libgcc.a(_arm_addsubdf3.o)
                              micrmouseg.o (__aeabi_dsub)
C:/ProgramData/MATLAB/SupportPackages/R2024b/3P.instrset/gnuarm-armcortex.instrset/win/bin/../lib/gcc/arm-none-eabi/13.2.1/thumb/v7e-m+fp/hard\libgcc.a(_arm_muldivdf3.o)
                              xcp_ext_common.o (__aeabi_ddiv)
C:/ProgramData/MATLAB/SupportPackages/R2024b/3P.instrset/gnuarm-armcortex.instrset/win/bin/../lib/gcc/arm-none-eabi/13.2.1/thumb/v7e-m+fp/hard\libgcc.a(_arm_cmpdf2.o)
                              xcp_ext_mode.o (__aeabi_dcmpeq)
C:/ProgramData/MATLAB/SupportPackages/R2024b/3P.instrset/gnuarm-armcortex.instrset/win/bin/../lib/gcc/arm-none-eabi/13.2.1/thumb/v7e-m+fp/hard\libgcc.a(_arm_unorddf2.o)
                              C:/ProgramData/MATLAB/SupportPackages/R2024b/3P.instrset/gnuarm-armcortex.instrset/win/bin/../lib/gcc/arm-none-eabi/13.2.1/thumb/v7e-m+fp/hard\libm.a(libm_a-w_fmod.o) (__aeabi_dcmpun)
C:/ProgramData/MATLAB/SupportPackages/R2024b/3P.instrset/gnuarm-armcortex.instrset/win/bin/../lib/gcc/arm-none-eabi/13.2.1/thumb/v7e-m+fp/hard\libgcc.a(_arm_fixunsdfsi.o)
                              xcp_ext_common.o (__aeabi_d2uiz)
C:/ProgramData/MATLAB/SupportPackages/R2024b/3P.instrset/gnuarm-armcortex.instrset/win/bin/../lib/gcc/arm-none-eabi/13.2.1/thumb/v7e-m+fp/hard\libgcc.a(_arm_truncdfsf2.o)
                              micrmouseg.o (__aeabi_d2f)
C:/ProgramData/MATLAB/SupportPackages/R2024b/3P.instrset/gnuarm-armcortex.instrset/win/bin/../lib/gcc/arm-none-eabi/13.2.1/thumb/v7e-m+fp/hard\libgcc.a(_aeabi_uldivmod.o)
                              stm32g4xx_hal_uart.o (__aeabi_uldivmod)
C:/ProgramData/MATLAB/SupportPackages/R2024b/3P.instrset/gnuarm-armcortex.instrset/win/bin/../lib/gcc/arm-none-eabi/13.2.1/thumb/v7e-m+fp/hard\libgcc.a(_udivmoddi4.o)
                              C:/ProgramData/MATLAB/SupportPackages/R2024b/3P.instrset/gnuarm-armcortex.instrset/win/bin/../lib/gcc/arm-none-eabi/13.2.1/thumb/v7e-m+fp/hard\libgcc.a(_aeabi_uldivmod.o) (__udivmoddi4)
C:/ProgramData/MATLAB/SupportPackages/R2024b/3P.instrset/gnuarm-armcortex.instrset/win/bin/../lib/gcc/arm-none-eabi/13.2.1/thumb/v7e-m+fp/hard\libgcc.a(_dvmd_tls.o)
                              C:/ProgramData/MATLAB/SupportPackages/R2024b/3P.instrset/gnuarm-armcortex.instrset/win/bin/../lib/gcc/arm-none-eabi/13.2.1/thumb/v7e-m+fp/hard\libgcc.a(_aeabi_uldivmod.o) (__aeabi_ldiv0)
C:/ProgramData/MATLAB/SupportPackages/R2024b/3P.instrset/gnuarm-armcortex.instrset/win/bin/../lib/gcc/arm-none-eabi/13.2.1/thumb/v7e-m+fp/hard\libg_nano.a(libc_a-exit.o)
                              C:/ProgramData/MATLAB/SupportPackages/R2024b/3P.instrset/gnuarm-armcortex.instrset/win/bin/../lib/gcc/arm-none-eabi/13.2.1/thumb/v7e-m+fp/hard/crt0.o (exit)
C:/ProgramData/MATLAB/SupportPackages/R2024b/3P.instrset/gnuarm-armcortex.instrset/win/bin/../lib/gcc/arm-none-eabi/13.2.1/thumb/v7e-m+fp/hard\libg_nano.a(libc_a-findfp.o)
                              C:/ProgramData/MATLAB/SupportPackages/R2024b/3P.instrset/gnuarm-armcortex.instrset/win/bin/../lib/gcc/arm-none-eabi/13.2.1/thumb/v7e-m+fp/hard\libg_nano.a(libc_a-exit.o) (__stdio_exit_handler)
C:/ProgramData/MATLAB/SupportPackages/R2024b/3P.instrset/gnuarm-armcortex.instrset/win/bin/../lib/gcc/arm-none-eabi/13.2.1/thumb/v7e-m+fp/hard\libg_nano.a(libc_a-fwalk.o)
                              C:/ProgramData/MATLAB/SupportPackages/R2024b/3P.instrset/gnuarm-armcortex.instrset/win/bin/../lib/gcc/arm-none-eabi/13.2.1/thumb/v7e-m+fp/hard\libg_nano.a(libc_a-findfp.o) (_fwalk_sglue)
C:/ProgramData/MATLAB/SupportPackages/R2024b/3P.instrset/gnuarm-armcortex.instrset/win/bin/../lib/gcc/arm-none-eabi/13.2.1/thumb/v7e-m+fp/hard\libg_nano.a(libc_a-stdio.o)
                              C:/ProgramData/MATLAB/SupportPackages/R2024b/3P.instrset/gnuarm-armcortex.instrset/win/bin/../lib/gcc/arm-none-eabi/13.2.1/thumb/v7e-m+fp/hard\libg_nano.a(libc_a-findfp.o) (__sread)
[...]
Memory Configuration

Name             Origin             Length             Attributes
RAM              0x20000000         0x00008000         xrw
FLASH            0x08000000         0x00020000         xr
*default*        0x00000000         0xffffffff

Linker script and memory map

LOAD C:/ProgramData/MATLAB/SupportPackages/R2024b/3P.instrset/gnuarm-armcortex.instrset/win/bin/../lib/gcc/arm-none-eabi/13.2.1/thumb/v7e-m+fp/hard/crti.o
LOAD C:/ProgramData/MATLAB/SupportPackages/R2024b/3P.instrset/gnuarm-armcortex.instrset/win/bin/../lib/gcc/arm-none-eabi/13.2.1/thumb/v7e-m+fp/hard/crtbegin.o
LOAD C:/ProgramData/MATLAB/SupportPackages/R2024b/3P.instrset/gnuarm-armcortex.instrset/win/bin/../lib/gcc/arm-none-eabi/13.2.1/thumb/v7e-m+fp/hard/crt0.o
LOAD stm_timer_ll.o
LOAD xcp_ext_mode.o
LOAD mw_stm32_nvic.o
LOAD ert_main.o
LOAD micrmouseg.o
LOAD xcp_ext_common.o
LOAD xcp_ext_classic_trigger.o
LOAD xcp.o
LOAD xcp_standard.o
LOAD xcp_daq.o
LOAD xcp_calibration.o
LOAD xcp_fifo.o
LOAD xcp_transport.o
LOAD xcp_mem_default.o
LOAD xcp_drv_rtiostream.o
LOAD xcp_utils.o
LOAD xcp_frame_serial.o
LOAD xcp_ext_param_default_serial.o
LOAD overrideHALDelay.o
LOAD platform_timer.o
LOAD SysTickScheduler.o
LOAD m3m4m4f_multitasking.o
LOAD rtiostream_serial.o
LOAD stm_usart.o
LOAD stm_lpuart.o
LOAD sys_arch.o
LOAD main.o
LOAD gpio.o
LOAD adc.o
LOAD dma.o
LOAD tim.o
LOAD usart.o
LOAD stm32g4xx_it.o
LOAD stm32g4xx_hal_msp.o
LOAD stm32g4xx_hal_timebase_tim.o
LOAD stm32g4xx_ll_utils.o
LOAD stm32g4xx_ll_exti.o
LOAD stm32g4xx_hal_tim.o
LOAD stm32g4xx_hal_tim_ex.o
LOAD stm32g4xx_ll_gpio.o
LOAD stm32g4xx_ll_adc.o
LOAD stm32g4xx_ll_dma.o
LOAD stm32g4xx_hal.o
LOAD stm32g4xx_hal_rcc.o
LOAD stm32g4xx_hal_rcc_ex.o
LOAD stm32g4xx_hal_flash.o
LOAD stm32g4xx_hal_flash_ex.o
LOAD stm32g4xx_hal_flash_ramfunc.o
LOAD stm32g4xx_hal_gpio.o
LOAD stm32g4xx_hal_exti.o
LOAD stm32g4xx_hal_dma.o
LOAD stm32g4xx_hal_dma_ex.o
LOAD stm32g4xx_hal_pwr.o
LOAD stm32g4xx_hal_pwr_ex.o
LOAD stm32g4xx_hal_cortex.o
LOAD stm32g4xx_ll_tim.o
LOAD stm32g4xx_ll_usart.o
LOAD stm32g4xx_ll_rcc.o
LOAD stm32g4xx_nucleo.o
LOAD stm32g4xx_hal_usart.o
LOAD stm32g4xx_hal_usart_ex.o
LOAD stm32g4xx_hal_uart_ex.o
LOAD stm32g4xx_hal_uart.o
LOAD system_stm32g4xx.o
LOAD syscalls.o
LOAD sysmem.o
LOAD startup_stm32g431kbtx.o
LOAD C:/ProgramData/MATLAB/SupportPackages/R2024b/3P.instrset/cmsis_dsp.instrset/Lib/GCC/arm_cortexm4ldfsp_math/libCMSISDSP.a
LOAD C:/ProgramData/MATLAB/SupportPackages/R2024b/toolbox/shared/supportpackages/stm32/lib/GCC/libmw_pdmfilter_m4_spfp.lib
LOAD C:/ProgramData/MATLAB/SupportPackages/R2024b/3P.instrset/gnuarm-armcortex.instrset/win/bin/../lib/gcc/arm-none-eabi/13.2.1/thumb/v7e-m+fp/hard\libstdc++_nano.a
LOAD C:/ProgramData/MATLAB/SupportPackages/R2024b/3P.instrset/gnuarm-armcortex.instrset/win/bin/../lib/gcc/arm-none-eabi/13.2.1/thumb/v7e-m+fp/hard\libm.a
START GROUP
LOAD C:/ProgramData/MATLAB/SupportPackages/R2024b/3P.instrset/gnuarm-armcortex.instrset/win/bin/../lib/gcc/arm-none-eabi/13.2.1/thumb/v7e-m+fp/hard\libgcc.a
LOAD C:/ProgramData/MATLAB/SupportPackages/R2024b/3P.instrset/gnuarm-armcortex.instrset/win/bin/../lib/gcc/arm-none-eabi/13.2.1/thumb/v7e-m+fp/hard\libg_nano.a
LOAD C:/ProgramData/MATLAB/SupportPackages/R2024b/3P.instrset/gnuarm-armcortex.instrset/win/bin/../lib/gcc/arm-none-eabi/13.2.1/thumb/v7e-m+fp/hard\libc_nano.a
END GROUP
START GROUP
LOAD C:/ProgramData/MATLAB/SupportPackages/R2024b/3P.instrset/gnuarm-armcortex.instrset/win/bin/../lib/gcc/arm-none-eabi/13.2.1/thumb/v7e-m+fp/hard\libgcc.a
LOAD C:/ProgramData/MATLAB/SupportPackages/R2024b/3P.instrset/gnuarm-armcortex.instrset/win/bin/../lib/gcc/arm-none-eabi/13.2.1/thumb/v7e-m+fp/hard\libc_nano.a
LOAD C:/ProgramData/MATLAB/SupportPackages/R2024b/3P.instrset/gnuarm-armcortex.instrset/win/bin/../lib/gcc/arm-none-eabi/13.2.1/thumb/v7e-m+fp/hard\libnosys.a
END GROUP
START GROUP
LOAD C:/ProgramData/MATLAB/SupportPackages/R2024b/3P.instrset/gnuarm-armcortex.instrset/win/bin/../lib/gcc/arm-none-eabi/13.2.1/thumb/v7e-m+fp/hard\libgcc.a
LOAD C:/ProgramData/MATLAB/SupportPackages/R2024b/3P.instrset/gnuarm-armcortex.instrset/win/bin/../lib/gcc/arm-none-eabi/13.2.1/thumb/v7e-m+fp/hard\libc_nano.a
LOAD C:/ProgramData/MATLAB/SupportPackages/R2024b/3P.instrset/gnuarm-armcortex.instrset/win/bin/../lib/gcc/arm-none-eabi/13.2.1/thumb/v7e-m+fp/hard\libnosys.a
END GROUP
LOAD C:/ProgramData/MATLAB/SupportPackages/R2024b/3P.instrset/gnuarm-armcortex.instrset/win/bin/../lib/gcc/arm-none-eabi/13.2.1/thumb/v7e-m+fp/hard/crtend.o
LOAD C:/ProgramData/MATLAB/SupportPackages/R2024b/3P.instrset/gnuarm-armcortex.instrset/win/bin/../lib/gcc/arm-none-eabi/13.2.1/thumb/v7e-m+fp/hard/crtn.o
                0x20008000                        _estack = (ORIGIN (RAM) + LENGTH (RAM))
                0x00000200                        _Min_Heap_Size = 0x200
                0x00000400                        _Min_Stack_Size = 0x400

.isr_vector     0x08000000      0x1d8
                0x08000000                        . = ALIGN (0x4)
 *(.isr_vector)
 .isr_vector    0x08000000      0x1d8 startup_stm32g431kbtx.o
                0x08000000                g_pfnVectors
                0x080001d8                        . = ALIGN (0x4)

.text           0x080001d8     0xf790
                0x080001d8                        . = ALIGN (0x4)
 *(.text)
 .text          0x080001d8      0x378 C:/ProgramData/MATLAB/SupportPackages/R2024b/3P.instrset/gnuarm-armcortex.instrset/win/bin/../lib/gcc/arm-none-eabi/13.2.1/thumb/v7e-m+fp/hard\libgcc.a(_arm_addsubdf3.o)
                0x080001d8                __aeabi_drsub
                0x080001e0                __aeabi_dsub
                0x080001e0                __subdf3
                0x080001e4                __aeabi_dadd
                0x080001e4                __adddf3
                0x0800045c                __floatunsidf
                0x0800045c                __aeabi_ui2d
                0x0800047c                __floatsidf
                0x0800047c                __aeabi_i2d
                0x080004a0                __aeabi_f2d
                0x080004a0                __extendsfdf2
                0x080004e4                __floatundidf
                0x080004e4                __aeabi_ul2d
                0x080004f4                __floatdidf
                0x080004f4                __aeabi_l2d
 .text          0x08000550      0x424 C:/ProgramData/MATLAB/SupportPackages/R2024b/3P.instrset/gnuarm-armcortex.instrset/win/bin/../lib/gcc/arm-none-eabi/13.2.1/thumb/v7e-m+fp/hard\libgcc.a(_arm_muldivdf3.o)
                0x08000550                __aeabi_dmul
                0x08000550                __muldf3
                0x080007a4                __divdf3
                0x080007a4                __aeabi_ddiv
 .text          0x08000974      0x110 C:/ProgramData/MATLAB/SupportPackages/R2024b/3P.instrset/gnuarm-armcortex.instrset/win/bin/../lib/gcc/arm-none-eabi/13.2.1/thumb/v7e-m+fp/hard\libgcc.a(_arm_cmpdf2.o)
                0x08000974                __gtdf2
                0x08000974                __gedf2
                0x0800097c                __ltdf2
                0x0800097c                __ledf2
                0x08000984                __nedf2
                0x08000984                __eqdf2
                0x08000984                __cmpdf2
                0x08000a00                __aeabi_cdrcmple
                0x08000a10                __aeabi_cdcmpeq
                0x08000a10                __aeabi_cdcmple
                0x08000a20                __aeabi_dcmpeq
                0x08000a34                __aeabi_dcmplt
                0x08000a48                __aeabi_dcmple
                0x08000a5c                __aeabi_dcmpge
                0x08000a70                __aeabi_dcmpgt
 .text          0x08000a84       0x2c C:/ProgramData/MATLAB/SupportPackages/R2024b/3P.instrset/gnuarm-armcortex.instrset/win/bin/../lib/gcc/arm-none-eabi/13.2.1/thumb/v7e-m+fp/hard\libgcc.a(_arm_unorddf2.o)
                0x08000a84                __unorddf2
                0x08000a84                __aeabi_dcmpun
 .text          0x08000ab0       0x40 C:/ProgramData/MATLAB/SupportPackages/R2024b/3P.instrset/gnuarm-armcortex.instrset/win/bin/../lib/gcc/arm-none-eabi/13.2.1/thumb/v7e-m+fp/hard\libgcc.a(_arm_fixunsdfsi.o)
                0x08000ab0                __aeabi_d2uiz
                0x08000ab0                __fixunsdfsi
 .text          0x08000af0       0xa0 C:/ProgramData/MATLAB/SupportPackages/R2024b/3P.instrset/gnuarm-armcortex.instrset/win/bin/../lib/gcc/arm-none-eabi/13.2.1/thumb/v7e-m+fp/hard\libgcc.a(_arm_truncdfsf2.o)
                0x08000af0                __truncdfsf2
                0x08000af0                __aeabi_d2f
 *(.text*)
 .text.deregister_tm_clones
                0x08000b90       0x1c C:/ProgramData/MATLAB/SupportPackages/R2024b/3P.instrset/gnuarm-armcortex.instrset/win/bin/../lib/gcc/arm-none-eabi/13.2.1/thumb/v7e-m+fp/hard/crtbegin.o
 .text.register_tm_clones
                0x08000bac       0x24 C:/ProgramData/MATLAB/SupportPackages/R2024b/3P.instrset/gnuarm-armcortex.instrset/win/bin/../lib/gcc/arm-none-eabi/13.2.1/thumb/v7e-m+fp/hard/crtbegin.o
 .text.__do_global_dtors_aux
                0x08000bd0       0x28 C:/ProgramData/MATLAB/SupportPackages/R2024b/3P.instrset/gnuarm-armcortex.instrset/win/bin/../lib/gcc/arm-none-eabi/13.2.1/thumb/v7e-m+fp/hard/crtbegin.o
 .text.frame_dummy
                0x08000bf8       0x24 C:/ProgramData/MATLAB/SupportPackages/R2024b/3P.instrset/gnuarm-armcortex.instrset/win/bin/../lib/gcc/arm-none-eabi/13.2.1/thumb/v7e-m+fp/hard/crtbegin.o
 .text.LL_TIM_GetCounterMode
                0x08000c1c       0x30 stm_timer_ll.o
 .text.LL_TIM_GetRepetitionCounter
                0x08000c4c       0x18 stm_timer_ll.o
 .text.LL_TIM_CC_EnableChannel
                0x08000c64       0x22 stm_timer_ll.o
 .text.LL_TIM_CC_DisableChannel
                0x08000c86       0x24 stm_timer_ll.o
 .text.LL_TIM_EnableAllOutputs
                0x08000caa       0x20 stm_timer_ll.o
 .text.LL_TIM_EnableIT_UPDATE
                0x08000cca       0x20 stm_timer_ll.o
 .text.LL_TIM_DisableIT_UPDATE
                0x08000cea       0x20 stm_timer_ll.o
 .text.LL_TIM_IsEnabledIT_UPDATE
                0x08000d0a       0x26 stm_timer_ll.o
 .text.LL_TIM_EnableIT_CC1
                0x08000d30       0x20 stm_timer_ll.o
 .text.LL_TIM_DisableIT_CC1
                0x08000d50       0x20 stm_timer_ll.o
 .text.LL_TIM_IsEnabledIT_CC1
                0x08000d70       0x26 stm_timer_ll.o
 .text.LL_TIM_EnableIT_CC2
                0x08000d96       0x20 stm_timer_ll.o
 .text.LL_TIM_DisableIT_CC2
                0x08000db6       0x20 stm_timer_ll.o
 .text.LL_TIM_IsEnabledIT_CC2
                0x08000dd6       0x26 stm_timer_ll.o
 .text.LL_TIM_EnableIT_CC3
                0x08000dfc       0x20 stm_timer_ll.o
 .text.LL_TIM_DisableIT_CC3
                0x08000e1c       0x20 stm_timer_ll.o
 .text.LL_TIM_IsEnabledIT_CC3
                0x08000e3c       0x26 stm_timer_ll.o
 .text.LL_TIM_EnableIT_CC4
                0x08000e62       0x20 stm_timer_ll.o
 .text.LL_TIM_DisableIT_CC4
                0x08000e82       0x20 stm_timer_ll.o
 .text.LL_TIM_IsEnabledIT_CC4
                0x08000ea2       0x26 stm_timer_ll.o
 .text.LL_TIM_EnableIT_COM
                0x08000ec8       0x20 stm_timer_ll.o
 .text.LL_TIM_DisableIT_COM
                0x08000ee8       0x20 stm_timer_ll.o
 .text.LL_TIM_IsEnabledIT_COM
                0x08000f08       0x26 stm_timer_ll.o
 .text.LL_TIM_EnableIT_TRIG
                0x08000f2e       0x20 stm_timer_ll.o
 .text.LL_TIM_DisableIT_TRIG
                0x08000f4e       0x20 stm_timer_ll.o
 .text.LL_TIM_IsEnabledIT_TRIG
                0x08000f6e       0x26 stm_timer_ll.o
 .text.LL_TIM_EnableIT_BRK
                0x08000f94       0x20 stm_timer_ll.o
 .text.LL_TIM_DisableIT_BRK
                0x08000fb4       0x20 stm_timer_ll.o
 .text.LL_TIM_IsEnabledIT_BRK
                0x08000fd4       0x26 stm_timer_ll.o
 .text.LL_TIM_EnableIT_TERR
                0x08000ffa       0x20 stm_timer_ll.o
 .text.LL_TIM_DisableIT_TERR
                0x0800101a       0x20 stm_timer_ll.o
 .text.LL_TIM_IsEnabledIT_TERR
                0x0800103a       0x28 stm_timer_ll.o
 .text.LL_TIM_EnableIT_IERR
                0x08001062       0x20 stm_timer_ll.o
 .text.LL_TIM_DisableIT_IERR
                0x08001082       0x20 stm_timer_ll.o
 .text.LL_TIM_IsEnabledIT_IERR
                0x080010a2       0x28 stm_timer_ll.o
 .text.LL_TIM_EnableIT_DIR
                0x080010ca       0x20 stm_timer_ll.o
 .text.LL_TIM_DisableIT_DIR
                0x080010ea       0x20 stm_timer_ll.o
 .text.LL_TIM_IsEnabledIT_DIR
                0x0800110a       0x28 stm_timer_ll.o
 .text.LL_TIM_EnableIT_IDX
                0x08001132       0x20 stm_timer_ll.o
 .text.LL_TIM_DisableIT_IDX
                0x08001152       0x20 stm_timer_ll.o
 .text.LL_TIM_IsEnabledIT_IDX
                0x08001172       0x28 stm_timer_ll.o
 .text.enableTimerInterrupts
                0x0800119a      0x1c4 stm_timer_ll.o
                0x0800119a                enableTimerInterrupts
 .text.disableTimerInterrupts
                0x0800135e      0x1c4 stm_timer_ll.o
                0x0800135e                disableTimerInterrupts
 *fill*         0x08001522        0x2 
 .text.enableTimerChannel1
                0x08001524       0xa0 stm_timer_ll.o
                0x08001524                enableTimerChannel1
 .text.disableTimerChannel1
                0x080015c4       0xa0 stm_timer_ll.o
                0x080015c4                disableTimerChannel1
 .text.Timer_Handle_Init
                0x08001664      0x10c stm_timer_ll.o
                0x08001664                Timer_Handle_Init
 .text.extmodeParseArgs
                0x08001770       0x1e xcp_ext_mode.o
                0x08001770                extmodeParseArgs
 *fill*         0x0800178e        0x2 
 .text.extmodeInit
                0x08001790      0x128 xcp_ext_mode.o
                0x08001790                extmodeInit
 .text.extmodeWaitForHostRequest
                0x080018b8       0xcc xcp_ext_mode.o
                0x080018b8                extmodeWaitForHostRequest
 .text.extmodeEvent
                0x08001984       0xfc xcp_ext_mode.o
                0x08001984                extmodeEvent
 .text.extmodeBackgroundRun
                0x08001a80       0x20 xcp_ext_mode.o
                0x08001a80                extmodeBackgroundRun
 .text.extmodeReset
                0x08001aa0       0x40 xcp_ext_mode.o
                0x08001aa0                extmodeReset
 .text.extmodeStopRequested
                0x08001ae0       0x18 xcp_ext_mode.o
                0x08001ae0                extmodeStopRequested
 .text.extmodeSimulationComplete
                0x08001af8       0x18 xcp_ext_mode.o
                0x08001af8                extmodeSimulationComplete
 .text.__NVIC_SetPriority
                0x08001b10       0x54 mw_stm32_nvic.o
 .text.MW_NVIC_ConfigureIRQ
                0x08001b64       0x26 mw_stm32_nvic.o
                0x08001b64                MW_NVIC_ConfigureIRQ
 *fill*         0x08001b8a        0x2 
 .text.rt_OneStep
                0x08001b8c       0x4c ert_main.o
                0x08001b8c                rt_OneStep
 .text.main     0x08001bd8      0x198 ert_main.o
                0x08001bd8                main
 .text.__NVIC_EnableIRQ
                0x08001d70       0x3c micrmouseg.o
 .text.__NVIC_DisableIRQ
                0x08001dac       0x48 micrmouseg.o
 .text.LL_TIM_EnableCounter
                0x08001df4       0x20 micrmouseg.o
 .text.LL_TIM_DisableCounter
                0x08001e14       0x20 micrmouseg.o
 .text.LL_TIM_SetUpdateSource
                0x08001e34       0x26 micrmouseg.o
 .text.LL_TIM_GetUpdateSource
                0x08001e5a       0x1c micrmouseg.o
 .text.LL_TIM_GetAutoReload
                0x08001e76       0x18 micrmouseg.o
 .text.LL_TIM_SetRepetitionCounter
                0x08001e8e       0x1c micrmouseg.o
 .text.LL_TIM_OC_SetCompareCH1
                0x08001eaa       0x1c micrmouseg.o
 .text.LL_TIM_OC_GetCompareCH1
                0x08001ec6       0x18 micrmouseg.o
 .text.LL_TIM_GenerateEvent_UPDATE
                0x08001ede       0x20 micrmouseg.o
 .text.LL_GPIO_ReadInputPort
                0x08001efe       0x18 micrmouseg.o
 .text.LL_GPIO_SetOutputPin
                0x08001f16       0x1c micrmouseg.o
 .text.LL_GPIO_ResetOutputPin
                0x08001f32       0x1c micrmouseg.o
 *fill*         0x08001f4e        0x2 
 .text.LL_EXTI_IsEnabledIT_0_31
                0x08001f50       0x2c micrmouseg.o
 .text.LL_EXTI_IsActiveFlag_0_31
                0x08001f7c       0x2c micrmouseg.o
 .text.LL_EXTI_ClearFlag_0_31
                0x08001fa8       0x20 micrmouseg.o
 .text.convertDutyCyclePercentageToCounts
                0x08001fc8       0x88 micrmouseg.o
 .text.setDutyCycleChannel1
                0x08002050       0x30 micrmouseg.o
 .text.setDutyCycleInPercentageChannel1
                0x08002080       0x28 micrmouseg.o
 .text.isSlaveTriggerModeEnabled
                0x080020a8       0x30 micrmouseg.o
 .text.enableCounter
                0x080020d8      0x100 micrmouseg.o
 .text.disableCounter
                0x080021d8       0x1a micrmouseg.o
 *fill*         0x080021f2        0x2 
 .text.micrmouse_PWMOutput_setupImpl_d
                0x080021f4       0x6c micrmouseg.o
 .text.micrmouseg_PWMOutput_setupImpl
                0x08002260       0x6c micrmouseg.o
 *fill*         0x080022cc        0x4 
 .text.micrmouseg_step
                0x080022d0      0x4cc micrmouseg.o
                0x080022d0                micrmouseg_step
 *fill*         0x0800279c        0x4 
 .text.micrmouseg_initialize
                0x080027a0      0x198 micrmouseg.o
                0x080027a0                micrmouseg_initialize
 .text.micrmouseg_terminate
                0x08002938       0x8c micrmouseg.o
                0x08002938                micrmouseg_terminate
 .text.micrmouseg_configure_interrupts
                0x080029c4       0x30 micrmouseg.o
                0x080029c4                micrmouseg_configure_interrupts
 *fill*         0x080029f4        0x4 
 .text.EXTI3_IRQHandler
                0x080029f8      0x178 micrmouseg.o
                0x080029f8                EXTI3_IRQHandler
 .text.EXTI0_IRQHandler
                0x08002b70      0x178 micrmouseg.o
                0x08002b70                EXTI0_IRQHandler
 .text.micrmouseg_unconfigure_interrupts
                0x08002ce8       0x14 micrmouseg.o
                0x08002ce8                micrmouseg_unconfigure_interrupts
 .text.xcp_void_printf
                0x08002cfc       0x12 xcp_ext_common.o
                0x08002cfc                xcp_void_printf
 .text.xcpCopyTimeValue
                0x08002d0e       0x26 xcp_ext_common.o
 *fill*         0x08002d34        0x4 
 .text.xcpExtModeUpdateTime
                0x08002d38      0x13c xcp_ext_common.o
                0x08002d38                xcpExtModeUpdateTime
 .text.xcpExtModeInit
                0x08002e74       0xb0 xcp_ext_common.o
                0x08002e74                xcpExtModeInit
 .text.xcpExtModeRunBackground
                0x08002f24      0x13c xcp_ext_common.o
                0x08002f24                xcpExtModeRunBackground
 .text.xcpExtModeReset
                0x08003060      0x128 xcp_ext_common.o
                0x08003060                xcpExtModeReset
 .text.sampleSignalTrigger
                0x08003188      0x1b4 xcp_ext_classic_trigger.o
 .text.updateTriggerStatus
                0x0800333c      0x2b8 xcp_ext_classic_trigger.o
 .text.xcpExtModeClassicTriggerInit
                0x080035f4       0x68 xcp_ext_classic_trigger.o
                0x080035f4                xcpExtModeClassicTriggerInit
 .text.xcpExtModeClassicTriggerEnabled
                0x0800365c      0x100 xcp_ext_classic_trigger.o
                0x0800365c                xcpExtModeClassicTriggerEnabled
 .text.xcpExtModeClassicTriggerReset
                0x0800375c       0xf4 xcp_ext_classic_trigger.o
                0x0800375c                xcpExtModeClassicTriggerReset
 .text.xcpExtModeClassicTriggerForceEnableStatusUpdate
                0x08003850       0x78 xcp_ext_classic_trigger.o
                0x08003850                xcpExtModeClassicTriggerForceEnableStatusUpdate
 .text.msgBufferRealloc
                0x080038c8       0x72 xcp.o
 *fill*         0x0800393a        0x2 
 .text.discardInputPacketHandler
                0x0800393c       0x3c xcp.o
 .text.unknownInputPacketHandler
                0x08003978       0x34 xcp.o
 .text.xcpGetPacketGroupID
                0x080039ac       0x74 xcp.o
 .text.xcpGetPacketHandlers
                0x08003a20      0x124 xcp.o
 .text.xcpStatusSet
                0x08003b44       0x20 xcp.o
                0x08003b44                xcpStatusSet
 .text.xcpSessionStatusGet
                0x08003b64       0x18 xcp.o
                0x08003b64                xcpSessionStatusGet
 .text.xcpSessionStatusSetMask
                0x08003b7c       0x28 xcp.o
                0x08003b7c                xcpSessionStatusSetMask
 .text.xcpSessionStatusClearMask
                0x08003ba4       0x34 xcp.o
                0x08003ba4                xcpSessionStatusClearMask
 .text.xcpResourceProtectionStatusGet
                0x08003bd8       0x18 xcp.o
                0x08003bd8                xcpResourceProtectionStatusGet
 .text.xcpSessionConfigurationIdGet
                0x08003bf0       0x18 xcp.o
                0x08003bf0                xcpSessionConfigurationIdGet
 .text.genericOutputPacketHandler
                0x08003c08      0x11c xcp.o
                0x08003c08                genericOutputPacketHandler
 .text.xcpFindPacket
                0x08003d24       0x6e xcp.o
                0x08003d24                xcpFindPacket
 *fill*         0x08003d92        0x2 
 .text.xcpInit  0x08003d94       0x64 xcp.o
                0x08003d94                xcpInit
 .text.xcpRun   0x08003df8      0x194 xcp.o
                0x08003df8                xcpRun
 .text.xcpEvent
                0x08003f8c       0x50 xcp.o
                0x08003f8c                xcpEvent
 .text.xcpGetStatus
                0x08003fdc       0x18 xcp.o
                0x08003fdc                xcpGetStatus
 .text.xcpReset
                0x08003ff4       0x40 xcp.o
                0x08003ff4                xcpReset
 .text.xcpPackedModeEventsFlush
                0x08004034       0x1e xcp.o
                0x08004034                xcpPackedModeEventsFlush
 .text.xcpPackedModeEventReset
                0x08004052       0x2a xcp.o
                0x08004052                xcpPackedModeEventReset
 .text.isValidUploadSize
                0x0800407c       0x30 xcp_standard.o
 .text.xcpMemcpyFromMTA
                0x080040ac       0x38 xcp_standard.o
 .text.connectInputPacketHandler
                0x080040e4       0xa4 xcp_standard.o
 .text.connectOutputPacketHandler
                0x08004188       0xd4 xcp_standard.o
 .text.disconnectInputPacketHandler
                0x0800425c       0x54 xcp_standard.o
 .text.getStatusInputPacketHandler
                0x080042b0       0x28 xcp_standard.o
 .text.getStatusOutputPacketHandler
                0x080042d8       0x80 xcp_standard.o
 .text.synchInputPacketHandler
                0x08004358       0x44 xcp_standard.o
 .text.setMTAInputPacketHandler
                0x0800439c       0x78 xcp_standard.o
 .text.uploadInputPacketHandler
                0x08004414       0x98 xcp_standard.o
 .text.uploadOutputPacketHandler
                0x080044ac       0x9c xcp_standard.o
 .text.shortUploadInputPacketHandler
                0x08004548       0xa4 xcp_standard.o
 .text.shortUploadOutputPacketHandler
                0x080045ec       0x9c xcp_standard.o
 .text.getPacket
                0x08004688       0x24 xcp_standard.o
 .text.xcpStandardInit
                0x080046ac       0x18 xcp_standard.o
                0x080046ac                xcpStandardInit
 .text.xcpStandardGetPacketLookup
                0x080046c4       0x18 xcp_standard.o
                0x080046c4                xcpStandardGetPacketLookup
 .text.xcpStandardSetPacketLookup
                0x080046dc       0x20 xcp_standard.o
                0x080046dc                xcpStandardSetPacketLookup
 .text.xcpStandardReset
                0x080046fc       0x12 xcp_standard.o
                0x080046fc                xcpStandardReset
 *fill*         0x0800470e        0x2 
 .text.xcpStandardGetAddressFromMta
                0x08004710       0x18 xcp_standard.o
                0x08004710                xcpStandardGetAddressFromMta
 .text.xcpStandardSetMta
                0x08004728       0x3c xcp_standard.o
                0x08004728                xcpStandardSetMta
 .text.xcpStandardIncrementMta
                0x08004764       0x28 xcp_standard.o
                0x08004764                xcpStandardIncrementMta
 .text.xcpStandardExtendedInit
                0x0800478c        0xe xcp_standard.o
                0x0800478c                xcpStandardExtendedInit
 .text.xcpStandardExtendedReset
                0x0800479a        0xe xcp_standard.o
                0x0800479a                xcpStandardExtendedReset
 .text.xcpDaqWriteLock
                0x080047a8       0x4c xcp_daq.o
 .text.xcpDaqWriteUnlock
                0x080047f4       0x20 xcp_daq.o
 .text.xcpDaqReadLock
                0x08004814       0x38 xcp_daq.o
 .text.xcpDaqReadUnlock
                0x0800484c       0x38 xcp_daq.o
 .text.isActiveDaqList
                0x08004884       0x50 xcp_daq.o
 .text.noActiveDaqLists
                0x080048d4       0x50 xcp_daq.o
 .text.isValidDaqPtr
                0x08004924       0xb8 xcp_daq.o
 .text.isValidDaqEntry
                0x080049dc       0x36 xcp_daq.o
 .text.isSupportedDaqListMode
                0x08004a12       0x26 xcp_daq.o
 .text.isValidStartStopMode
                0x08004a38       0x32 xcp_daq.o
 .text.isValidStartStopSynchMode
                0x08004a6a       0x32 xcp_daq.o
 .text.absoluteOdtNumberIdentification
                0x08004a9c       0x10 xcp_daq.o
 .text.isDaqPackedModeEnabled
                0x08004aac       0x6c xcp_daq.o
 .text.odtPacketSize
                0x08004b18       0x54 xcp_daq.o
 .text.createDaqReservedPool
                0x08004b6c       0x88 xcp_daq.o
 .text.destroyDaqReservedPool
                0x08004bf4       0x2c xcp_daq.o
 .text.setDaqPtrInputPacketHandler
                0x08004c20       0xdc xcp_daq.o
 .text.writeDaqInputPacketHandler
                0x08004cfc      0x198 xcp_daq.o
 .text.setDaqListModeInputPacketHandler
                0x08004e94      0x1c8 xcp_daq.o
 .text.startStopDaqListInputPacketHandler
                0x0800505c      0x3f4 xcp_daq.o
 .text.startStopDaqListOutputPacketHandler
                0x08005450       0x5c xcp_daq.o
 .text.startStopSynchInputPacketHandler
                0x080054ac      0x328 xcp_daq.o
 .text.getDaqProcessorInfoInputPacketHandler
                0x080057d4       0x28 xcp_daq.o
 .text.getDaqProcessorInfoOutputPacketHandler
                0x080057fc       0xac xcp_daq.o
 .text.getDaqResolutionInfoInputPacketHandler
                0x080058a8       0x28 xcp_daq.o
 .text.getDaqResolutionInfoOutputPacketHandler
                0x080058d0       0xb8 xcp_daq.o
 .text.freeDaqInputPacketHandler
                0x08005988       0x5c xcp_daq.o
 .text.allocDaqInputPacketHandler
                0x080059e4      0x18c xcp_daq.o
 .text.allocOdtInputPacketHandler
                0x08005b70      0x1c0 xcp_daq.o
 .text.allocOdtEntryInputPacketHandler
                0x08005d30      0x270 xcp_daq.o
 .text.getDaqClockInputPacketHandler
                0x08005fa0       0x22 xcp_daq.o
 *fill*         0x08005fc2        0x2 
 .text.setDaqPackedModeInputPacketHandler
                0x08005fc4      0x21c xcp_daq.o
 .text.level1CommandInputPacketHandler
                0x080061e0       0x64 xcp_daq.o
 .text.getPacket
                0x08006244       0x24 xcp_daq.o
 .text.xcpDaqInit
                0x08006268       0x38 xcp_daq.o
                0x08006268                xcpDaqInit
 .text.xcpDaqGetPacketLookup
                0x080062a0       0x18 xcp_daq.o
                0x080062a0                xcpDaqGetPacketLookup
 .text.xcpDaqSetPacketLookup
                0x080062b8       0x20 xcp_daq.o
                0x080062b8                xcpDaqSetPacketLookup
 .text.xcpResetDaq
                0x080062d8       0xa4 xcp_daq.o
 .text.daqWriteXCPDataForOdt
                0x0800637c       0x7c xcp_daq.o
 .text.odtWriteEntries
                0x080063f8       0x9c xcp_daq.o
 .text.xcpProcessDaq
                0x08006494      0x208 xcp_daq.o
 .text.xcpDaqEvent
                0x0800669c      0x108 xcp_daq.o
                0x0800669c                xcpDaqEvent
 .text.xcpDaqEventsFlush
                0x080067a4      0x284 xcp_daq.o
                0x080067a4                xcpDaqEventsFlush
 .text.xcpDaqLock
                0x08006a28       0x1e xcp_daq.o
                0x08006a28                xcpDaqLock
 .text.xcpDaqUnlock
                0x08006a46        0xe xcp_daq.o
                0x08006a46                xcpDaqUnlock
 .text.xcpResetDaqListStatus
                0x08006a54      0x19c xcp_daq.o
                0x08006a54                xcpResetDaqListStatus
 .text.xcpDaqReset
                0x08006bf0       0x20 xcp_daq.o
                0x08006bf0                xcpDaqReset
 .text.xcpDaqExtendedInit
                0x08006c10        0xe xcp_daq.o
                0x08006c10                xcpDaqExtendedInit
 .text.xcpDaqExtendedReset
                0x08006c1e        0xe xcp_daq.o
                0x08006c1e                xcpDaqExtendedReset
 .text.isValidShortDownloadSize
                0x08006c2c       0x34 xcp_calibration.o
 .text.isValidDownloadSize
                0x08006c60       0x3a xcp_calibration.o
 *fill*         0x08006c9a        0x2 
 .text.xcpMemcpyToMTA
                0x08006c9c       0x34 xcp_calibration.o
 .text.downloadInputPacketHandler
                0x08006cd0       0xb0 xcp_calibration.o
 .text.shortDownloadInputPacketHandler
                0x08006d80       0xb8 xcp_calibration.o
 .text.getPacket
                0x08006e38       0x24 xcp_calibration.o
 .text.xcpCalibrationInit
                0x08006e5c       0x14 xcp_calibration.o
                0x08006e5c                xcpCalibrationInit
 .text.xcpCalibrationGetPacketLookup
                0x08006e70       0x18 xcp_calibration.o
                0x08006e70                xcpCalibrationGetPacketLookup
 .text.xcpCalibrationSetPacketLookup
                0x08006e88       0x20 xcp_calibration.o
                0x08006e88                xcpCalibrationSetPacketLookup
 .text.xcpCalibrationReset
                0x08006ea8        0xe xcp_calibration.o
                0x08006ea8                xcpCalibrationReset
 .text.xcpFifoInit
                0x08006eb6       0x20 xcp_fifo.o
                0x08006eb6                xcpFifoInit
 .text.xcpFifoEnqueue
                0x08006ed6       0x2a xcp_fifo.o
                0x08006ed6                xcpFifoEnqueue
 .text.xcpFifoDequeue
                0x08006f00       0x3e xcp_fifo.o
                0x08006f00                xcpFifoDequeue
 .text.xcpFifoEnqueueHead
                0x08006f3e       0x32 xcp_fifo.o
                0x08006f3e                xcpFifoEnqueueHead
 .text.xcpFifoReset
                0x08006f70       0x16 xcp_fifo.o
                0x08006f70                xcpFifoReset
 *fill*         0x08006f86        0x2 
 .text.xcpTransportEmptyTxFifo
                0x08006f88       0x6c xcp_transport.o
 .text.xcpTransportEmptyRxFifo
                0x08006ff4       0x6c xcp_transport.o
 .text.xcpTransportInit
                0x08007060      0x138 xcp_transport.o
                0x08007060                xcpTransportInit
 .text.xcpTransportTxReady
                0x08007198       0x1a xcp_transport.o
                0x08007198                xcpTransportTxReady
 .text.xcpTransportTxTrigger
                0x080071b2       0x1a xcp_transport.o
                0x080071b2                xcpTransportTxTrigger
 .text.xcpTransportTxPacketSet
                0x080071cc      0x144 xcp_transport.o
                0x080071cc                xcpTransportTxPacketSet
 .text.xcpTransportTx
                0x08007310       0xec xcp_transport.o
                0x08007310                xcpTransportTx
 .text.xcpTransportRx
                0x080073fc       0x80 xcp_transport.o
                0x080073fc                xcpTransportRx
 .text.xcpTransportRxPacketGet
                0x0800747c      0x12c xcp_transport.o
                0x0800747c                xcpTransportRxPacketGet
 .text.xcpTransportPacketOffset
                0x080075a8       0x20 xcp_transport.o
                0x080075a8                xcpTransportPacketOffset
 .text.xcpTransportMsgBufferSize
                0x080075c8       0x70 xcp_transport.o
                0x080075c8                xcpTransportMsgBufferSize
 .text.xcpTransportMaxDtoSize
                0x08007638        0xe xcp_transport.o
                0x08007638                xcpTransportMaxDtoSize
 .text.xcpTransportMaxCtoSize
                0x08007646        0xe xcp_transport.o
                0x08007646                xcpTransportMaxCtoSize
 .text.xcpTransportRestart
                0x08007654       0x44 xcp_transport.o
                0x08007654                xcpTransportRestart
 .text.xcpTransportResynch
                0x08007698       0x40 xcp_transport.o
                0x08007698                xcpTransportResynch
 .text.xcpTransportCtoReservedMemPoolId
                0x080076d8       0x18 xcp_transport.o
                0x080076d8                xcpTransportCtoReservedMemPoolId
 .text.xcpTransportReset
                0x080076f0       0xe4 xcp_transport.o
                0x080076f0                xcpTransportReset
 .text.xcpInitializePoolMemoryArea
                0x080077d4       0x72 xcp_mem_default.o
 *fill*         0x08007846        0x2 
 .text.xcpMemInit
                0x08007848      0x1d4 xcp_mem_default.o
                0x08007848                xcpMemInit
 .text.xcpMemAlloc
                0x08007a1c       0xe8 xcp_mem_default.o
                0x08007a1c                xcpMemAlloc
 .text.xcpMemFree
                0x08007b04      0x170 xcp_mem_default.o
                0x08007b04                xcpMemFree
 .text.xcpMemReservedPoolCreate
                0x08007c74      0x224 xcp_mem_default.o
                0x08007c74                xcpMemReservedPoolCreate
 .text.xcpMemReservedPoolDestroy
                0x08007e98      0x158 xcp_mem_default.o
                0x08007e98                xcpMemReservedPoolDestroy
 .text.xcpMemCustomPoolCreate
                0x08007ff0       0xbc xcp_mem_default.o
                0x08007ff0                xcpMemCustomPoolCreate
 .text.xcpMemCustomPoolDestroy
                0x080080ac       0x64 xcp_mem_default.o
                0x080080ac                xcpMemCustomPoolDestroy
 .text.xcpMemAllocFromPool
                0x08008110      0x170 xcp_mem_default.o
                0x08008110                xcpMemAllocFromPool
 .text.xcpMemReset
                0x08008280       0x50 xcp_mem_default.o
                0x08008280                xcpMemReset
 .text.xcpDrvOpen
                0x080082d0       0x64 xcp_drv_rtiostream.o
                0x080082d0                xcpDrvOpen
 .text.xcpDrvIoctl
                0x08008334       0x4c xcp_drv_rtiostream.o
                0x08008334                xcpDrvIoctl
 .text.xcpDrvSend
                0x08008380      0x14c xcp_drv_rtiostream.o
                0x08008380                xcpDrvSend
 .text.xcpDrvRecv
                0x080084cc      0x14c xcp_drv_rtiostream.o
                0x080084cc                xcpDrvRecv
 .text.xcpDrvClose
                0x08008618       0x5c xcp_drv_rtiostream.o
                0x08008618                xcpDrvClose
 .text.xcpSortArray
                0x08008674       0xcc xcp_utils.o
                0x08008674                xcpSortArray
 .text.xcpSxiHtons
                0x08008740       0x18 xcp_frame_serial.o
 .text.xcpSxiNtohs
                0x08008758       0x1c xcp_frame_serial.o
 .text.xcpSxiChecksum
                0x08008774       0x3e xcp_frame_serial.o
                0x08008774                xcpSxiChecksum
 *fill*         0x080087b2        0x2 
 .text.xcpFrameInit
                0x080087b4       0x70 xcp_frame_serial.o
                0x080087b4                xcpFrameInit
 .text.xcpFrameMsgSend
                0x08008824      0x188 xcp_frame_serial.o
                0x08008824                xcpFrameMsgSend
 .text.xcpFrameMsgRecv
                0x080089ac      0x180 xcp_frame_serial.o
                0x080089ac                xcpFrameMsgRecv
 .text.xcpFrameCreateMsg
                0x08008b2c       0x94 xcp_frame_serial.o
                0x08008b2c                xcpFrameCreateMsg
 .text.xcpFrameExtractPacket
                0x08008bc0      0x158 xcp_frame_serial.o
                0x08008bc0                xcpFrameExtractPacket
 .text.xcpFrameHeaderSize
                0x08008d18       0x10 xcp_frame_serial.o
                0x08008d18                xcpFrameHeaderSize
 .text.xcpFrameTailSize
                0x08008d28       0x10 xcp_frame_serial.o
                0x08008d28                xcpFrameTailSize
 .text.xcpFrameMaxDtoSize
                0x08008d38       0x12 xcp_frame_serial.o
                0x08008d38                xcpFrameMaxDtoSize
 .text.xcpFrameMaxCtoSize
                0x08008d4a       0x10 xcp_frame_serial.o
                0x08008d4a                xcpFrameMaxCtoSize
 *fill*         0x08008d5a        0x2 
 .text.xcpFrameRestart
                0x08008d5c       0x30 xcp_frame_serial.o
                0x08008d5c                xcpFrameRestart
 .text.xcpFrameSetCtoReservedMemPoolId
                0x08008d8c       0x20 xcp_frame_serial.o
                0x08008d8c                xcpFrameSetCtoReservedMemPoolId
 .text.xcpFrameReset
                0x08008dac       0x70 xcp_frame_serial.o
                0x08008dac                xcpFrameReset
 .text.xcpTransportGetInitParameters
                0x08008e1c       0x2e xcp_ext_param_default_serial.o
                0x08008e1c                xcpTransportGetInitParameters
 .text.xcpGetInitParameters
                0x08008e4a       0x2e xcp_ext_param_default_serial.o
                0x08008e4a                xcpGetInitParameters
 .text.HAL_Delay
                0x08008e78       0x2e overrideHALDelay.o
                0x08008e78                HAL_Delay
 *fill*         0x08008ea6        0x2 
 .text.PeriphCommonClock_Config
                0x08008ea8       0x10 platform_timer.o
                0x08008ea8                PeriphCommonClock_Config
 .text.getCurrentTimestampInMicros
                0x08008eb8       0x40 platform_timer.o
                0x08008eb8                getCurrentTimestampInMicros
 .text.returnTimeElapsed
                0x08008ef8       0x2c platform_timer.o
                0x08008ef8                returnTimeElapsed
 .text.timestampInit
                0x08008f24       0x28 platform_timer.o
 .text.getCurrentTimestamp
                0x08008f4c       0x44 platform_timer.o
                0x08008f4c                getCurrentTimestamp
 .text.__NVIC_SetPriority
                0x08008f90       0x54 SysTickScheduler.o
 .text.SysTick_Config
                0x08008fe4       0x44 SysTickScheduler.o
 .text.SysTick_Isr
                0x08009028       0x48 SysTickScheduler.o
 .text.SysTick_Handler
                0x08009070       0x20 SysTickScheduler.o
                0x08009070                SysTick_Handler
 .text.ARMCM_SysTick_Config
                0x08009090       0xb8 SysTickScheduler.o
                0x08009090                ARMCM_SysTick_Config
 .text.PendSV_Handler
                0x08009148       0x44 m3m4m4f_multitasking.o
                0x08009148                PendSV_Handler
 .text.SVC_Handler
                0x0800918c       0x58 m3m4m4f_multitasking.o
                0x0800918c                SVC_Handler
 .text.rtIOStreamOpen
                0x080091e4       0x58 rtiostream_serial.o
                0x080091e4                rtIOStreamOpen
 .text.rtIOStreamSend
                0x0800923c       0x34 rtiostream_serial.o
                0x0800923c                rtIOStreamSend
 .text.rtIOStreamRecv
                0x08009270       0x48 rtiostream_serial.o
                0x08009270                rtIOStreamRecv
 .text.rtIOStreamClose
                0x080092b8       0x20 rtiostream_serial.o
                0x080092b8                rtIOStreamClose
 .text.__NVIC_GetPriorityGrouping
                0x080092d8       0x1c stm_usart.o
 .text.__NVIC_EnableIRQ
                0x080092f4       0x3c stm_usart.o
 .text.__NVIC_SetPriority
                0x08009330       0x54 stm_usart.o
 .text.NVIC_EncodePriority
                0x08009384       0x66 stm_usart.o
 *fill*         0x080093ea        0x2 
 .text.LL_DMA_EnableChannel
                0x080093ec       0x44 stm_usart.o
 .text.LL_DMA_DisableChannel
                0x08009430       0x44 stm_usart.o
 .text.LL_DMA_GetMode
                0x08009474       0x34 stm_usart.o
 .text.LL_DMA_SetDataLength
                0x080094a8       0x4c stm_usart.o
 .text.LL_DMA_GetDataLength
                0x080094f4       0x30 stm_usart.o
 .text.LL_DMA_ConfigAddresses
                0x08009524       0x7c stm_usart.o
 .text.LL_DMA_SetMemoryAddress
                0x080095a0       0x34 stm_usart.o
 .text.LL_DMA_IsActiveFlag_TC4
                0x080095d4       0x28 stm_usart.o
 .text.LL_DMA_IsActiveFlag_TC5
                0x080095fc       0x28 stm_usart.o
 .text.LL_DMA_ClearFlag_TC4
                0x08009624       0x1c stm_usart.o
 .text.LL_DMA_ClearFlag_TC5
                0x08009640       0x1c stm_usart.o
 .text.LL_DMA_EnableIT_TC
                0x0800965c       0x44 stm_usart.o
 .text.LL_DMA_DisableIT_TC
                0x080096a0       0x44 stm_usart.o
 .text.LL_DMA_IsEnabledIT_TC
                0x080096e4       0x3c stm_usart.o
 .text.LL_USART_Enable
                0x08009720       0x20 stm_usart.o
 .text.LL_USART_Disable
                0x08009740       0x20 stm_usart.o
 .text.LL_USART_IsEnabledAutoBaud
                0x08009760       0x28 stm_usart.o
 .text.LL_USART_IsActiveFlag_PE
                0x08009788       0x26 stm_usart.o
 .text.LL_USART_IsActiveFlag_FE
                0x080097ae       0x26 stm_usart.o
 .text.LL_USART_IsActiveFlag_NE
                0x080097d4       0x26 stm_usart.o
 .text.LL_USART_IsActiveFlag_ORE
                0x080097fa       0x26 stm_usart.o
 .text.LL_USART_IsActiveFlag_ABRE
                0x08009820       0x28 stm_usart.o
 .text.LL_USART_IsActiveFlag_ABR
                0x08009848       0x28 stm_usart.o
 .text.LL_USART_ClearFlag_PE
                0x08009870       0x1a stm_usart.o
 .text.LL_USART_ClearFlag_FE
                0x0800988a       0x1a stm_usart.o
 .text.LL_USART_ClearFlag_NE
                0x080098a4       0x1a stm_usart.o
 .text.LL_USART_ClearFlag_ORE
                0x080098be       0x1a stm_usart.o
 .text.LL_USART_EnableIT_RXNE_RXFNE
                0x080098d8       0x42 stm_usart.o
 .text.LL_USART_EnableIT_PE
                0x0800991a       0x42 stm_usart.o
 .text.LL_USART_EnableIT_ERROR
                0x0800995c       0x46 stm_usart.o
 .text.LL_USART_DisableIT_RXNE_RXFNE
                0x080099a2       0x42 stm_usart.o
 .text.LL_USART_DisableIT_TXE_TXFNF
                0x080099e4       0x42 stm_usart.o
 .text.LL_USART_DisableIT_PE
                0x08009a26       0x42 stm_usart.o
 .text.LL_USART_DisableIT_ERROR
                0x08009a68       0x46 stm_usart.o
 .text.LL_USART_EnableDMAReq_RX
                0x08009aae       0x46 stm_usart.o
 .text.LL_USART_DisableDMAReq_RX
                0x08009af4       0x46 stm_usart.o
 .text.LL_USART_EnableDMAReq_TX
                0x08009b3a       0x46 stm_usart.o
 .text.LL_USART_DisableDMAReq_TX
                0x08009b80       0x46 stm_usart.o
 .text.LL_USART_DMA_GetRegAddr
                0x08009bc6       0x2c stm_usart.o
 .text.LL_USART_ReceiveData8
                0x08009bf2       0x1a stm_usart.o
 .text.LL_USART_RequestAutoBaudRate
                0x08009c0c       0x20 stm_usart.o
 .text.checkIfTransmitBufferFull
                0x08009c2c       0x64 stm_usart.o
                0x08009c2c                checkIfTransmitBufferFull
 .text.copyToTransmitBuffer
                0x08009c90       0xf4 stm_usart.o
                0x08009c90                copyToTransmitBuffer
 .text.getAvailableDataInBuffer
                0x08009d84       0xcc stm_usart.o
                0x08009d84                getAvailableDataInBuffer
 .text.getBytesToBeReadFromBuffer
                0x08009e50       0x6e stm_usart.o
                0x08009e50                getBytesToBeReadFromBuffer
 .text.readDataFromBuffer
                0x08009ebe       0xcc stm_usart.o
                0x08009ebe                readDataFromBuffer
 .text.UART_RXDMAInterruptHandler
                0x08009f8a       0xd4 stm_usart.o
                0x08009f8a                UART_RXDMAInterruptHandler
 .text.UART_TXDMAInterruptHandler
                0x0800a05e      0x164 stm_usart.o
                0x0800a05e                UART_TXDMAInterruptHandler
 .text.UART_IsActiveFlagError
                0x0800a1c2       0xf4 stm_usart.o
                0x0800a1c2                UART_IsActiveFlagError
 *fill*         0x0800a2b6        0x2 
 .text.USART1_IRQHandler
                0x0800a2b8       0x14 stm_usart.o
                0x0800a2b8                USART1_IRQHandler
 .text.DMA1_Channel5_IRQHandler
                0x0800a2cc       0x20 stm_usart.o
                0x0800a2cc                DMA1_Channel5_IRQHandler
 .text.DMA1_Channel4_IRQHandler
                0x0800a2ec       0x20 stm_usart.o
                0x0800a2ec                DMA1_Channel4_IRQHandler
 .text.UART_ConfigureReceiveDMA
                0x0800a30c       0x8a stm_usart.o
                0x0800a30c                UART_ConfigureReceiveDMA
 .text.UART_ConfigureTransmitDMA
                0x0800a396       0x56 stm_usart.o
                0x0800a396                UART_ConfigureTransmitDMA
 .text.getReadErrorStatus
                0x0800a3ec      0x144 stm_usart.o
                0x0800a3ec                getReadErrorStatus
 .text.MW_UART_Initialize
                0x0800a530      0x198 stm_usart.o
                0x0800a530                MW_UART_Initialize
 .text.MW_UART_ReceiveUsingBuffer
                0x0800a6c8       0x5c stm_usart.o
                0x0800a6c8                MW_UART_ReceiveUsingBuffer
 .text.MW_UART_TransmitUsingDMA
                0x0800a724       0xfc stm_usart.o
                0x0800a724                MW_UART_TransmitUsingDMA
 .text.MW_UART_DeInit
                0x0800a820       0xaa stm_usart.o
                0x0800a820                MW_UART_DeInit
 .text.sys_arch_protect
                0x0800a8ca       0x22 sys_arch.o
                0x0800a8ca                sys_arch_protect
 .text.sys_arch_unprotect
                0x0800a8ec       0x20 sys_arch.o
                0x0800a8ec                sys_arch_unprotect
 .text.SystemClock_Config
                0x0800a90c       0x96 main.o
                0x0800a90c                SystemClock_Config
 *fill*         0x0800a9a2        0x2 
 .text.HAL_TIM_PeriodElapsedCallback
                0x0800a9a4       0x24 main.o
                0x0800a9a4                HAL_TIM_PeriodElapsedCallback
 .text.Error_Handler
                0x0800a9c8        0xc main.o
                0x0800a9c8                Error_Handler
 .text.__NVIC_GetPriorityGrouping
                0x0800a9d4       0x1c gpio.o
 .text.__NVIC_EnableIRQ
                0x0800a9f0       0x3c gpio.o
 .text.__NVIC_SetPriority
                0x0800aa2c       0x54 gpio.o
 .text.NVIC_EncodePriority
                0x0800aa80       0x66 gpio.o
 *fill*         0x0800aae6        0x2 
 .text.LL_SYSCFG_SetEXTISource
                0x0800aae8       0x70 gpio.o
 .text.LL_GPIO_SetPinMode
                0x0800ab58       0x7a gpio.o
 .text.LL_GPIO_SetPinPull
                0x0800abd2       0x7a gpio.o
 .text.LL_GPIO_ResetOutputPin
                0x0800ac4c       0x1c gpio.o
 .text.LL_AHB2_GRP1_EnableClock
                0x0800ac68       0x30 gpio.o
 .text.MX_GPIO_Init
                0x0800ac98      0x258 gpio.o
                0x0800ac98                MX_GPIO_Init
 .text.LL_ADC_SetGainCompensation
                0x0800aef0       0x4a adc.o
 .text.LL_ADC_REG_SetSequencerRanks
                0x0800af3a       0x58 adc.o
 .text.LL_ADC_SetChannelSamplingTime
                0x0800af92       0x56 adc.o
 .text.LL_ADC_SetChannelSingleDiff
                0x0800afe8       0x50 adc.o
 .text.LL_ADC_SetOverSamplingScope
                0x0800b038       0x2a adc.o
 .text.LL_ADC_DisableDeepPowerDown
                0x0800b062       0x24 adc.o
 .text.LL_ADC_EnableInternalRegulator
                0x0800b086       0x28 adc.o
 *fill*         0x0800b0ae        0x2 
 .text.LL_AHB2_GRP1_EnableClock
                0x0800b0b0       0x30 adc.o
 .text.MX_ADC2_Init
                0x0800b0e0      0x1d0 adc.o
                0x0800b0e0                MX_ADC2_Init
 .text.__NVIC_GetPriorityGrouping
                0x0800b2b0       0x1c dma.o
 .text.__NVIC_EnableIRQ
                0x0800b2cc       0x3c dma.o
 .text.__NVIC_SetPriority
                0x0800b308       0x54 dma.o
 .text.NVIC_EncodePriority
                0x0800b35c       0x66 dma.o
 *fill*         0x0800b3c2        0x2 
 .text.LL_AHB1_GRP1_EnableClock
                0x0800b3c4       0x30 dma.o
 .text.MX_DMA_Init
                0x0800b3f4       0x54 dma.o
                0x0800b3f4                MX_DMA_Init
 .text.LL_TIM_DisableARRPreload
                0x0800b448       0x20 tim.o
 .text.LL_TIM_OC_DisableFast
                0x0800b468       0xb0 tim.o
 .text.LL_TIM_OC_EnablePreload
                0x0800b518       0xac tim.o
 .text.LL_TIM_SetClockSource
                0x0800b5c4       0x2a tim.o
 .text.LL_TIM_SetTriggerOutput
                0x0800b5ee       0x2a tim.o
 .text.LL_TIM_SetTriggerOutput2
                0x0800b618       0x26 tim.o
 .text.LL_TIM_DisableMasterSlaveMode
                0x0800b63e       0x20 tim.o
 *fill*         0x0800b65e        0x2 
 .text.LL_AHB2_GRP1_EnableClock
                0x0800b660       0x30 tim.o
 .text.LL_APB2_GRP1_EnableClock
                0x0800b690       0x30 tim.o
 .text.MX_TIM1_Init
                0x0800b6c0      0x150 tim.o
                0x0800b6c0                MX_TIM1_Init
 .text.MX_TIM16_Init
                0x0800b810      0x118 tim.o
                0x0800b810                MX_TIM16_Init
 .text.__NVIC_GetPriorityGrouping
                0x0800b928       0x1c usart.o
 .text.__NVIC_EnableIRQ
                0x0800b944       0x3c usart.o
 .text.__NVIC_SetPriority
                0x0800b980       0x54 usart.o
 .text.NVIC_EncodePriority
                0x0800b9d4       0x66 usart.o
 *fill*         0x0800ba3a        0x2 
 .text.LL_DMA_SetDataTransferDirection
                0x0800ba3c       0x50 usart.o
 .text.LL_DMA_SetMode
                0x0800ba8c       0x4c usart.o
 .text.LL_DMA_SetPeriphIncMode
                0x0800bad8       0x4c usart.o
 .text.LL_DMA_SetMemoryIncMode
                0x0800bb24       0x4c usart.o
 .text.LL_DMA_SetPeriphSize
                0x0800bb70       0x4c usart.o
 .text.LL_DMA_SetMemorySize
                0x0800bbbc       0x4c usart.o
 .text.LL_DMA_SetChannelPriorityLevel
                0x0800bc08       0x4c usart.o
 .text.LL_DMA_SetPeriphRequest
                0x0800bc54       0x54 usart.o
 .text.LL_USART_Enable
                0x0800bca8       0x20 usart.o
 .text.LL_USART_DisableFIFO
                0x0800bcc8       0x20 usart.o
 .text.LL_USART_SetTXFIFOThreshold
                0x0800bce8       0x4e usart.o
 .text.LL_USART_SetRXFIFOThreshold
                0x0800bd36       0x4e usart.o
 .text.LL_USART_ConfigAsyncMode
                0x0800bd84       0x2c usart.o
 .text.LL_USART_IsActiveFlag_TEACK
                0x0800bdb0       0x28 usart.o
 .text.LL_USART_IsActiveFlag_REACK
                0x0800bdd8       0x28 usart.o
 .text.LL_AHB2_GRP1_EnableClock
                0x0800be00       0x30 usart.o
 .text.LL_APB2_GRP1_EnableClock
                0x0800be30       0x30 usart.o
 .text.MX_USART1_UART_Init
                0x0800be60      0x1e8 usart.o
                0x0800be60                MX_USART1_UART_Init
 .text.LL_EXTI_IsActiveFlag_0_31
                0x0800c048       0x2c stm32g4xx_it.o
 .text.LL_EXTI_ClearFlag_0_31
                0x0800c074       0x20 stm32g4xx_it.o
 .text.NMI_Handler
                0x0800c094        0x8 stm32g4xx_it.o
                0x0800c094                NMI_Handler
 .text.HardFault_Handler
                0x0800c09c        0x8 stm32g4xx_it.o
                0x0800c09c                HardFault_Handler
 .text.MemManage_Handler
                0x0800c0a4        0x8 stm32g4xx_it.o
                0x0800c0a4                MemManage_Handler
 .text.BusFault_Handler
                0x0800c0ac        0x8 stm32g4xx_it.o
                0x0800c0ac                BusFault_Handler
 .text.UsageFault_Handler
                0x0800c0b4        0x8 stm32g4xx_it.o
                0x0800c0b4                UsageFault_Handler
 .text.DebugMon_Handler
                0x0800c0bc        0xe stm32g4xx_it.o
                0x0800c0bc                DebugMon_Handler
 .text.EXTI9_5_IRQHandler
                0x0800c0ca       0x1a stm32g4xx_it.o
                0x0800c0ca                EXTI9_5_IRQHandler
 .text.TIM6_DAC_IRQHandler
                0x0800c0e4       0x14 stm32g4xx_it.o
                0x0800c0e4                TIM6_DAC_IRQHandler
 .text.HAL_MspInit
                0x0800c0f8       0x48 stm32g4xx_hal_msp.o
                0x0800c0f8                HAL_MspInit
 .text.HAL_InitTick
                0x0800c140       0xd8 stm32g4xx_hal_timebase_tim.o
                0x0800c140                HAL_InitTick
 .text.LL_EXTI_EnableIT_0_31
                0x0800c218       0x24 stm32g4xx_ll_exti.o
 .text.LL_EXTI_EnableIT_32_63
                0x0800c23c       0x24 stm32g4xx_ll_exti.o
 .text.LL_EXTI_DisableIT_0_31
                0x0800c260       0x28 stm32g4xx_ll_exti.o
 .text.LL_EXTI_DisableIT_32_63
                0x0800c288       0x28 stm32g4xx_ll_exti.o
 .text.LL_EXTI_EnableEvent_0_31
                0x0800c2b0       0x24 stm32g4xx_ll_exti.o
 .text.LL_EXTI_EnableEvent_32_63
                0x0800c2d4       0x24 stm32g4xx_ll_exti.o
 .text.LL_EXTI_DisableEvent_0_31
                0x0800c2f8       0x28 stm32g4xx_ll_exti.o
 .text.LL_EXTI_DisableEvent_32_63
                0x0800c320       0x28 stm32g4xx_ll_exti.o
 .text.LL_EXTI_EnableRisingTrig_0_31
                0x0800c348       0x24 stm32g4xx_ll_exti.o
 .text.LL_EXTI_EnableRisingTrig_32_63
                0x0800c36c       0x24 stm32g4xx_ll_exti.o
 .text.LL_EXTI_DisableRisingTrig_0_31
                0x0800c390       0x28 stm32g4xx_ll_exti.o
 .text.LL_EXTI_DisableRisingTrig_32_63
                0x0800c3b8       0x28 stm32g4xx_ll_exti.o
 .text.LL_EXTI_EnableFallingTrig_0_31
                0x0800c3e0       0x24 stm32g4xx_ll_exti.o
 .text.LL_EXTI_EnableFallingTrig_32_63
                0x0800c404       0x24 stm32g4xx_ll_exti.o
 .text.LL_EXTI_DisableFallingTrig_0_31
                0x0800c428       0x28 stm32g4xx_ll_exti.o
 .text.LL_EXTI_DisableFallingTrig_32_63
                0x0800c450       0x28 stm32g4xx_ll_exti.o
 .text.LL_EXTI_Init
                0x0800c478      0x1ec stm32g4xx_ll_exti.o
                0x0800c478                LL_EXTI_Init
 .text.HAL_TIM_Base_Init
                0x0800c664       0xae stm32g4xx_hal_tim.o
                0x0800c664                HAL_TIM_Base_Init
 .text.HAL_TIM_Base_MspInit
                0x0800c712       0x14 stm32g4xx_hal_tim.o
                0x0800c712                HAL_TIM_Base_MspInit
 *fill*         0x0800c726        0x2 
 .text.HAL_TIM_Base_Start_IT
                0x0800c728       0xd4 stm32g4xx_hal_tim.o
                0x0800c728                HAL_TIM_Base_Start_IT
 .text.HAL_TIM_IRQHandler
                0x0800c7fc      0x2fe stm32g4xx_hal_tim.o
                0x0800c7fc                HAL_TIM_IRQHandler
 .text.HAL_TIM_OC_DelayElapsedCallback
                0x0800cafa       0x14 stm32g4xx_hal_tim.o
                0x0800cafa                HAL_TIM_OC_DelayElapsedCallback
 .text.HAL_TIM_IC_CaptureCallback
                0x0800cb0e       0x14 stm32g4xx_hal_tim.o
                0x0800cb0e                HAL_TIM_IC_CaptureCallback
 .text.HAL_TIM_PWM_PulseFinishedCallback
                0x0800cb22       0x14 stm32g4xx_hal_tim.o
                0x0800cb22                HAL_TIM_PWM_PulseFinishedCallback
 .text.HAL_TIM_TriggerCallback
                0x0800cb36       0x14 stm32g4xx_hal_tim.o
                0x0800cb36                HAL_TIM_TriggerCallback
 *fill*         0x0800cb4a        0x2 
 .text.TIM_Base_SetConfig
                0x0800cb4c      0x120 stm32g4xx_hal_tim.o
                0x0800cb4c                TIM_Base_SetConfig
 .text.HAL_TIMEx_CommutCallback
                0x0800cc6c       0x14 stm32g4xx_hal_tim_ex.o
                0x0800cc6c                HAL_TIMEx_CommutCallback
 .text.HAL_TIMEx_BreakCallback
                0x0800cc80       0x14 stm32g4xx_hal_tim_ex.o
                0x0800cc80                HAL_TIMEx_BreakCallback
 .text.HAL_TIMEx_Break2Callback
                0x0800cc94       0x14 stm32g4xx_hal_tim_ex.o
                0x0800cc94                HAL_TIMEx_Break2Callback
 .text.HAL_TIMEx_EncoderIndexCallback
                0x0800cca8       0x14 stm32g4xx_hal_tim_ex.o
                0x0800cca8                HAL_TIMEx_EncoderIndexCallback
 .text.HAL_TIMEx_DirectionChangeCallback
                0x0800ccbc       0x14 stm32g4xx_hal_tim_ex.o
                0x0800ccbc                HAL_TIMEx_DirectionChangeCallback
 .text.HAL_TIMEx_IndexErrorCallback
                0x0800ccd0       0x14 stm32g4xx_hal_tim_ex.o
                0x0800ccd0                HAL_TIMEx_IndexErrorCallback
 .text.HAL_TIMEx_TransitionErrorCallback
                0x0800cce4       0x14 stm32g4xx_hal_tim_ex.o
                0x0800cce4                HAL_TIMEx_TransitionErrorCallback
 .text.LL_GPIO_SetPinMode
                0x0800ccf8       0x7a stm32g4xx_ll_gpio.o
 .text.LL_GPIO_SetPinOutputType
                0x0800cd72       0x30 stm32g4xx_ll_gpio.o
 .text.LL_GPIO_SetPinSpeed
                0x0800cda2       0x7a stm32g4xx_ll_gpio.o
 .text.LL_GPIO_SetPinPull
                0x0800ce1c       0x7a stm32g4xx_ll_gpio.o
 .text.LL_GPIO_SetAFPin_0_7
                0x0800ce96       0x7a stm32g4xx_ll_gpio.o
 .text.LL_GPIO_SetAFPin_8_15
                0x0800cf10       0x7e stm32g4xx_ll_gpio.o
 .text.LL_GPIO_Init
                0x0800cf8e       0xdc stm32g4xx_ll_gpio.o
                0x0800cf8e                LL_GPIO_Init
 .text.LL_ADC_REG_SetSequencerLength
                0x0800d06a       0x26 stm32g4xx_ll_adc.o
 .text.LL_ADC_IsEnabled
                0x0800d090       0x26 stm32g4xx_ll_adc.o
 *fill*         0x0800d0b6        0x2 
 .text.LL_ADC_CommonInit
                0x0800d0b8       0x80 stm32g4xx_ll_adc.o
                0x0800d0b8                LL_ADC_CommonInit
 .text.LL_ADC_Init
                0x0800d138       0x4c stm32g4xx_ll_adc.o
                0x0800d138                LL_ADC_Init
 .text.LL_ADC_REG_Init
                0x0800d184       0x94 stm32g4xx_ll_adc.o
                0x0800d184                LL_ADC_REG_Init
 .text.HAL_Init
                0x0800d218       0x30 stm32g4xx_hal.o
                0x0800d218                HAL_Init
 .text.HAL_IncTick
                0x0800d248       0x24 stm32g4xx_hal.o
                0x0800d248                HAL_IncTick
 .text.HAL_GetTick
                0x0800d26c       0x18 stm32g4xx_hal.o
                0x0800d26c                HAL_GetTick
 .text.HAL_RCC_OscConfig
                0x0800d284      0x630 stm32g4xx_hal_rcc.o
                0x0800d284                HAL_RCC_OscConfig
 .text.HAL_RCC_ClockConfig
                0x0800d8b4      0x278 stm32g4xx_hal_rcc.o
                0x0800d8b4                HAL_RCC_ClockConfig
 .text.HAL_RCC_GetSysClockFreq
                0x0800db2c       0xc4 stm32g4xx_hal_rcc.o
                0x0800db2c                HAL_RCC_GetSysClockFreq
 .text.HAL_RCC_GetHCLKFreq
                0x0800dbf0       0x18 stm32g4xx_hal_rcc.o
                0x0800dbf0                HAL_RCC_GetHCLKFreq
 .text.HAL_RCC_GetPCLK1Freq
                0x0800dc08       0x2c stm32g4xx_hal_rcc.o
                0x0800dc08                HAL_RCC_GetPCLK1Freq
 .text.HAL_RCC_GetClockConfig
                0x0800dc34       0x64 stm32g4xx_hal_rcc.o
                0x0800dc34                HAL_RCC_GetClockConfig
 .text.RCC_GetSysClockFreqFromPLLSource
                0x0800dc98       0x8c stm32g4xx_hal_rcc.o
 .text.HAL_RCCEx_PeriphCLKConfig
                0x0800dd24      0x3e0 stm32g4xx_hal_rcc_ex.o
                0x0800dd24                HAL_RCCEx_PeriphCLKConfig
 .text.HAL_PWREx_ControlVoltageScaling
                0x0800e104      0x148 stm32g4xx_hal_pwr_ex.o
                0x0800e104                HAL_PWREx_ControlVoltageScaling
 .text.HAL_PWREx_DisableUCPDDeadBattery
                0x0800e24c       0x20 stm32g4xx_hal_pwr_ex.o
                0x0800e24c                HAL_PWREx_DisableUCPDDeadBattery
 .text.__NVIC_SetPriorityGrouping
                0x0800e26c       0x48 stm32g4xx_hal_cortex.o
 .text.__NVIC_GetPriorityGrouping
                0x0800e2b4       0x1c stm32g4xx_hal_cortex.o
 .text.__NVIC_EnableIRQ
                0x0800e2d0       0x3c stm32g4xx_hal_cortex.o
 .text.__NVIC_SetPriority
                0x0800e30c       0x54 stm32g4xx_hal_cortex.o
 .text.NVIC_EncodePriority
                0x0800e360       0x66 stm32g4xx_hal_cortex.o
 .text.HAL_NVIC_SetPriorityGrouping
                0x0800e3c6       0x16 stm32g4xx_hal_cortex.o
                0x0800e3c6                HAL_NVIC_SetPriorityGrouping
 .text.HAL_NVIC_SetPriority
                0x0800e3dc       0x34 stm32g4xx_hal_cortex.o
                0x0800e3dc                HAL_NVIC_SetPriority
 .text.HAL_NVIC_EnableIRQ
                0x0800e410       0x1c stm32g4xx_hal_cortex.o
                0x0800e410                HAL_NVIC_EnableIRQ
 .text.LL_TIM_SetPrescaler
                0x0800e42c       0x1c stm32g4xx_ll_tim.o
 .text.LL_TIM_SetAutoReload
                0x0800e448       0x1c stm32g4xx_ll_tim.o
 .text.LL_TIM_SetRepetitionCounter
                0x0800e464       0x1c stm32g4xx_ll_tim.o
 .text.LL_TIM_OC_SetCompareCH1
                0x0800e480       0x1c stm32g4xx_ll_tim.o
 .text.LL_TIM_OC_SetCompareCH2
                0x0800e49c       0x1c stm32g4xx_ll_tim.o
 .text.LL_TIM_OC_SetCompareCH3
                0x0800e4b8       0x1c stm32g4xx_ll_tim.o
 .text.LL_TIM_OC_SetCompareCH4
                0x0800e4d4       0x1c stm32g4xx_ll_tim.o
 .text.LL_TIM_OC_SetCompareCH5
                0x0800e4f0       0x20 stm32g4xx_ll_tim.o
 .text.LL_TIM_OC_SetCompareCH6
                0x0800e510       0x1c stm32g4xx_ll_tim.o
 .text.LL_TIM_GenerateEvent_UPDATE
                0x0800e52c       0x20 stm32g4xx_ll_tim.o
 .text.LL_TIM_Init
                0x0800e54c      0x114 stm32g4xx_ll_tim.o
                0x0800e54c                LL_TIM_Init
 .text.LL_TIM_OC_Init
                0x0800e660       0xbe stm32g4xx_ll_tim.o
                0x0800e660                LL_TIM_OC_Init
 *fill*         0x0800e71e        0x2 
 .text.LL_TIM_BDTR_Init
                0x0800e720      0x110 stm32g4xx_ll_tim.o
                0x0800e720                LL_TIM_BDTR_Init
 .text.OC1Config
                0x0800e830      0x100 stm32g4xx_ll_tim.o
 .text.OC2Config
                0x0800e930      0x108 stm32g4xx_ll_tim.o
 .text.OC3Config
                0x0800ea38      0x108 stm32g4xx_ll_tim.o
 .text.OC4Config
                0x0800eb40      0x108 stm32g4xx_ll_tim.o
 .text.OC5Config
                0x0800ec48       0xc8 stm32g4xx_ll_tim.o
 .text.OC6Config
                0x0800ed10       0xc8 stm32g4xx_ll_tim.o
 .text.LL_USART_IsEnabled
                0x0800edd8       0x26 stm32g4xx_ll_usart.o
 .text.LL_USART_SetPrescaler
                0x0800edfe       0x28 stm32g4xx_ll_usart.o
 .text.LL_USART_SetStopBitsLength
                0x0800ee26       0x26 stm32g4xx_ll_usart.o
 .text.LL_USART_SetHWFlowCtrl
                0x0800ee4c       0x26 stm32g4xx_ll_usart.o
 *fill*         0x0800ee72        0x2 
 .text.LL_USART_SetBaudRate
                0x0800ee74       0xa0 stm32g4xx_ll_usart.o
 .text.LL_USART_Init
                0x0800ef14       0xf4 stm32g4xx_ll_usart.o
                0x0800ef14                LL_USART_Init
 .text.LL_RCC_HSI_IsReady
                0x0800f008       0x28 stm32g4xx_ll_rcc.o
 .text.LL_RCC_LSE_IsReady
                0x0800f030       0x28 stm32g4xx_ll_rcc.o
 .text.LL_RCC_GetSysClkSource
                0x0800f058       0x1c stm32g4xx_ll_rcc.o
 .text.LL_RCC_GetAHBPrescaler
                0x0800f074       0x1c stm32g4xx_ll_rcc.o
 .text.LL_RCC_GetAPB1Prescaler
                0x0800f090       0x1c stm32g4xx_ll_rcc.o
 .text.LL_RCC_GetAPB2Prescaler
                0x0800f0ac       0x1c stm32g4xx_ll_rcc.o
 .text.LL_RCC_GetUSARTClockSource
                0x0800f0c8       0x28 stm32g4xx_ll_rcc.o
 .text.LL_RCC_GetUARTClockSource
                0x0800f0f0       0x28 stm32g4xx_ll_rcc.o
 .text.LL_RCC_PLL_GetMainSource
                0x0800f118       0x1c stm32g4xx_ll_rcc.o
 .text.LL_RCC_PLL_GetN
                0x0800f134       0x1c stm32g4xx_ll_rcc.o
 .text.LL_RCC_PLL_GetR
                0x0800f150       0x1c stm32g4xx_ll_rcc.o
 .text.LL_RCC_PLL_GetDivider
                0x0800f16c       0x1c stm32g4xx_ll_rcc.o
 .text.LL_RCC_GetUSARTClockFreq
                0x0800f188      0x188 stm32g4xx_ll_rcc.o
                0x0800f188                LL_RCC_GetUSARTClockFreq
 .text.LL_RCC_GetUARTClockFreq
                0x0800f310       0x94 stm32g4xx_ll_rcc.o
                0x0800f310                LL_RCC_GetUARTClockFreq
 .text.RCC_GetSystemClockFreq
                0x0800f3a4       0x4c stm32g4xx_ll_rcc.o
 .text.RCC_GetHCLKClockFreq
                0x0800f3f0       0x30 stm32g4xx_ll_rcc.o
 .text.RCC_GetPCLK1ClockFreq
                0x0800f420       0x2c stm32g4xx_ll_rcc.o
 .text.RCC_GetPCLK2ClockFreq
                0x0800f44c       0x2c stm32g4xx_ll_rcc.o
 .text.RCC_PLL_GetFreqDomain_SYS
                0x0800f478       0x68 stm32g4xx_ll_rcc.o
 .text.SystemInit
                0x0800f4e0       0x24 system_stm32g4xx.o
                0x0800f4e0                SystemInit
 .text.Reset_Handler
                0x0800f504       0x50 startup_stm32g431kbtx.o
                0x0800f504                Reset_Handler
 .text.Default_Handler
                0x0800f554        0x2 startup_stm32g431kbtx.o
                0x0800f554                RTC_Alarm_IRQHandler
                0x0800f554                EXTI2_IRQHandler
                0x0800f554                TIM8_TRG_COM_IRQHandler
                0x0800f554                TIM8_CC_IRQHandler
                0x0800f554                TIM1_CC_IRQHandler
                0x0800f554                USB_HP_IRQHandler
                0x0800f554                CORDIC_IRQHandler
                0x0800f554                I2C3_ER_IRQHandler
                0x0800f554                I2C2_EV_IRQHandler
                0x0800f554                FPU_IRQHandler
                0x0800f554                FDCAN1_IT1_IRQHandler
                0x0800f554                TIM1_UP_TIM16_IRQHandler
                0x0800f554                ADC1_2_IRQHandler
                0x0800f554                SPI1_IRQHandler
                0x0800f554                TIM8_UP_IRQHandler
                0x0800f554                DMA2_Channel2_IRQHandler
                0x0800f554                USART3_IRQHandler
                0x0800f554                TIM4_IRQHandler
                0x0800f554                DMA2_Channel1_IRQHandler
                0x0800f554                I2C1_EV_IRQHandler
                0x0800f554                DMA1_Channel6_IRQHandler
                0x0800f554                UART4_IRQHandler
                0x0800f554                DMA2_Channel4_IRQHandler
                0x0800f554                TIM3_IRQHandler
                0x0800f554                RCC_IRQHandler
                0x0800f554                DMA1_Channel1_IRQHandler
                0x0800f554                Default_Handler
                0x0800f554                RTC_TAMP_LSECSS_IRQHandler
                0x0800f554                FMAC_IRQHandler
                0x0800f554                EXTI15_10_IRQHandler
                0x0800f554                TIM7_IRQHandler
                0x0800f554                UCPD1_IRQHandler
                0x0800f554                I2C3_EV_IRQHandler
                0x0800f554                RTC_WKUP_IRQHandler
                0x0800f554                PVD_PVM_IRQHandler
                0x0800f554                SPI2_IRQHandler
                0x0800f554                DMA2_Channel5_IRQHandler
                0x0800f554                CRS_IRQHandler
                0x0800f554                USB_LP_IRQHandler
                0x0800f554                EXTI4_IRQHandler
                0x0800f554                RNG_IRQHandler
                0x0800f554                TIM1_TRG_COM_TIM17_IRQHandler
                0x0800f554                DMA1_Channel3_IRQHandler
                0x0800f554                WWDG_IRQHandler
                0x0800f554                LPUART1_IRQHandler
                0x0800f554                DMA2_Channel6_IRQHandler
                0x0800f554                FDCAN1_IT0_IRQHandler
                0x0800f554                TIM2_IRQHandler
                0x0800f554                COMP1_2_3_IRQHandler
                0x0800f554                EXTI1_IRQHandler
                0x0800f554                USART2_IRQHandler
                0x0800f554                I2C2_ER_IRQHandler
                0x0800f554                DMA1_Channel2_IRQHandler
                0x0800f554                TIM8_BRK_IRQHandler
                0x0800f554                FLASH_IRQHandler
                0x0800f554                SPI3_IRQHandler
                0x0800f554                I2C1_ER_IRQHandler
                0x0800f554                LPTIM1_IRQHandler
                0x0800f554                DMAMUX_OVR_IRQHandler
                0x0800f554                USBWakeUp_IRQHandler
                0x0800f554                SAI1_IRQHandler
                0x0800f554                DMA2_Channel3_IRQHandler
                0x0800f554                COMP4_IRQHandler
                0x0800f554                TIM1_BRK_TIM15_IRQHandler
 *fill*         0x0800f556        0x2 
 .text.fmod     0x0800f558       0x6c C:/ProgramData/MATLAB/SupportPackages/R2024b/3P.instrset/gnuarm-armcortex.instrset/win/bin/../lib/gcc/arm-none-eabi/13.2.1/thumb/v7e-m+fp/hard\libm.a(libm_a-w_fmod.o)
                0x0800f558                fmod
 .text.__ieee754_fmod
                0x0800f5c4      0x30c C:/ProgramData/MATLAB/SupportPackages/R2024b/3P.instrset/gnuarm-armcortex.instrset/win/bin/../lib/gcc/arm-none-eabi/13.2.1/thumb/v7e-m+fp/hard\libm.a(libm_a-e_fmod.o)
                0x0800f5c4                __ieee754_fmod
 .text.memset   0x0800f8d0       0x10 C:/ProgramData/MATLAB/SupportPackages/R2024b/3P.instrset/gnuarm-armcortex.instrset/win/bin/../lib/gcc/arm-none-eabi/13.2.1/thumb/v7e-m+fp/hard\libg_nano.a(libc_a-memset.o)
                0x0800f8d0                memset
 .text.__errno  0x0800f8e0        0xc C:/ProgramData/MATLAB/SupportPackages/R2024b/3P.instrset/gnuarm-armcortex.instrset/win/bin/../lib/gcc/arm-none-eabi/13.2.1/thumb/v7e-m+fp/hard\libg_nano.a(libc_a-errno.o)
                0x0800f8e0                __errno
 .text.__libc_init_array
                0x0800f8ec       0x48 C:/ProgramData/MATLAB/SupportPackages/R2024b/3P.instrset/gnuarm-armcortex.instrset/win/bin/../lib/gcc/arm-none-eabi/13.2.1/thumb/v7e-m+fp/hard\libg_nano.a(libc_a-init.o)
                0x0800f8ec                __libc_init_array
 .text.memcpy   0x0800f934       0x1c C:/ProgramData/MATLAB/SupportPackages/R2024b/3P.instrset/gnuarm-armcortex.instrset/win/bin/../lib/gcc/arm-none-eabi/13.2.1/thumb/v7e-m+fp/hard\libg_nano.a(libc_a-memcpy-stub.o)
                0x0800f934                memcpy
 *(.glue_7)
 .glue_7        0x0800f950        0x0 linker stubs
 *(.glue_7t)
 .glue_7t       0x0800f950        0x0 linker stubs
 *(.eh_frame)
 .eh_frame      0x0800f950        0x0 C:/ProgramData/MATLAB/SupportPackages/R2024b/3P.instrset/gnuarm-armcortex.instrset/win/bin/../lib/gcc/arm-none-eabi/13.2.1/thumb/v7e-m+fp/hard/crtbegin.o
 *(.init)
 .init          0x0800f950        0x4 C:/ProgramData/MATLAB/SupportPackages/R2024b/3P.instrset/gnuarm-armcortex.instrset/win/bin/../lib/gcc/arm-none-eabi/13.2.1/thumb/v7e-m+fp/hard/crti.o
                0x0800f950                _init
 .init          0x0800f954        0x8 C:/ProgramData/MATLAB/SupportPackages/R2024b/3P.instrset/gnuarm-armcortex.instrset/win/bin/../lib/gcc/arm-none-eabi/13.2.1/thumb/v7e-m+fp/hard/crtn.o
 *(.fini)
 .fini          0x0800f95c        0x4 C:/ProgramData/MATLAB/SupportPackages/R2024b/3P.instrset/gnuarm-armcortex.instrset/win/bin/../lib/gcc/arm-none-eabi/13.2.1/thumb/v7e-m+fp/hard/crti.o
                0x0800f95c                _fini
 .fini          0x0800f960        0x8 C:/ProgramData/MATLAB/SupportPackages/R2024b/3P.instrset/gnuarm-armcortex.instrset/win/bin/../lib/gcc/arm-none-eabi/13.2.1/thumb/v7e-m+fp/hard/crtn.o
                0x0800f968                        . = ALIGN (0x4)
                0x0800f968                        _etext = .

.vfp11_veneer   0x0800f968        0x0
 .vfp11_veneer  0x0800f968        0x0 linker stubs

.v4_bx          0x0800f968        0x0
 .v4_bx         0x0800f968        0x0 linker stubs

.iplt           0x0800f968        0x0
 .iplt          0x0800f968        0x0 C:/ProgramData/MATLAB/SupportPackages/R2024b/3P.instrset/gnuarm-armcortex.instrset/win/bin/../lib/gcc/arm-none-eabi/13.2.1/thumb/v7e-m+fp/hard/crtbegin.o

.rodata         0x0800f968     0x2a30
                0x0800f968                        . = ALIGN (0x4)
 *(.rodata)
 .rodata        0x0800f968      0x2b9 xcp_ext_mode.o
 *fill*         0x0800fc21        0x3 
 .rodata        0x0800fc24       0x12 micrmouseg.o
 *fill*         0x0800fc36        0x2 
 .rodata        0x0800fc38      0x12e xcp_ext_common.o
 *fill*         0x0800fd66        0x2 
 .rodata        0x0800fd68       0x4c xcp_ext_classic_trigger.o
 .rodata        0x0800fdb4      0x278 xcp.o
 .rodata        0x0801002c      0x3a9 xcp_standard.o
 *fill*         0x080103d5        0x3 
 .rodata        0x080103d8     0x1010 xcp_daq.o
 .rodata        0x080113e8       0xdd xcp_calibration.o
 *fill*         0x080114c5        0x3 
 .rodata        0x080114c8      0x56e xcp_transport.o
 *fill*         0x08011a36        0x2 
 .rodata        0x08011a38       0xf5 xcp_mem_default.o
 *fill*         0x08011b2d        0x3 
 .rodata        0x08011b30      0x228 xcp_drv_rtiostream.o
 .rodata        0x08011d58      0x4aa xcp_frame_serial.o
 *(.rodata*)
 *fill*         0x08012202        0x2 
 .rodata.micrmouseg_M
                0x08012204        0x4 micrmouseg.o
                0x08012204                micrmouseg_M
 .rodata.rtAlwaysEnabled.0
                0x08012208        0x1 micrmouseg.o
 *fill*         0x08012209        0x3 
 .rodata.standardSupportedRxPacket
                0x0801220c       0x54 xcp_standard.o
 .rodata.daqSupportedRxPacket
                0x08012260       0x9c xcp_daq.o
 .rodata.calibrationSupportedRxPacket
                0x080122fc       0x18 xcp_calibration.o
 .rodata.CHANNEL_OFFSET_TAB
                0x08012314        0x6 stm_usart.o
 *fill*         0x0801231a        0x2 
 .rodata.OFFSET_TAB_CCMRx
                0x0801231c        0xa tim.o
 *fill*         0x08012326        0x2 
 .rodata.SHIFT_TAB_OCxx
                0x08012328        0xa tim.o
 *fill*         0x08012332        0x2 
 .rodata.CHANNEL_OFFSET_TAB
                0x08012334        0x6 usart.o
 *fill*         0x0801233a        0x2 
 .rodata.USART_PRESCALER_TAB
                0x0801233c       0x30 stm32g4xx_ll_usart.o
 .rodata.AHBPrescTable
                0x0801236c       0x10 system_stm32g4xx.o
                0x0801236c                AHBPrescTable
 .rodata.APBPrescTable
                0x0801237c        0x8 system_stm32g4xx.o
                0x0801237c                APBPrescTable
 *fill*         0x08012384        0x4 
 .rodata.Zero   0x08012388       0x10 C:/ProgramData/MATLAB/SupportPackages/R2024b/3P.instrset/gnuarm-armcortex.instrset/win/bin/../lib/gcc/arm-none-eabi/13.2.1/thumb/v7e-m+fp/hard\libm.a(libm_a-e_fmod.o)
                0x08012398                        . = ALIGN (0x4)

.ARM.extab      0x08012398        0x0
                0x08012398                        . = ALIGN (0x4)
 *(.ARM.extab* .gnu.linkonce.armextab.*)
                0x08012398                        . = ALIGN (0x4)

.ARM            0x08012398        0x0
                0x08012398                        . = ALIGN (0x4)
                0x08012398                        __exidx_start = .
 *(.ARM.exidx*)
                0x08012398                        __exidx_end = .
                0x08012398                        . = ALIGN (0x4)

.preinit_array  0x08012398        0x0
                0x08012398                        . = ALIGN (0x4)
                0x08012398                        PROVIDE (__preinit_array_start = .)
 *(.preinit_array*)
                0x08012398                        PROVIDE (__preinit_array_end = .)
                0x08012398                        . = ALIGN (0x4)

.init_array     0x08012398        0x4
                0x08012398                        . = ALIGN (0x4)
                0x08012398                        PROVIDE (__init_array_start = .)
 *(SORT_BY_NAME(.init_array.*))
 *(.init_array*)
 .init_array    0x08012398        0x4 C:/ProgramData/MATLAB/SupportPackages/R2024b/3P.instrset/gnuarm-armcortex.instrset/win/bin/../lib/gcc/arm-none-eabi/13.2.1/thumb/v7e-m+fp/hard/crtbegin.o
                0x0801239c                        PROVIDE (__init_array_end = .)
                0x0801239c                        . = ALIGN (0x4)

.fini_array     0x0801239c        0x4
                0x0801239c                        . = ALIGN (0x4)
                [!provide]                        PROVIDE (__fini_array_start = .)
 *(SORT_BY_NAME(.fini_array.*))
 *(.fini_array*)
 .fini_array    0x0801239c        0x4 C:/ProgramData/MATLAB/SupportPackages/R2024b/3P.instrset/gnuarm-armcortex.instrset/win/bin/../lib/gcc/arm-none-eabi/13.2.1/thumb/v7e-m+fp/hard/crtbegin.o
                [!provide]                        PROVIDE (__fini_array_end = .)
                0x080123a0                        . = ALIGN (0x4)
                0x080123a0                        _sidata = LOADADDR (.data)

.rel.dyn        0x080123a0        0x0
 .rel.iplt      0x080123a0        0x0 C:/ProgramData/MATLAB/SupportPackages/R2024b/3P.instrset/gnuarm-armcortex.instrset/win/bin/../lib/gcc/arm-none-eabi/13.2.1/thumb/v7e-m+fp/hard/crtbegin.o

.data           0x20000000       0xe4 load address 0x080123a0
                0x20000000                        . = ALIGN (0x4)
                0x20000000                        _sdata = .
 *(.data)
 *(.data*)
 .data.xcpExtmodeFinalSimulationTime
                0x20000000        0x8 xcp_ext_common.o
                0x20000000                xcpExtmodeFinalSimulationTime
 .data.xcpClassicTriggerDuration
                0x20000008        0x4 xcp_ext_classic_trigger.o
                0x20000008                xcpClassicTriggerDuration
 .data.xcpClassicTriggerArmRequest
                0x2000000c        0x1 xcp_ext_classic_trigger.o
                0x2000000c                xcpClassicTriggerArmRequest
 *fill*         0x2000000d        0x3 
 .data.startStopDaqListId
                0x20000010        0x4 xcp_daq.o
 .data.xcpCurrentDaq
                0x20000014        0x4 xcp_daq.o
 .data.xcpEventCustomMemoryManager
                0x20000018        0xc xcp_daq.o
 .data.xcpCtoReservedMemPoolId
                0x20000024        0x4 xcp_transport.o
 .data.xcpMemMainBlockSizes
                0x20000028        0xc xcp_mem_default.o
 .data.xcpMemMainBlocksNumber
                0x20000034        0xc xcp_mem_default.o
 .data.drvID    0x20000040        0x4 xcp_drv_rtiostream.o
 .data.xcpCtoReservedMemPoolId
                0x20000044        0x4 xcp_frame_serial.o
 .data.uartObj  0x20000048       0x40 rtiostream_serial.o
                0x20000048                uartObj
 .data.uwTickPrio
                0x20000088        0x4 stm32g4xx_hal.o
                0x20000088                uwTickPrio
 .data.uwTickFreq
                0x2000008c        0x4 stm32g4xx_hal.o
                0x2000008c                uwTickFreq
 .data.SystemCoreClock
                0x20000090        0x4 system_stm32g4xx.o
                0x20000090                SystemCoreClock
 .data._impure_ptr
                0x20000094        0x4 C:/ProgramData/MATLAB/SupportPackages/R2024b/3P.instrset/gnuarm-armcortex.instrset/win/bin/../lib/gcc/arm-none-eabi/13.2.1/thumb/v7e-m+fp/hard\libg_nano.a(libc_a-impure.o)
                0x20000094                _impure_ptr
 .data._impure_data
                0x20000098       0x4c C:/ProgramData/MATLAB/SupportPackages/R2024b/3P.instrset/gnuarm-armcortex.instrset/win/bin/../lib/gcc/arm-none-eabi/13.2.1/thumb/v7e-m+fp/hard\libg_nano.a(libc_a-impure.o)
                0x20000098                _impure_data
 *(.RamFunc)
 *(.RamFunc*)
                0x200000e4                        . = ALIGN (0x4)
                0x200000e4                        _edata = .

.tm_clone_table
                0x200000e4        0x0 load address 0x08012484
 .tm_clone_table
                0x200000e4        0x0 C:/ProgramData/MATLAB/SupportPackages/R2024b/3P.instrset/gnuarm-armcortex.instrset/win/bin/../lib/gcc/arm-none-eabi/13.2.1/thumb/v7e-m+fp/hard/crtbegin.o
 .tm_clone_table
                0x200000e4        0x0 C:/ProgramData/MATLAB/SupportPackages/R2024b/3P.instrset/gnuarm-armcortex.instrset/win/bin/../lib/gcc/arm-none-eabi/13.2.1/thumb/v7e-m+fp/hard/crtend.o

.igot.plt       0x200000e4        0x0 load address 0x08012484
 .igot.plt      0x200000e4        0x0 C:/ProgramData/MATLAB/SupportPackages/R2024b/3P.instrset/gnuarm-armcortex.instrset/win/bin/../lib/gcc/arm-none-eabi/13.2.1/thumb/v7e-m+fp/hard/crtbegin.o
                0x200000e4                        . = ALIGN (0x4)

.bss            0x200000e8     0x1868 load address 0x08012484
                0x200000e8                        _sbss = .
                0x200000e8                        __bss_start__ = _sbss
 *(.bss)
 *(.bss*)
 .bss.completed.1
                0x200000e8        0x1 C:/ProgramData/MATLAB/SupportPackages/R2024b/3P.instrset/gnuarm-armcortex.instrset/win/bin/../lib/gcc/arm-none-eabi/13.2.1/thumb/v7e-m+fp/hard/crtbegin.o
 *fill*         0x200000e9        0x3 
 .bss.object.0  0x200000ec       0x18 C:/ProgramData/MATLAB/SupportPackages/R2024b/3P.instrset/gnuarm-armcortex.instrset/win/bin/../lib/gcc/arm-none-eabi/13.2.1/thumb/v7e-m+fp/hard/crtbegin.o
 .bss.mw_tim1   0x20000104       0x8c stm_timer_ll.o
                0x20000104                mw_tim1
 .bss.mw_tim16  0x20000190       0x8c stm_timer_ll.o
                0x20000190                mw_tim16
 .bss.xcpCustomTriggerFunction
                0x2000021c        0x8 xcp_ext_mode.o
 .bss.IsrOverrun
                0x20000224        0x4 ert_main.o
                0x20000224                IsrOverrun
 .bss.OverrunFlag
                0x20000228        0x1 ert_main.o
 .bss.stopRequested
                0x20000229        0x1 ert_main.o
                0x20000229                stopRequested
 .bss.runModel  0x2000022a        0x1 ert_main.o
                0x2000022a                runModel
 *fill*         0x2000022b        0x5 
 .bss.currentTime
                0x20000230        0x8 micrmouseg.o
                0x20000230                currentTime
 .bss.micrmouseg_B
                0x20000238       0x20 micrmouseg.o
                0x20000238                micrmouseg_B
 .bss.micrmouseg_DW
                0x20000258       0x68 micrmouseg.o
                0x20000258                micrmouseg_DW
 .bss.micrmouseg_Y
                0x200002c0       0x10 micrmouseg.o
                0x200002c0                micrmouseg_Y
 .bss.micrmouseg_M_
                0x200002d0      0x178 micrmouseg.o
 .bss.rt_ExtModeInfo.2
                0x20000448       0x14 micrmouseg.o
 .bss.systemRan.1
                0x2000045c       0x34 micrmouseg.o
 .bss.xcpModelStartRequest
                0x20000490        0x1 xcp_ext_common.o
                0x20000490                xcpModelStartRequest
 .bss.xcpModelStopRequest
                0x20000491        0x1 xcp_ext_common.o
                0x20000491                xcpModelStopRequest
 .bss.xcpModelStatus
                0x20000492        0x1 xcp_ext_common.o
                0x20000492                xcpModelStatus
 *fill*         0x20000493        0x1 
 .bss.xcpModelChecksum0
                0x20000494        0x4 xcp_ext_common.o
                0x20000494                xcpModelChecksum0
 .bss.xcpModelChecksum1
                0x20000498        0x4 xcp_ext_common.o
                0x20000498                xcpModelChecksum1
 .bss.xcpModelChecksum2
                0x2000049c        0x4 xcp_ext_common.o
                0x2000049c                xcpModelChecksum2
 .bss.xcpModelChecksum3
                0x200004a0        0x4 xcp_ext_common.o
                0x200004a0                xcpModelChecksum3
 .bss.xcpModelIntegerCode
                0x200004a4        0x4 xcp_ext_common.o
                0x200004a4                xcpModelIntegerCode
 .bss.xcpExtmodeSimulationComplete
                0x200004a8        0x1 xcp_ext_common.o
                0x200004a8                xcpExtmodeSimulationComplete
 *fill*         0x200004a9        0x7 
 .bss.xcpDummyDoubleVariable
                0x200004b0        0x8 xcp_ext_common.o
                0x200004b0                xcpDummyDoubleVariable
 .bss.xcpDummyUint64Variable
                0x200004b8        0x8 xcp_ext_common.o
                0x200004b8                xcpDummyUint64Variable
 .bss.xcpCurrentSimulationTimeInMs
                0x200004c0        0x8 xcp_ext_common.o
                0x200004c0                xcpCurrentSimulationTimeInMs
 .bss.xcpBaseRateSimulationTime
                0x200004c8        0x8 xcp_ext_common.o
 .bss.xcpClassicTriggerEventId
                0x200004d0        0x2 xcp_ext_classic_trigger.o
                0x200004d0                xcpClassicTriggerEventId
 *fill*         0x200004d2        0x2 
 .bss.xcpClassicTriggerSignalAddress
                0x200004d4        0x4 xcp_ext_classic_trigger.o
                0x200004d4                xcpClassicTriggerSignalAddress
 .bss.xcpClassicTriggerSignalAddressExtension
                0x200004d8        0x1 xcp_ext_classic_trigger.o
                0x200004d8                xcpClassicTriggerSignalAddressExtension
 *fill*         0x200004d9        0x7 
 .bss.xcpClassicTriggerLevel
                0x200004e0        0x8 xcp_ext_classic_trigger.o
                0x200004e0                xcpClassicTriggerLevel
 .bss.xcpClassicTriggerHoldOff
                0x200004e8        0x4 xcp_ext_classic_trigger.o
                0x200004e8                xcpClassicTriggerHoldOff
 .bss.xcpClassicTriggerDelay
                0x200004ec        0x4 xcp_ext_classic_trigger.o
                0x200004ec                xcpClassicTriggerDelay
 .bss.xcpClassicTriggerDirection
                0x200004f0        0x1 xcp_ext_classic_trigger.o
                0x200004f0                xcpClassicTriggerDirection
 .bss.xcpClassicTriggerCancelRequest
                0x200004f1        0x1 xcp_ext_classic_trigger.o
                0x200004f1                xcpClassicTriggerCancelRequest
 .bss.xcpClassicTriggerSource
                0x200004f2        0x1 xcp_ext_classic_trigger.o
                0x200004f2                xcpClassicTriggerSource
 .bss.xcpClassicTriggerMode
                0x200004f3        0x1 xcp_ext_classic_trigger.o
                0x200004f3                xcpClassicTriggerMode
 .bss.xcpClassicTriggerStatus
                0x200004f4        0x1 xcp_ext_classic_trigger.o
                0x200004f4                xcpClassicTriggerStatus
 *fill*         0x200004f5        0x3 
 .bss.xcpOldSignalValue
                0x200004f8        0x8 xcp_ext_classic_trigger.o
 .bss.xcpOldSignalValueAvailable
                0x20000500        0x1 xcp_ext_classic_trigger.o
 .bss.xcpOldClassicTriggerSource
                0x20000501        0x1 xcp_ext_classic_trigger.o
 .bss.xcpTriggerEnabled
                0x20000502        0x1 xcp_ext_classic_trigger.o
 .bss.xcpSignalTriggerFired
                0x20000503        0x1 xcp_ext_classic_trigger.o
 .bss.xcpTriggerCount
                0x20000504        0x4 xcp_ext_classic_trigger.o
 .bss.xcpForcedTriggerEnabled
                0x20000508        0x1 xcp_ext_classic_trigger.o
 .bss.xcpForceTriggerEnableRequest
                0x20000509        0x1 xcp_ext_classic_trigger.o
 .bss.initialized
                0x2000050a        0x1 xcp.o
 .bss.xcpStatus
                0x2000050b        0x1 xcp.o
 .bss.xcpSessionStatus
                0x2000050c        0x1 xcp.o
 .bss.xcpResourceProtectionStatus
                0x2000050d        0x1 xcp.o
 .bss.xcpSessionConfigurationId
                0x2000050e        0x2 xcp.o
 .bss.groupPacketLookup
                0x20000510       0x10 xcp.o
 .bss.xcpMta    0x20000520        0x8 xcp_standard.o
 .bss.xcpUploadSize
                0x20000528        0x1 xcp_standard.o
 *fill*         0x20000529        0x3 
 .bss.packetLookup
                0x2000052c        0x4 xcp_standard.o
 .bss.xcpDynamicDaqLists
                0x20000530        0x8 xcp_daq.o
 .bss.xcpRunningEventCounter
                0x20000538        0x4 xcp_daq.o
 .bss.daqLock   0x2000053c        0x4 xcp_daq.o
 .bss.packetLookup
                0x20000540        0x4 xcp_daq.o
 .bss.packetLookup
                0x20000544        0x4 xcp_calibration.o
 .bss.txFifo    0x20000548       0x10 xcp_transport.o
 .bss.txLock    0x20000558        0x4 xcp_transport.o
 .bss.rxFifo    0x2000055c        0x8 xcp_transport.o
 .bss.rxLock    0x20000564        0x4 xcp_transport.o
 .bss.initialized
                0x20000568        0x1 xcp_transport.o
 *fill*         0x20000569        0x3 
 .bss.xcpMemPoolDescriptors
                0x2000056c       0xc0 xcp_mem_default.o
 .bss.xcpMemCustomPoolDescriptors
                0x2000062c        0x8 xcp_mem_default.o
 .bss.xcpMemMainChunk
                0x20000634      0x3a7 xcp_mem_default.o
 *fill*         0x200009db        0x1 
 .bss.xcpMemReservedPoolsChunk
                0x200009dc      0x571 xcp_mem_default.o
 *fill*         0x20000f4d        0x3 
 .bss.xcpMemReservedPoolsChunkUsedBytes
                0x20000f50        0x4 xcp_mem_default.o
 .bss.xcpMemLock
                0x20000f54        0x4 xcp_mem_default.o
 .bss.forceBlocking
                0x20000f58        0x1 xcp_drv_rtiostream.o
 *fill*         0x20000f59        0x1 
 .bss.txCounter
                0x20000f5a        0x2 xcp_frame_serial.o
 .bss.rxCounter
                0x20000f5c        0x2 xcp_frame_serial.o
 *fill*         0x20000f5e        0x2 
 .bss.firstRxCounterReceived
                0x20000f60        0x4 xcp_frame_serial.o
 .bss.initialized
                0x20000f64        0x1 xcp_frame_serial.o
 *fill*         0x20000f65        0x3 
 .bss.timestampInitialized
                0x20000f68        0x4 platform_timer.o
 .bss.timestampStartTime
                0x20000f6c        0x4 platform_timer.o
 .bss.schdl_counter
                0x20000f70        0x4 SysTickScheduler.o
                0x20000f70                schdl_counter
 .bss.schdl_counter_max
                0x20000f74        0x4 SysTickScheduler.o
                0x20000f74                schdl_counter_max
 .bss.taskToSchedule
                0x20000f78        0x4 m3m4m4f_multitasking.o
                0x20000f78                taskToSchedule
 .bss.mw_ext_h  0x20000f7c        0x4 rtiostream_serial.o
                0x20000f7c                mw_ext_h
 .bss.UARTTxBuffer
                0x20000f80        0x4 rtiostream_serial.o
                0x20000f80                UARTTxBuffer
 .bss.UARTRxBuffer
                0x20000f84        0x4 rtiostream_serial.o
                0x20000f84                UARTRxBuffer
 .bss.mw_usart1
                0x20000f88       0x40 stm_usart.o
                0x20000f88                mw_usart1
 .bss.USART1ReceiveBuffer
                0x20000fc8      0x400 stm_usart.o
                0x20000fc8                USART1ReceiveBuffer
 .bss.USART1TransmitBuffer
                0x200013c8      0x400 stm_usart.o
                0x200013c8                USART1TransmitBuffer
 .bss.htim6     0x200017c8       0x4c stm32g4xx_hal_timebase_tim.o
                0x200017c8                htim6
 .bss.uwTick    0x20001814        0x4 stm32g4xx_hal.o
                0x20001814                uwTick
 .bss.__sf      0x20001818      0x138 C:/ProgramData/MATLAB/SupportPackages/R2024b/3P.instrset/gnuarm-armcortex.instrset/win/bin/../lib/gcc/arm-none-eabi/13.2.1/thumb/v7e-m+fp/hard\libg_nano.a(libc_a-findfp.o)
                0x20001818                __sf
 *(COMMON)
                0x20001950                        . = ALIGN (0x4)
                0x20001950                        _ebss = .
                0x20001950                        __bss_end__ = _ebss

._user_heap_stack
                0x20001950      0x600 load address 0x08012484
                0x20001950                        . = ALIGN (0x8)
                [!provide]                        PROVIDE (end = .)
                0x20001950                        PROVIDE (_end = .)
                0x20001b50                        . = (. + _Min_Heap_Size)
 *fill*         0x20001950      0x200 
                0x20001f50                        . = (. + _Min_Stack_Size)
 *fill*         0x20001b50      0x400 
                0x20001f50                        . = ALIGN (0x8)

/DISCARD/
 libc.a(*)
 libm.a(*)
 libgcc.a(*)

.ARM.attributes
                0x00000000       0x30
 *(.ARM.attributes)
 .ARM.attributes
                0x00000000       0x22 C:/ProgramData/MATLAB/SupportPackages/R2024b/3P.instrset/gnuarm-armcortex.instrset/win/bin/../lib/gcc/arm-none-eabi/13.2.1/thumb/v7e-m+fp/hard/crti.o
 .ARM.attributes